
=== building nc2_d3_1_electrolytes ===
    footage[b01]: pexels #6390168 (28s) <- 'person sweating workout gym water bottle'
  b01/5  5.0s  (running total 5.0s)  Plain water alone sometimes isn't enough afte
    footage[b02]: pexels #30243448 (41s) <- 'sports drink electrolytes pouring glass'
  b02/5  4.8s  (running total 9.8s)  Sweat carries out sodium and potassium, not j
    footage[b03]: pexels #30243555 (36s) <- 'salt shaker kitchen closeup'
  b03/5  4.5s  (running total 14.3s)  A pinch of salt or an electrolyte mix can hel
    footage[b04]: pexels #37790388 (38s) <- 'person walking outdoors sunny park'
  b04/5  4.5s  (running total 18.8s)  For a normal walk, water alone is usually ple
    footage[b05]: pexels #30157090 (26s) <- 'athlete resting after workout outdoor'
  b05/5  2.7s  (running total 21.6s)  Match the fix to the sweat.

=> C:\Users\Mamun\fb-ig-automation\images\health_reels_cadence2\nc2_d3_1_electrolytes.mp4  total narration ~21.6s
  uploading nc2_d3_1_electrolytes to public asset repo for IG...
  queued nc2_d3_1_electrolytes for 2026-08-13T01:00:00+00:00

=== building nc2_d3_2_protein_timing ===
    footage[b01]: pexels #34621045 (17s) <- 'healthy meal chicken eggs plate table'
  b01/5  4.5s  (running total 4.5s)  Spreading protein across the day beats one bi
    footage[b02]: pexels #6707753 (29s) <- 'person eating healthy meal kitchen'
  b02/5  4.0s  (running total 8.5s)  Your body can only use so much protein at onc
    footage[b03]: pexels #8106325 (8s) <- 'breakfast eggs yogurt table morning'
  b03/5  4.3s  (running total 12.8s)  A little at breakfast, lunch, and dinner work
    footage[b04]: pexels #7121282 (13s) <- 'variety healthy protein foods flat lay'
  b04/5  4.3s  (running total 17.1s)  Eggs, yogurt, beans, fish, chicken — spread t
    footage[b05]: pexels #6645820 (26s) <- 'healthy dinner plate closeup'
  b05/5  3.1s  (running total 20.2s)  Spread it out. Don't stack it up.

=> C:\Users\Mamun\fb-ig-automation\images\health_reels_cadence2\nc2_d3_2_protein_timing.mp4  total narration ~20.2s
  uploading nc2_d3_2_protein_timing to public asset repo for IG...
  queued nc2_d3_2_protein_timing for 2026-08-13T04:00:00+00:00

=== building nc2_d3_3_magnesium_sleep ===
    footage[b01]: pexels #7592098 (23s) <- 'person lying in bed unable to sleep'
  b01/5  4.5s  (running total 4.5s)  Struggling to wind down at night? Check your 
    footage[b02]: pexels #18940113 (15s) <- 'almonds nuts seeds bowl healthy'
  b02/5  5.0s  (running total 9.5s)  Magnesium helps your nervous system shift int
    footage[b03]: pexels #4443540 (5s) <- 'leafy greens spinach fresh vegetables'
  b03/5  5.2s  (running total 14.7s)  Nuts, seeds, leafy greens, and beans are natu
    footage[b04]: pexels #30912266 (16s) <- 'peaceful bedroom night lamp cozy'
  b04/5  4.0s  (running total 18.7s)  It won't fix everything, but it's worth check
    footage[b05]: pexels #6598884 (14s) <- 'person sleeping peacefully bed night'
  b05/5  3.0s  (running total 21.7s)  Small mineral, real effect.

=> C:\Users\Mamun\fb-ig-automation\images\health_reels_cadence2\nc2_d3_3_magnesium_sleep.mp4  total narration ~21.7s
  uploading nc2_d3_3_magnesium_sleep to public asset repo for IG...
  queued nc2_d3_3_magnesium_sleep for 2026-08-13T10:00:00+00:00

=== building nc2_d3_4_blue_light_night ===
    footage[b01]: pexels #7214644 (11s) <- 'person using phone in bed dark room'
  b01/5  4.3s  (running total 4.3s)  Scrolling in bed keeps your brain thinking it
    footage[b02]: pexels #6611940 (34s) <- 'phone screen glowing dark room'
  b02/5  4.8s  (running total 9.1s)  Bright screens suppress the melatonin that si
    footage[b03]: pexels #7592094 (22s) <- 'person reading book cozy lamp night'
  b03/5  4.1s  (running total 13.2s)  A 30-minute screen-free wind-down helps it ca
    footage[b04]: pexels #30912266 (16s) <- 'warm dim bedroom lamp cozy evening'
  b04/5  4.3s  (running total 17.5s)  Dimming lights an hour before bed helps even 
    footage[b05]: pexels #28048582 (16s) <- 'nightstand lamp book phone bedroom'
  b05/5  2.9s  (running total 20.4s)  Dim it down. Put it away.

=> C:\Users\Mamun\fb-ig-automation\images\health_reels_cadence2\nc2_d3_4_blue_light_night.mp4  total narration ~20.4s
  uploading nc2_d3_4_blue_light_night to public asset repo for IG...
  queued nc2_d3_4_blue_light_night for 2026-08-13T16:00:00+00:00

=== building nc2_d3_5_wrist_ergonomics ===
    footage[b01]: pexels #7055539 (19s) <- 'person typing computer keyboard desk'
  b01/5  4.7s  (running total 4.7s)  That mouse hand tingling? Your wrist angle mi
    footage[b02]: pexels #8480685 (38s) <- 'close up hands typing keyboard office'
  b02/5  3.9s  (running total 8.6s)  A bent-up wrist for hours adds real strain.
    footage[b03]: pexels #38055594 (30s) <- 'ergonomic desk setup office hands'
  b03/5  4.0s  (running total 12.7s)  Keep your wrist straight and neutral, not ang
    footage[b04]: pexels #4167404 (19s) <- 'office desk setup mouse keyboard'
  b04/5  4.1s  (running total 16.8s)  A wrist rest or lower desk can make the fix e
    footage[b05]: pexels #31663997 (27s) <- 'person working at desk computer'
  b05/5  2.8s  (running total 19.6s)  Straighten it out. Today.

=> C:\Users\Mamun\fb-ig-automation\images\health_reels_cadence2\nc2_d3_5_wrist_ergonomics.mp4  total narration ~19.6s
  uploading nc2_d3_5_wrist_ergonomics to public asset repo for IG...
  queued nc2_d3_5_wrist_ergonomics for 2026-08-13T19:00:00+00:00

=== building nc2_d3_6_vitamin_d_sun ===
    footage[b01]: pexels #37471478 (44s) <- 'person walking outside sunshine happy'
  b01/5  4.3s  (running total 4.3s)  Your skin makes vitamin D from sunlight itsel
    footage[b02]: pexels #35457952 (48s) <- 'sunlight through trees park bright day'
  b02/5  4.1s  (running total 8.4s)  Just 10 to 15 minutes of midday sun can help.
    footage[b03]: pexels #7592536 (28s) <- 'salmon fish healthy food plate'
  b03/5  5.2s  (running total 13.6s)  Indoors all day? Food sources and supplements
    footage[b04]: pexels #8809585 (26s) <- 'person stretching outdoors morning sunlight'
  b04/5  4.2s  (running total 17.8s)  It matters for bones, mood, and immune health
    footage[b05]: pexels #7299370 (15s) <- 'person enjoying sunshine outdoors park'
  b05/5  3.3s  (running total 21.1s)  Step outside for a few minutes today.

=> C:\Users\Mamun\fb-ig-automation\images\health_reels_cadence2\nc2_d3_6_vitamin_d_sun.mp4  total narration ~21.1s
  uploading nc2_d3_6_vitamin_d_sun to public asset repo for IG...
  queued nc2_d3_6_vitamin_d_sun for 2026-08-13T22:00:00+00:00

=== building nc2_d4_1_probiotics_basics ===
    footage[b01]: pexels #8106325 (8s) <- 'yogurt bowl healthy breakfast fruit'
  b01/5  4.0s  (running total 4.0s)  Not all gut bacteria are something to avoid.
    footage[b02]: pexels #20692146 (36s) <- 'fermented foods yogurt kimchi table'
  b02/5  4.6s  (running total 8.6s)  Good bacteria help digest food and support im
    footage[b03]: pexels #6664521 (50s) <- 'fermented vegetables jar kitchen'
  b03/5  5.2s  (running total 13.9s)  Yogurt, kefir, kimchi, and sauerkraut are nat
    footage[b04]: pexels #13040994 (33s) <- 'person eating yogurt breakfast bowl'
  b04/5  3.8s  (running total 17.7s)  A little, often, beats a lot occasionally.
    footage[b05]: pexels #5945050 (24s) <- 'healthy breakfast table yogurt fruit'
  b05/5  2.7s  (running total 20.3s)  Feed the good bacteria.

=> C:\Users\Mamun\fb-ig-automation\images\health_reels_cadence2\nc2_d4_1_probiotics_basics.mp4  total narration ~20.3s
  uploading nc2_d4_1_probiotics_basics to public asset repo for IG...
  queued nc2_d4_1_probiotics_basics for 2026-08-14T01:00:00+00:00

=== building nc2_d4_2_fiber_fullness ===
    footage[b01]: pexels #4081568 (6s) <- 'fresh vegetables salad colorful bowl'
  b01/5  3.6s  (running total 3.6s)  Fiber does more than just keep you regular.
    footage[b02]: pexels #3694912 (33s) <- 'person eating salad healthy lunch'
  b02/5  4.3s  (running total 8.0s)  It slows digestion, keeping you fuller for lo
    footage[b03]: pexels #8581284 (11s) <- 'whole grains oats beans healthy food'
  b03/5  3.6s  (running total 11.6s)  Most adults fall short of the daily target.
    footage[b04]: pexels #28908870 (31s) <- 'fruit vegetables fresh market colorful'
  b04/5  5.0s  (running total 16.6s)  Beans, oats, fruit with the skin on, and vege
    footage[b05]: pexels #6595450 (21s) <- 'healthy meal prep vegetables kitchen'
  b05/5  3.1s  (running total 19.7s)  Add one fiber-rich food today.

=> C:\Users\Mamun\fb-ig-automation\images\health_reels_cadence2\nc2_d4_2_fiber_fullness.mp4  total narration ~19.7s
  uploading nc2_d4_2_fiber_fullness to public asset repo for IG...
  queued nc2_d4_2_fiber_fullness for 2026-08-14T04:00:00+00:00

=== building nc2_d4_3_mindful_eating ===
    footage[b01]: pexels #7579799 (32s) <- 'person eating watching tv distracted'
  b01/5  4.2s  (running total 4.2s)  Eating in front of a screen changes how much 
    footage[b02]: pexels #6336754 (34s) <- 'person eating phone distracted table'
  b02/5  4.2s  (running total 8.4s)  Distracted eating makes it harder to notice y
    footage[b03]: pexels #3198217 (17s) <- 'family eating dinner table together'
  b03/5  4.0s  (running total 12.3s)  Studies link it to eating more without realiz
    footage[b04]: pexels #6327763 (55s) <- 'person enjoying meal mindfully table'
  b04/5  4.8s  (running total 17.1s)  Even a few screen-free meals a week can help 
    footage[b05]: pexels #12691873 (19s) <- 'healthy meal table no phone'
  b05/5  3.5s  (running total 20.6s)  Put the phone down. Just for this meal.

=> C:\Users\Mamun\fb-ig-automation\images\health_reels_cadence2\nc2_d4_3_mindful_eating.mp4  total narration ~20.6s
  uploading nc2_d4_3_mindful_eating to public asset repo for IG...
  queued nc2_d4_3_mindful_eating for 2026-08-14T10:00:00+00:00

=== building nc2_d4_4_cold_exposure ===
    footage[b01]: pexels #6810588 (14s) <- 'shower water running bathroom'
  b01/5  4.7s  (running total 4.7s)  A cold shower blast can genuinely wake up you
    footage[b02]: pexels #6666900 (7s) <- 'person showering bathroom morning'
  b02/5  4.7s  (running total 9.5s)  Even 30 seconds of cold water has a real effe
    footage[b03]: pexels #7226846 (30s) <- 'person energized morning stretching'
  b03/5  4.8s  (running total 14.3s)  It can boost alertness, and some people find 
    footage[b04]: pexels #6666900 (7s) <- 'bathroom shower steam water'
  b04/5  4.2s  (running total 18.6s)  You don't need an ice bath, just end your sho
    footage[b05]: pexels #5240831 (36s) <- 'person refreshed morning bathroom'
  b05/5  3.3s  (running total 21.9s)  Try 30 seconds tomorrow morning.

=> C:\Users\Mamun\fb-ig-automation\images\health_reels_cadence2\nc2_d4_4_cold_exposure.mp4  total narration ~21.9s
  uploading nc2_d4_4_cold_exposure to public asset repo for IG...
  queued nc2_d4_4_cold_exposure for 2026-08-14T16:00:00+00:00

=== building nc2_d4_5_bedtime_stretch ===
    footage[b01]: pexels #6446189 (21s) <- 'person stretching bedroom evening calm'
  b01/5  4.7s  (running total 4.7s)  A few slow stretches before bed can ease you 
    footage[b02]: pexels #7155313 (15s) <- 'person doing gentle yoga stretch home'
  b02/5  3.7s  (running total 8.3s)  It signals your nervous system to downshift.
    footage[b03]: pexels #6583022 (19s) <- 'person relaxing yoga mat evening'
  b03/5  4.6s  (running total 12.9s)  Neck rolls, forward folds, and deep breaths w
    footage[b04]: pexels #30912266 (16s) <- 'cozy bedroom evening relaxation'
  b04/5  3.9s  (running total 16.8s)  Five minutes is genuinely enough to matter.
    footage[b05]: pexels #6446189 (21s) <- 'peaceful bedroom night stretching'
  b05/5  2.8s  (running total 19.6s)  Five minutes. Tonight.

=> C:\Users\Mamun\fb-ig-automation\images\health_reels_cadence2\nc2_d4_5_bedtime_stretch.mp4  total narration ~19.6s
  uploading nc2_d4_5_bedtime_stretch to public asset repo for IG...
  queued nc2_d4_5_bedtime_stretch for 2026-08-14T19:00:00+00:00

=== building nc2_d4_6_hearing_protection ===
    footage[b01]: pexels #6686512 (28s) <- 'person wearing headphones listening music'
  b01/5  4.8s  (running total 4.8s)  Loud headphones can quietly damage your heari
    footage[b02]: pexels #6686337 (21s) <- 'headphones earbuds closeup'
  b02/5  4.1s  (running total 8.9s)  Hearing loss from noise is usually permanent.
    footage[b03]: pexels #35175476 (35s) <- 'person listening music headphones outdoor'
  b03/5  4.2s  (running total 13.1s)  A rough rule: if others can hear it, it's too
    footage[b04]: pexels #38410501 (21s) <- 'smartphone music app volume'
  b04/5  6.1s  (running total 19.2s)  The 60/60 rule helps: 60 percent volume, 60 m
    footage[b05]: pexels #5703805 (24s) <- 'person relaxing music headphones'
  b05/5  2.4s  (running total 21.6s)  Turn it down a notch.

=> C:\Users\Mamun\fb-ig-automation\images\health_reels_cadence2\nc2_d4_6_hearing_protection.mp4  total narration ~21.6s
  uploading nc2_d4_6_hearing_protection to public asset repo for IG...
  queued nc2_d4_6_hearing_protection for 2026-08-14T22:00:00+00:00

=== building nc2_d5_1_hand_washing ===
    footage[b01]: pexels #6004996 (17s) <- 'person washing hands sink soap'
  b01/5  4.2s  (running total 4.2s)  Most people wash their hands for way less tha
    footage[b02]: pexels #7815524 (21s) <- 'hands soap bubbles washing closeup'
  b02/5  4.6s  (running total 8.9s)  The real target is about 20 seconds, not a qu
    footage[b03]: pexels #6337124 (22s) <- 'bathroom sink washing hands water'
  b03/5  3.9s  (running total 12.8s)  That's roughly singing happy birthday twice t
    footage[b04]: pexels #6004996 (17s) <- 'hand washing thorough soap water'
  b04/5  4.2s  (running total 16.9s)  Don't forget thumbs, wrists, and between fing
    footage[b05]: pexels #7171015 (44s) <- 'clean hands drying towel bathroom'
  b05/5  3.2s  (running total 20.1s)  20 seconds. Every time.

=> C:\Users\Mamun\fb-ig-automation\images\health_reels_cadence2\nc2_d5_1_hand_washing.mp4  total narration ~20.1s
  uploading nc2_d5_1_hand_washing to public asset repo for IG...
  queued nc2_d5_1_hand_washing for 2026-08-15T01:00:00+00:00

=== building nc2_d5_2_cold_vs_flu ===
    footage[b01]: pexels #6687852 (16s) <- 'sick person tissue couch resting'
  b01/5  4.7s  (running total 4.7s)  A cold and the flu aren't the same thing, and
    footage[b02]: pexels #7230307 (19s) <- 'person blowing nose tissue sick'
  b02/5  5.0s  (running total 9.8s)  Colds build slowly: sniffles, sore throat, mi
    footage[b03]: pexels #7516933 (13s) <- 'person sick in bed fever resting'
  b03/5  5.1s  (running total 14.8s)  Flu tends to hit suddenly: fever, body aches,
    footage[b04]: pexels #6687854 (17s) <- 'person resting sick home comfortable'
  b04/5  5.5s  (running total 20.4s)  Knowing the difference helps you decide when 
    footage[b05]: pexels #6446153 (14s) <- 'person recovering illness home tea'
  b05/5  3.6s  (running total 24.0s)  Sudden and severe? Don't just push through it

=> C:\Users\Mamun\fb-ig-automation\images\health_reels_cadence2\nc2_d5_2_cold_vs_flu.mp4  total narration ~24.0s
  uploading nc2_d5_2_cold_vs_flu to public asset repo for IG...
  queued nc2_d5_2_cold_vs_flu for 2026-08-15T04:00:00+00:00

=== building nc2_d5_3_blood_sugar_spikes ===
    footage[b01]: pexels #6614775 (25s) <- 'person tired desk work afternoon'
  b01/5  5.3s  (running total 5.3s)  That energy crash an hour after eating? It mi
    footage[b02]: pexels #6664275 (17s) <- 'white bread pastry sugary snack'
  b02/5  6.0s  (running total 11.3s)  Refined carbs alone spike blood sugar fast, t
    footage[b03]: pexels #6645820 (26s) <- 'healthy balanced meal plate table'
  b03/5  4.5s  (running total 15.9s)  Pairing carbs with protein or fat slows that 
    footage[b04]: pexels #5644924 (13s) <- 'toast eggs breakfast healthy plate'
  b04/5  4.9s  (running total 20.8s)  Toast alone versus toast with eggs, a very di
    footage[b05]: pexels #6327768 (30s) <- 'healthy snack nuts fruit plate'
  b05/5  2.9s  (running total 23.7s)  Pair it up. Steady the curve.

=> C:\Users\Mamun\fb-ig-automation\images\health_reels_cadence2\nc2_d5_3_blood_sugar_spikes.mp4  total narration ~23.7s
  uploading nc2_d5_3_blood_sugar_spikes to public asset repo for IG...
  queued nc2_d5_3_blood_sugar_spikes for 2026-08-15T10:00:00+00:00

=== building nc2_d5_4_meal_prep_basics ===
    footage[b01]: pexels #7250807 (21s) <- 'meal prep containers kitchen healthy'
  b01/5  3.7s  (running total 3.7s)  You don't need a whole Sunday to meal prep we
    footage[b02]: pexels #6366682 (56s) <- 'rice quinoa grains cooking pot'
  b02/5  4.7s  (running total 8.4s)  Start with just one component: cook a big bat
    footage[b03]: pexels #37139001 (34s) <- 'chopping vegetables kitchen counter'
  b03/5  4.1s  (running total 12.5s)  Add fresh protein and veggies day-of for vari
    footage[b04]: pexels #36365959 (61s) <- 'healthy dinner home cooking evening'
  b04/5  4.8s  (running total 17.4s)  Less decision fatigue by dinnertime means bet
    footage[b05]: pexels #7250807 (21s) <- 'meal prep healthy containers fridge'
  b05/5  3.3s  (running total 20.7s)  Start small. One component.

=> C:\Users\Mamun\fb-ig-automation\images\health_reels_cadence2\nc2_d5_4_meal_prep_basics.mp4  total narration ~20.7s
  uploading nc2_d5_4_meal_prep_basics to public asset repo for IG...
  queued nc2_d5_4_meal_prep_basics for 2026-08-15T16:00:00+00:00

=== building nc2_d5_5_same_bedtime ===
    footage[b01]: pexels #6541179 (15s) <- 'person sleeping bed peaceful night'
  b01/5  5.5s  (running total 5.5s)  A consistent bedtime matters almost as much a
    footage[b02]: pexels #7593905 (10s) <- 'alarm clock bedside table night'
  b02/5  5.7s  (running total 11.2s)  Your body runs on an internal clock, irregula
    footage[b03]: pexels #6446189 (21s) <- 'person waking up stretching bed morning'
  b03/5  4.6s  (running total 15.8s)  Even weekends within an hour of your usual ti
    footage[b04]: pexels #6336593 (36s) <- 'person tired morning coffee kitchen'
  b04/5  4.4s  (running total 20.1s)  It's called social jet lag, real and measurab
    footage[b05]: pexels #7494861 (12s) <- 'cozy bedroom night lamp sleep'
  b05/5  3.0s  (running total 23.1s)  Same time. Most nights.

=> C:\Users\Mamun\fb-ig-automation\images\health_reels_cadence2\nc2_d5_5_same_bedtime.mp4  total narration ~23.1s
  uploading nc2_d5_5_same_bedtime to public asset repo for IG...
  queued nc2_d5_5_same_bedtime for 2026-08-15T19:00:00+00:00

=== building nc2_d5_6_social_connection ===
    footage[b01]: pexels #19302689 (13s) <- 'friends laughing together outdoor'
  b01/5  4.2s  (running total 4.2s)  Strong friendships are linked to real physica
    footage[b02]: pexels #6446329 (31s) <- 'person alone window looking out'
  b02/5  5.6s  (running total 9.7s)  Loneliness is linked to measurable health ris
    footage[b03]: pexels #7592049 (33s) <- 'person on phone call smiling happy'
  b03/5  4.8s  (running total 14.6s)  Even a short call with someone you trust can 
    footage[b04]: pexels #6645817 (68s) <- 'friends dinner table laughing together'
  b04/5  4.3s  (running total 18.9s)  Connection is a health habit, not just a nice
    footage[b05]: pexels #9750741 (40s) <- 'friends hugging happy reunion'
  b05/5  2.7s  (running total 21.6s)  Reach out to someone today.

=> C:\Users\Mamun\fb-ig-automation\images\health_reels_cadence2\nc2_d5_6_social_connection.mp4  total narration ~21.6s
  uploading nc2_d5_6_social_connection to public asset repo for IG...
  queued nc2_d5_6_social_connection for 2026-08-15T22:00:00+00:00

=== building nc2_d6_1_gratitude_mental ===
    footage[b01]: pexels #36641402 (22s) <- 'person writing journal notebook desk'
  b01/5  4.6s  (running total 4.6s)  Writing down three good things can genuinely 
    footage[b02]: pexels #26664867 (55s) <- 'journal notebook pen coffee morning'
  b02/5  5.0s  (running total 9.6s)  It's a small habit studied for its effect on 
    footage[b03]: pexels #31470192 (28s) <- 'person reflecting peaceful sitting window'
  b03/5  3.9s  (running total 13.5s)  It doesn't need to be big, small moments coun
    footage[b04]: pexels #6541172 (23s) <- 'journal writing evening cozy lamp'
  b04/5  3.2s  (running total 16.7s)  A minute before bed is all it takes.
    footage[b05]: pexels #27798116 (32s) <- 'person smiling peaceful evening'
  b05/5  2.7s  (running total 19.4s)  Three things. Tonight.

=> C:\Users\Mamun\fb-ig-automation\images\health_reels_cadence2\nc2_d6_1_gratitude_mental.mp4  total narration ~19.4s
  uploading nc2_d6_1_gratitude_mental to public asset repo for IG...
  queued nc2_d6_1_gratitude_mental for 2026-08-16T01:00:00+00:00

=== building nc2_d6_2_standing_desk ===
    footage[b01]: pexels #14138984 (61s) <- 'person sitting desk office long hours'
  b01/5  4.6s  (running total 4.6s)  Sitting all day adds up, even if you exercise
    footage[b02]: pexels #6998334 (21s) <- 'office worker desk computer sitting'
  b02/5  5.0s  (running total 9.6s)  Long sitting is linked to risks a single work
    footage[b03]: pexels #7679397 (22s) <- 'person standing desk working laptop'
Traceback (most recent call last):
  File "C:\Users\Mamun\fb-ig-automation\hd_reel_enqueue.py", line 119, in <module>
    main(args[0], stock=stock)
  File "C:\Users\Mamun\fb-ig-automation\hd_reel_enqueue.py", line 73, in main
    build_reel(beats, str(video_path), str(work_dir), str(video_state), str(lock))
  File "C:\Users\Mamun\fb-ig-automation\video_health_reel_stock.py", line 138, in build
    d = _clip(footage_path, png, mp3, clip)
        ^^^^^^^^^^^^^^^^^^^^^^^^^^^^^^^^^^^
  File "C:\Users\Mamun\fb-ig-automation\video_health_reel_stock.py", line 80, in _clip
    subprocess.run([
  File "C:\Program Files\WindowsApps\PythonSoftwareFoundation.Python.3.12_3.12.2800.0_x64__qbz5n2kfra8p0\Lib\subprocess.py", line 571, in run
    raise CalledProcessError(retcode, process.args,
subprocess.CalledProcessError: Command '['ffmpeg', '-y', '-v', 'error', '-stream_loop', '-1', '-i', 'C:\\Users\\Mamun\\fb-ig-automation\\images\\health_reels_cadence2\\nc2_d6_2_standing_desk_work\\footage\\b03.mp4', '-loop', '1', '-i', 'C:\\Users\\Mamun\\fb-ig-automation\\images\\health_reels_cadence2\\nc2_d6_2_standing_desk_work\\b03_overlay.png', '-i', 'C:\\Users\\Mamun\\fb-ig-automation\\images\\health_reels_cadence2\\nc2_d6_2_standing_desk_work\\b03.mp3', '-filter_complex', '[0:v]scale=1080:1920:force_original_aspect_ratio=increase,crop=1080:1920,eq=brightness=-0.02:contrast=1.05:saturation=0.9,fade=t=in:st=0:d=0.28,fade=t=out:st=4.170:d=0.28,format=yuv420p[base];[base][1:v]overlay=0:0:shortest=1[v];[2:a]apad=pad_dur=0.5[a]', '-map', '[v]', '-map', '[a]', '-c:v', 'libx264', '-preset', 'medium', '-crf', '20', '-r', '30', '-c:a', 'aac', '-b:a', '160k', '-ar', '48000', '-ac', '2', '-t', '4.450', 'C:\\Users\\Mamun\\fb-ig-automation\\images\\health_reels_cadence2\\nc2_d6_2_standing_desk_work\\b03.mp4']' returned non-zero exit status 3221226091.

=== building nc2_d6_2_standing_desk ===
  b01: already built, skipping
  b02: already built, skipping
  b03/5  4.5s  (running total 14.1s)  Standing for a call, or a short walk every ho
    footage[b04]: pexels #7226846 (30s) <- 'person stretching office break'
  b04/5  4.2s  (running total 18.3s)  You don't need a standing desk, just regular 
    footage[b05]: pexels #7652114 (12s) <- 'person walking office hallway break'
  b05/5  2.6s  (running total 20.9s)  Stand up once this hour.

=> C:\Users\Mamun\fb-ig-automation\images\health_reels_cadence2\nc2_d6_2_standing_desk.mp4  total narration ~20.9s
  uploading nc2_d6_2_standing_desk to public asset repo for IG...
  queued nc2_d6_2_standing_desk for 2026-08-16T04:00:00+00:00

=== building nc2_d6_3_lower_back_pain ===
    footage[b01]: pexels #10409710 (49s) <- 'person stretching back pain home'
  b01/5  4.3s  (running total 4.3s)  Weak core muscles often show up as lower back
    footage[b02]: pexels #7589753 (14s) <- 'person doing plank exercise home'
  b02/5  4.3s  (running total 8.6s)  Your core supports your spine more than peopl
    footage[b03]: pexels #9001926 (24s) <- 'person exercise mat home fitness'
  b03/5  4.3s  (running total 12.9s)  Simple planks and bridges can build that supp
    footage[b04]: pexels #9001918 (11s) <- 'person stretching floor exercise home'
  b04/5  4.3s  (running total 17.2s)  Two minutes a few times a week adds up over t
    footage[b05]: pexels #9001926 (24s) <- 'person exercising home living room'
  b05/5  2.6s  (running total 19.8s)  Two minutes. This week.

=> C:\Users\Mamun\fb-ig-automation\images\health_reels_cadence2\nc2_d6_3_lower_back_pain.mp4  total narration ~19.8s
  uploading nc2_d6_3_lower_back_pain to public asset repo for IG...
  queued nc2_d6_3_lower_back_pain for 2026-08-16T10:00:00+00:00

=== building nc2_d6_4_iron_fatigue ===
    footage[b01]: pexels #7591937 (19s) <- 'tired person yawning desk work'
  b01/5  3.9s  (running total 3.9s)  Constant tiredness isn't always about sleep.
    footage[b02]: pexels #4443540 (5s) <- 'spinach leafy greens iron rich food'
  b02/5  3.8s  (running total 7.7s)  Low iron is a common, often-missed cause.
    footage[b03]: pexels #27877444 (18s) <- 'healthy meal red meat vegetables plate'
  b03/5  3.9s  (running total 11.6s)  It's more common in women than people expect.
    footage[b04]: pexels #5998351 (31s) <- 'doctor appointment checkup consultation'
  b04/5  4.5s  (running total 16.0s)  A simple blood test can check it, worth askin
    footage[b05]: pexels #7592151 (17s) <- 'person energized morning feeling good'
  b05/5  3.5s  (running total 19.6s)  Still exhausted? Ask about iron.

=> C:\Users\Mamun\fb-ig-automation\images\health_reels_cadence2\nc2_d6_4_iron_fatigue.mp4  total narration ~19.6s
  uploading nc2_d6_4_iron_fatigue to public asset repo for IG...
  queued nc2_d6_4_iron_fatigue for 2026-08-16T16:00:00+00:00

=== building nc2_d6_5_omega3_basics ===
    footage[b01]: pexels #7592536 (28s) <- 'salmon fish healthy meal plate'
  b01/5  5.2s  (running total 5.2s)  Most people get plenty of omega-6 but not eno
    footage[b02]: pexels #7593615 (12s) <- 'healthy fish dinner table meal'
  b02/5  4.5s  (running total 9.7s)  That balance matters for inflammation and hea
    footage[b03]: pexels #5238854 (21s) <- 'walnuts flaxseed healthy nuts bowl'
  b03/5  4.7s  (running total 14.4s)  Fatty fish, walnuts, and flaxseed are strong 
    footage[b04]: pexels #36511412 (25s) <- 'healthy grocery shopping fish market'
  b04/5  4.3s  (running total 18.7s)  Even a couple servings a week can shift that 
    footage[b05]: pexels #27867257 (30s) <- 'healthy dinner salmon vegetables plate'
  b05/5  2.5s  (running total 21.2s)  Add a serving this week.

=> C:\Users\Mamun\fb-ig-automation\images\health_reels_cadence2\nc2_d6_5_omega3_basics.mp4  total narration ~21.2s
  uploading nc2_d6_5_omega3_basics to public asset repo for IG...
  queued nc2_d6_5_omega3_basics for 2026-08-16T19:00:00+00:00

=== building nc2_d6_6_walk_after_meals ===
    footage[b01]: pexels #29583716 (53s) <- 'person walking outside after dinner evening'
  b01/5  4.3s  (running total 4.3s)  A short walk right after eating does more tha
    footage[b02]: pexels #37471478 (44s) <- 'person walking park evening sunset'
  b02/5  5.1s  (running total 9.4s)  Even 10 minutes helps your body process blood
    footage[b03]: pexels #32197841 (23s) <- 'couple walking together outdoor evening'
  b03/5  4.6s  (running total 14.0s)  It also eases that heavy, sluggish after-meal
    footage[b04]: pexels #7253197 (18s) <- 'person walking neighborhood street evening'
  b04/5  4.0s  (running total 18.0s)  No gym needed, just a stroll around the block
    footage[b05]: pexels #37471478 (44s) <- 'person walking outdoors happy evening'
  b05/5  3.1s  (running total 21.1s)  Walk it off. Just 10 minutes.

=> C:\Users\Mamun\fb-ig-automation\images\health_reels_cadence2\nc2_d6_6_walk_after_meals.mp4  total narration ~21.1s
  uploading nc2_d6_6_walk_after_meals to public asset repo for IG...
  queued nc2_d6_6_walk_after_meals for 2026-08-16T22:00:00+00:00

=== building nc2_d7_1_sleep_environment ===
    footage[b01]: pexels #7214644 (11s) <- 'cool dark bedroom night sleeping'
  b01/5  3.9s  (running total 3.9s)  Your bedroom temperature could be ruining you
    footage[b02]: pexels #18824881 (28s) <- 'bedroom fan window night cool'
  b02/5  4.7s  (running total 8.5s)  A slightly cool room helps your body drop int
    footage[b03]: pexels #4793400 (23s) <- 'thermostat bedroom temperature control'
  b03/5  6.1s  (running total 14.7s)  Around 65 to 68 degrees Fahrenheit is the usu
    footage[b04]: pexels #35434114 (9s) <- 'dark bedroom curtains night peaceful'
  b04/5  4.4s  (running total 19.1s)  Dark and quiet matter just as much as tempera
    footage[b05]: pexels #6598884 (14s) <- 'peaceful bedroom night sleep'
  b05/5  2.8s  (running total 21.8s)  Cool. Dark. Quiet.

=> C:\Users\Mamun\fb-ig-automation\images\health_reels_cadence2\nc2_d7_1_sleep_environment.mp4  total narration ~21.8s
  uploading nc2_d7_1_sleep_environment to public asset repo for IG...
  queued nc2_d7_1_sleep_environment for 2026-08-17T01:00:00+00:00

=== building nc2_d7_2_stress_digestion ===
    footage[b01]: pexels #5213009 (21s) <- 'person stressed eating desk work'
  b01/5  4.8s  (running total 4.8s)  Eating while stressed changes how well you ac
    footage[b02]: pexels #7172723 (17s) <- 'person stressed working laptop office'
  b02/5  4.2s  (running total 9.0s)  Stress redirects blood flow away from digesti
    footage[b03]: pexels #9465540 (26s) <- 'person uncomfortable stomach discomfort'
  b03/5  4.0s  (running total 13.0s)  It's part of why a tense meal can feel heavy 
    footage[b04]: pexels #9034020 (13s) <- 'person calm breathing before meal table'
  b04/5  4.5s  (running total 17.4s)  A few calm breaths before eating can genuinel
    footage[b05]: pexels #9034020 (13s) <- 'person calm eating meal table peaceful'
  b05/5  3.0s  (running total 20.4s)  Breathe first. Then eat.

=> C:\Users\Mamun\fb-ig-automation\images\health_reels_cadence2\nc2_d7_2_stress_digestion.mp4  total narration ~20.4s
  uploading nc2_d7_2_stress_digestion to public asset repo for IG...
  queued nc2_d7_2_stress_digestion for 2026-08-17T04:00:00+00:00

=== building nc2_d7_3_antioxidants_basics ===
    footage[b01]: pexels #28908870 (31s) <- 'colorful vegetables fruits market fresh'
  b01/5  4.0s  (running total 4.0s)  Colorful produce isn't just pretty on a plate
    footage[b02]: pexels #38552100 (18s) <- 'berries colorful fruit bowl fresh'
  b02/5  4.1s  (running total 8.1s)  Those colors often mean different antioxidant
    footage[b03]: pexels #4081568 (6s) <- 'healthy colorful salad bowl fresh'
  b03/5  4.7s  (running total 12.7s)  Antioxidants help protect your cells from eve
    footage[b04]: pexels #8541076 (30s) <- 'farmers market colorful produce stand'
  b04/5  4.1s  (running total 16.8s)  Eating a rainbow of produce covers more groun
    footage[b05]: pexels #35700622 (23s) <- 'colorful healthy meal prep bowl'
  b05/5  3.0s  (running total 19.8s)  Add a color you skipped this week.

=> C:\Users\Mamun\fb-ig-automation\images\health_reels_cadence2\nc2_d7_3_antioxidants_basics.mp4  total narration ~19.8s
  uploading nc2_d7_3_antioxidants_basics to public asset repo for IG...
  queued nc2_d7_3_antioxidants_basics for 2026-08-17T10:00:00+00:00

=== building nc2_d7_4_hydrating_foods ===
    footage[b01]: pexels #36504176 (44s) <- 'watermelon cucumber fresh fruit slices'
  b01/5  3.9s  (running total 3.9s)  Hydration isn't just about what you drink.
    footage[b02]: pexels #5944806 (14s) <- 'fresh fruit salad bowl colorful'
  b02/5  5.5s  (running total 9.4s)  Cucumber, watermelon, oranges, and soup are m
    footage[b03]: pexels #9993787 (15s) <- 'healthy soup bowl table fresh'
  b03/5  4.5s  (running total 13.9s)  Food can cover a meaningful share of your dai
    footage[b04]: pexels #28908870 (31s) <- 'fresh produce market fruits vegetables'
  b04/5  4.2s  (running total 18.1s)  It's a nice backup on days you're not drinkin
    footage[b05]: pexels #6353447 (13s) <- 'fresh fruit healthy snack bowl'
  b05/5  2.4s  (running total 20.5s)  Eat your water too.

=> C:\Users\Mamun\fb-ig-automation\images\health_reels_cadence2\nc2_d7_4_hydrating_foods.mp4  total narration ~20.5s
  uploading nc2_d7_4_hydrating_foods to public asset repo for IG...
  queued nc2_d7_4_hydrating_foods for 2026-08-17T16:00:00+00:00

=== building nc2_d7_5_morning_light ===
    footage[b01]: pexels #35874963 (40s) <- 'person morning sunlight window coffee'
  b01/5  4.7s  (running total 4.7s)  Morning sunlight does more for your sleep tha
    footage[b02]: pexels #18310301 (38s) <- 'sunrise morning light window bright'
  b02/5  3.9s  (running total 8.6s)  Bright light early helps set your internal cl
    footage[b03]: pexels #18089050 (54s) <- 'person walking outside morning sunlight'
  b03/5  4.2s  (running total 12.8s)  That sets up a cleaner melatonin release at n
    footage[b04]: pexels #2785535 (25s) <- 'person outdoors morning stretching sunlight'
  b04/5  4.3s  (running total 17.1s)  Even 10 minutes outside soon after waking hel
    footage[b05]: pexels #15308533 (56s) <- 'person enjoying morning outdoors sunrise'
  b05/5  3.0s  (running total 20.1s)  Get outside soon after waking.

=> C:\Users\Mamun\fb-ig-automation\images\health_reels_cadence2\nc2_d7_5_morning_light.mp4  total narration ~20.1s
  uploading nc2_d7_5_morning_light to public asset repo for IG...
  queued nc2_d7_5_morning_light for 2026-08-17T19:00:00+00:00

=== building nc2_d7_6_portion_awareness ===
    footage[b01]: pexels #6645820 (26s) <- 'healthy meal plate portion table'
  b01/5  3.6s  (running total 3.6s)  Plate size alone can change how much you eat.
    footage[b02]: pexels #6645820 (26s) <- 'dinner plate food portion healthy'
  b02/5  4.1s  (running total 7.7s)  A bigger plate makes the same portion look sm
    footage[b03]: pexels #5674746 (35s) <- 'person serving food kitchen plate'
  b03/5  4.5s  (running total 12.2s)  That visual trick can lead to genuinely eatin
    footage[b04]: pexels #31561016 (16s) <- 'small plate healthy meal portion'
  b04/5  4.2s  (running total 16.4s)  A smaller plate is a simple, no-willpower fix
    footage[b05]: pexels #6327114 (13s) <- 'healthy dinner table plate meal'
  b05/5  2.8s  (running total 19.2s)  Try a smaller plate tonight.

=> C:\Users\Mamun\fb-ig-automation\images\health_reels_cadence2\nc2_d7_6_portion_awareness.mp4  total narration ~19.2s
  uploading nc2_d7_6_portion_awareness to public asset repo for IG...
  queued nc2_d7_6_portion_awareness for 2026-08-17T22:00:00+00:00

queued 22 new items
