
=== building nc5_d18_1_desk_eye_distance ===
    footage[b01]: pexels #6325839 (22s) <- 'person desk computer distance office'
  b01/5  4.8s  (running total 4.8s)  Sitting too close to your monitor forces your
    footage[b02]: pexels #34385703 (28s) <- 'office desk setup monitor distance'
  b02/5  5.0s  (running total 9.7s)  An arm's length away is the usual recommended
    footage[b03]: pexels #7132447 (5s) <- 'person close screen eye strain'
  b03/5  4.0s  (running total 13.7s)  Too close, and your eyes strain to keep focus
    footage[b04]: pexels #34975243 (17s) <- 'person adjusting monitor desk setup'
  b04/5  4.5s  (running total 18.1s)  Push your monitor back and see how it feels b
    footage[b05]: pexels #38055594 (30s) <- 'person comfortable desk setup working'
  b05/5  3.1s  (running total 21.3s)  Arm's length. Try it today.

=> C:\Users\Mamun\fb-ig-automation\images\health_reels_cadence5\nc5_d18_1_desk_eye_distance.mp4  total narration ~21.3s
  uploading nc5_d18_1_desk_eye_distance to public asset repo for IG...
  queued nc5_d18_1_desk_eye_distance for 2026-08-28T01:00:00+00:00

=== building nc5_d18_2_cooking_at_home ===
    footage[b01]: pexels #12691857 (16s) <- 'person cooking kitchen healthy meal'
  b01/5  4.5s  (running total 4.5s)  Cooking at home more often changes more than 
    footage[b02]: pexels #7601423 (20s) <- 'person chopping vegetables kitchen cooking'
  b02/5  4.3s  (running total 8.8s)  You control the salt, oil, and portion sizes.
    footage[b03]: pexels #37856648 (15s) <- 'healthy home cooked meal table'
  b03/5  4.7s  (running total 13.5s)  Restaurant meals often have more hidden sodiu
    footage[b04]: pexels #36365961 (57s) <- 'simple healthy meal home cooking'
  b04/5  3.9s  (running total 17.4s)  You don't need to be a chef, simple meals cou
    footage[b05]: pexels #4985519 (7s) <- 'person enjoying home cooked meal'
  b05/5  2.9s  (running total 20.2s)  Cook one meal at home this week.

=> C:\Users\Mamun\fb-ig-automation\images\health_reels_cadence5\nc5_d18_2_cooking_at_home.mp4  total narration ~20.2s
  uploading nc5_d18_2_cooking_at_home to public asset repo for IG...
  queued nc5_d18_2_cooking_at_home for 2026-08-28T04:00:00+00:00

=== building nc5_d18_3_deep_sleep_growth ===
    footage[b01]: pexels #6541179 (15s) <- 'person sleeping deeply peaceful night'
  b01/5  4.4s  (running total 4.4s)  Your body does most of its repair work during
    footage[b02]: pexels #7214644 (11s) <- 'person sleeping bedroom dark peaceful'
  b02/5  4.6s  (running total 8.9s)  Growth hormone is released mainly during this
    footage[b03]: pexels #6446174 (36s) <- 'person resting recovery sleep bed'
  b03/5  4.7s  (running total 13.6s)  It's when tissue repair and muscle recovery h
    footage[b04]: pexels #28048582 (16s) <- 'phone screen dark bedroom night'
  b04/5  4.3s  (running total 17.9s)  Alcohol and late screen use can both cut into
    footage[b05]: pexels #7592098 (23s) <- 'person sleeping peaceful recovered morning'
  b05/5  2.5s  (running total 20.4s)  Protect your deep sleep.

=> C:\Users\Mamun\fb-ig-automation\images\health_reels_cadence5\nc5_d18_3_deep_sleep_growth.mp4  total narration ~20.4s
  uploading nc5_d18_3_deep_sleep_growth to public asset repo for IG...
  queued nc5_d18_3_deep_sleep_growth for 2026-08-28T10:00:00+00:00

=== building nc5_d18_4_added_sugar_labels ===
    footage[b01]: pexels #36365954 (33s) <- 'food label ingredients reading closeup'
  b01/5  4.2s  (running total 4.2s)  Sugar hides under a lot of different label na
    footage[b02]: pexels #8670641 (21s) <- 'sugary food package label'
  b02/5  4.6s  (running total 8.8s)  Cane syrup, dextrose, maltose, they're all st
    footage[b03]: pexels #4251604 (22s) <- 'nutrition label package reading'
  b03/5  4.0s  (running total 12.7s)  Check for added sugars on the nutrition panel
    footage[b04]: pexels #4251604 (22s) <- 'person reading grocery label shopping'
  b04/5  4.6s  (running total 17.3s)  It's a clearer number than trying to spot eve
    footage[b05]: pexels #9474094 (12s) <- 'grocery shopping healthy choices'
  b05/5  3.9s  (running total 21.2s)  Check added sugars. Not just ingredients.

=> C:\Users\Mamun\fb-ig-automation\images\health_reels_cadence5\nc5_d18_4_added_sugar_labels.mp4  total narration ~21.2s
  uploading nc5_d18_4_added_sugar_labels to public asset repo for IG...
  queued nc5_d18_4_added_sugar_labels for 2026-08-28T16:00:00+00:00

=== building nc5_d18_5_posture_phone_calls ===
    footage[b01]: pexels #7263096 (28s) <- 'person phone call shoulder neck'
  b01/5  5.0s  (running total 5.0s)  Cradling your phone between ear and shoulder 
    footage[b02]: pexels #6931257 (20s) <- 'person on phone call working desk'
  b02/5  4.7s  (running total 9.8s)  It's an easy habit during long or multitaskin
    footage[b03]: pexels #7683361 (35s) <- 'person headphones call comfortable'
  b03/5  3.9s  (running total 13.7s)  Headphones or speakerphone take that strain a
    footage[b04]: pexels #31663997 (27s) <- 'person relaxed comfortable posture desk'
  b04/5  4.3s  (running total 18.0s)  Your neck will genuinely thank you by the end
    footage[b05]: pexels #7217603 (30s) <- 'person comfortable phone call headphones'
  b05/5  3.2s  (running total 21.3s)  Use headphones. Save your neck.

=> C:\Users\Mamun\fb-ig-automation\images\health_reels_cadence5\nc5_d18_5_posture_phone_calls.mp4  total narration ~21.3s
  uploading nc5_d18_5_posture_phone_calls to public asset repo for IG...
  queued nc5_d18_5_posture_phone_calls for 2026-08-28T19:00:00+00:00

=== building nc5_d18_6_afternoon_slump ===
    footage[b01]: pexels #6614775 (25s) <- 'person tired afternoon desk work'
  b01/5  4.5s  (running total 4.5s)  That 2 PM crash isn't always about what you a
    footage[b02]: pexels #6889675 (25s) <- 'person yawning tired office afternoon'
  b02/5  4.9s  (running total 9.4s)  Your body has a natural dip in alertness mid-
    footage[b03]: pexels #36025108 (23s) <- 'clock afternoon office desk'
  b03/5  5.2s  (running total 14.6s)  It's built into your circadian rhythm, not ju
    footage[b04]: pexels #28464396 (31s) <- 'person walking outside afternoon break'
  b04/5  4.1s  (running total 18.6s)  A short walk or daylight can help more than s
    footage[b05]: pexels #28464396 (31s) <- 'person energized afternoon walk outdoor'
  b05/5  2.9s  (running total 21.6s)  Walk it off. Not sugar.

=> C:\Users\Mamun\fb-ig-automation\images\health_reels_cadence5\nc5_d18_6_afternoon_slump.mp4  total narration ~21.6s
  uploading nc5_d18_6_afternoon_slump to public asset repo for IG...
  queued nc5_d18_6_afternoon_slump for 2026-08-28T22:00:00+00:00

=== building nc5_d19_1_muscle_memory ===
    footage[b01]: pexels #6390168 (28s) <- 'person returning gym workout motivated'
  b01/5  4.7s  (running total 4.7s)  Taking a break from exercise doesn't erase yo
    footage[b02]: pexels #30234645 (30s) <- 'person exercising strength training gym'
  b02/5  4.1s  (running total 8.8s)  It's called muscle memory, your body remember
    footage[b03]: pexels #6389558 (21s) <- 'person working out gym returning fitness'
  b03/5  4.8s  (running total 13.6s)  Coming back after time off is faster than sta
    footage[b04]: pexels #35075300 (43s) <- 'person motivated exercise gym determined'
  b04/5  3.2s  (running total 16.7s)  Don't let a break turn into giving up.
    footage[b05]: pexels #36014880 (32s) <- 'person confident gym workout progress'
  b05/5  3.4s  (running total 20.1s)  Come back. It's faster than you think.

=> C:\Users\Mamun\fb-ig-automation\images\health_reels_cadence5\nc5_d19_1_muscle_memory.mp4  total narration ~20.1s
  uploading nc5_d19_1_muscle_memory to public asset repo for IG...
  queued nc5_d19_1_muscle_memory for 2026-08-29T01:00:00+00:00

=== building nc5_d19_2_potassium_bananas ===
    footage[b01]: pexels #13761237 (20s) <- 'bananas potassium healthy fruit'
  b01/5  4.2s  (running total 4.2s)  Potassium helps balance out the sodium in you
    footage[b02]: pexels #5944793 (14s) <- 'banana fruit healthy snack table'
  b02/5  4.2s  (running total 8.4s)  Bananas get the spotlight, but aren't the onl
    footage[b03]: pexels #7048659 (12s) <- 'leafy greens beans healthy vegetables'
  b03/5  4.9s  (running total 13.3s)  Potatoes, beans, and leafy greens are rich in
    footage[b04]: pexels #35700622 (23s) <- 'healthy vegetables colorful meal table'
  b04/5  4.5s  (running total 17.8s)  It supports muscle function and healthy blood
    footage[b05]: pexels #7048659 (12s) <- 'healthy colorful produce fresh'
  b05/5  2.6s  (running total 20.3s)  More than just bananas.

=> C:\Users\Mamun\fb-ig-automation\images\health_reels_cadence5\nc5_d19_2_potassium_bananas.mp4  total narration ~20.3s
  uploading nc5_d19_2_potassium_bananas to public asset repo for IG...
  queued nc5_d19_2_potassium_bananas for 2026-08-29T04:00:00+00:00

=== building nc5_d19_3_screen_dimming_bedroom ===
    footage[b01]: pexels #5955637 (28s) <- 'bedroom dark night small light'
  b01/5  4.3s  (running total 4.3s)  Even a small standby light can interrupt your
    footage[b02]: pexels #7214644 (11s) <- 'dark bedroom night sleeping'
  b02/5  4.2s  (running total 8.5s)  Your eyes are more sensitive to light than yo
    footage[b03]: pexels #7986751 (23s) <- 'bedroom electronics glow night'
  b03/5  4.7s  (running total 13.2s)  Chargers, clocks, and routers all add up in a
    footage[b04]: pexels #6446174 (36s) <- 'sleep mask bedroom night rest'
  b04/5  4.2s  (running total 17.5s)  A sleep mask or covering them can genuinely h
    footage[b05]: pexels #6598884 (14s) <- 'dark peaceful bedroom sleep night'
  b05/5  3.1s  (running total 20.6s)  Darker room. Deeper sleep.

=> C:\Users\Mamun\fb-ig-automation\images\health_reels_cadence5\nc5_d19_3_screen_dimming_bedroom.mp4  total narration ~20.6s
  uploading nc5_d19_3_screen_dimming_bedroom to public asset repo for IG...
  queued nc5_d19_3_screen_dimming_bedroom for 2026-08-29T10:00:00+00:00

=== building nc5_d19_4_grip_strength ===
    footage[b01]: pexels #6572683 (23s) <- 'person gripping exercise hands strength'
  b01/5  4.0s  (running total 4.0s)  Grip strength is linked to more than just you
    footage[b02]: pexels #6572683 (23s) <- 'person exercising hands grip fitness'
  b02/5  4.9s  (running total 9.0s)  Researchers use it as a simple marker of over
    footage[b03]: pexels #7250831 (15s) <- 'person carrying groceries bags healthy'
  b03/5  5.7s  (running total 14.6s)  Carrying groceries or doing pull-type exercis
    footage[b04]: pexels #30234645 (30s) <- 'person exercising strength training gym'
  b04/5  4.3s  (running total 19.0s)  It's a small, overlooked part of overall fitn
    footage[b05]: pexels #35075300 (43s) <- 'person active fitness strong healthy'
  b05/5  2.7s  (running total 21.7s)  Carry something heavy today.

=> C:\Users\Mamun\fb-ig-automation\images\health_reels_cadence5\nc5_d19_4_grip_strength.mp4  total narration ~21.7s
  uploading nc5_d19_4_grip_strength to public asset repo for IG...
  queued nc5_d19_4_grip_strength for 2026-08-29T16:00:00+00:00

=== building nc5_d19_5_processed_food_awareness ===
    footage[b01]: pexels #8799885 (31s) <- 'grocery store aisle packaged food'
  b01/5  3.8s  (running total 3.8s)  Not all packaged food is equally processed.
    footage[b02]: pexels #4443535 (4s) <- 'frozen vegetables healthy food'
  b02/5  5.6s  (running total 9.3s)  Frozen vegetables and canned beans are minima
    footage[b03]: pexels #36108503 (16s) <- 'food package ingredients label'
  b03/5  5.6s  (running total 14.9s)  Long ingredient lists with unfamiliar names a
    footage[b04]: pexels #9474094 (12s) <- 'grocery shopping healthy choices'
  b04/5  3.7s  (running total 18.7s)  It's not all-or-nothing, just worth noticing.
    footage[b05]: pexels #8801850 (13s) <- 'healthy grocery shopping choices'
  b05/5  2.9s  (running total 21.5s)  Not all processed is equal.

=> C:\Users\Mamun\fb-ig-automation\images\health_reels_cadence5\nc5_d19_5_processed_food_awareness.mp4  total narration ~21.5s
  uploading nc5_d19_5_processed_food_awareness to public asset repo for IG...
  queued nc5_d19_5_processed_food_awareness for 2026-08-29T19:00:00+00:00

=== building nc5_d19_6_habit_stacking ===
    footage[b01]: pexels #6336593 (36s) <- 'person morning routine habit healthy'
  b01/5  5.1s  (running total 5.1s)  New habits stick better when you attach them 
    footage[b02]: pexels #6336754 (34s) <- 'person consistent morning routine home'
  b02/5  4.2s  (running total 9.2s)  It's called habit stacking, after X I'll do Y
    footage[b03]: pexels #6322929 (21s) <- 'person brushing teeth morning bathroom'
  b03/5  4.1s  (running total 13.3s)  After I brush my teeth, I'll stretch for two 
    footage[b04]: pexels #7226846 (30s) <- 'person stretching morning routine home'
  b04/5  4.3s  (running total 17.6s)  It removes the decision-making that trips up 
    footage[b05]: pexels #12908863 (14s) <- 'person healthy routine morning consistent'
  b05/5  3.0s  (running total 20.7s)  Stack it onto something existing.

=> C:\Users\Mamun\fb-ig-automation\images\health_reels_cadence5\nc5_d19_6_habit_stacking.mp4  total narration ~20.7s
  uploading nc5_d19_6_habit_stacking to public asset repo for IG...
  queued nc5_d19_6_habit_stacking for 2026-08-29T22:00:00+00:00

=== building nc5_d20_1_screen_posture_kids ===
    footage[b01]: pexels #9346219 (10s) <- 'child using tablet screen posture'
  b01/5  4.8s  (running total 4.8s)  Kids' posture habits form early, and screens 
    footage[b02]: pexels #7046612 (35s) <- 'child looking down device screen'
  b02/5  4.6s  (running total 9.4s)  Hunched over tablets for hours can set patter
    footage[b03]: pexels #38786371 (19s) <- 'child playing outside active healthy'
  b03/5  5.0s  (running total 14.3s)  Screen breaks and reminders to sit up help bu
    footage[b04]: pexels #27644621 (24s) <- 'family healthy posture active together'
  b04/5  4.2s  (running total 18.6s)  Modeling good posture yourself teaches by exa
    footage[b05]: pexels #29781544 (32s) <- 'family active healthy lifestyle together'
  b05/5  2.9s  (running total 21.4s)  Model it. They notice.

=> C:\Users\Mamun\fb-ig-automation\images\health_reels_cadence5\nc5_d20_1_screen_posture_kids.mp4  total narration ~21.4s
  uploading nc5_d20_1_screen_posture_kids to public asset repo for IG...
  queued nc5_d20_1_screen_posture_kids for 2026-08-30T01:00:00+00:00

=== building nc5_d20_2_travel_immune ===
    footage[b01]: pexels #10807061 (42s) <- 'airplane travel airport person'
  b01/5  5.0s  (running total 5.0s)  Flying can quietly stress your immune system 
    footage[b02]: pexels #6700083 (51s) <- 'person airplane cabin traveling'
  b02/5  4.5s  (running total 9.5s)  Dry cabin air and disrupted sleep both play a
    footage[b03]: pexels #7531182 (27s) <- 'person drinking water airplane travel'
  b03/5  4.6s  (running total 14.1s)  Staying hydrated during the flight helps coun
    footage[b04]: pexels #7198960 (9s) <- 'person resting travel recovery'
  b04/5  5.0s  (running total 19.1s)  Extra sleep before and after can help you bou
    footage[b05]: pexels #20529528 (21s) <- 'person healthy traveling airport'
  b05/5  2.9s  (running total 22.0s)  Hydrate. Rest extra.

=> C:\Users\Mamun\fb-ig-automation\images\health_reels_cadence5\nc5_d20_2_travel_immune.mp4  total narration ~22.0s
  uploading nc5_d20_2_travel_immune to public asset repo for IG...
  queued nc5_d20_2_travel_immune for 2026-08-30T04:00:00+00:00

=== building nc5_d20_3_lower_stress_grip ===
    footage[b01]: pexels #6813704 (8s) <- 'person tense stressed hands clenched'
  b01/5  4.7s  (running total 4.7s)  Clenching your jaw or fists can be a quiet st
    footage[b02]: pexels #6913257 (18s) <- 'person working stressed tense desk'
  b02/5  4.1s  (running total 8.8s)  It often happens without you noticing in the 
    footage[b03]: pexels #8670943 (15s) <- 'person relaxed calm checking body'
  b03/5  4.0s  (running total 12.9s)  A quick body scan can catch it before it buil
    footage[b04]: pexels #4723395 (4s) <- 'person relaxed hands calm stretching'
  b04/5  4.8s  (running total 17.6s)  Unclenching and shaking out your hands can re
    footage[b05]: pexels #7198926 (10s) <- 'person relaxed calm peaceful'
  b05/5  2.7s  (running total 20.3s)  Check in. Right now.

=> C:\Users\Mamun\fb-ig-automation\images\health_reels_cadence5\nc5_d20_3_lower_stress_grip.mp4  total narration ~20.3s
  uploading nc5_d20_3_lower_stress_grip to public asset repo for IG...
  queued nc5_d20_3_lower_stress_grip for 2026-08-30T10:00:00+00:00

=== building nc5_d20_4_food_variety_kids ===
    footage[b01]: pexels #7491818 (14s) <- 'child eating vegetables healthy meal'
  b01/5  4.3s  (running total 4.3s)  It can take many tries for a new food to be a
    footage[b02]: pexels #8122777 (15s) <- 'family eating healthy meal together'
  b02/5  5.2s  (running total 9.6s)  Research suggests repeated exposure matters m
    footage[b03]: pexels #4860391 (19s) <- 'child trying new food healthy'
  b03/5  4.1s  (running total 13.6s)  One no doesn't mean it's off the table foreve
    footage[b04]: pexels #8122777 (15s) <- 'family healthy meal patient together'
  b04/5  4.0s  (running total 17.6s)  Patience beats pressure for building healthy 
    footage[b05]: pexels #8122777 (15s) <- 'family healthy eating together happy'
  b05/5  3.0s  (running total 20.7s)  Try again. Without pressure.

=> C:\Users\Mamun\fb-ig-automation\images\health_reels_cadence5\nc5_d20_4_food_variety_kids.mp4  total narration ~20.7s
  uploading nc5_d20_4_food_variety_kids to public asset repo for IG...
  queued nc5_d20_4_food_variety_kids for 2026-08-30T16:00:00+00:00

=== building nc5_d20_5_hobbies_mental_health ===
    footage[b01]: pexels #7102431 (18s) <- 'person hobby painting creative activity'
  b01/5  4.7s  (running total 4.7s)  Having a hobby outside of work supports real 
    footage[b02]: pexels #8705350 (12s) <- 'person relaxed creative hobby home'
  b02/5  4.0s  (running total 8.7s)  It gives your brain a break from achievement 
    footage[b03]: pexels #6000222 (12s) <- 'person enjoying hobby leisure relaxed'
  b03/5  4.0s  (running total 12.7s)  It doesn't need to be productive, just enjoya
    footage[b04]: pexels #7102431 (18s) <- 'person happy hobby leisure time'
  b04/5  4.7s  (running total 17.4s)  Even 20 minutes a few times a week can make a
    footage[b05]: pexels #6613151 (27s) <- 'person enjoying leisure activity happy'
  b05/5  2.8s  (running total 20.2s)  Make time for something fun.

=> C:\Users\Mamun\fb-ig-automation\images\health_reels_cadence5\nc5_d20_5_hobbies_mental_health.mp4  total narration ~20.2s
  uploading nc5_d20_5_hobbies_mental_health to public asset repo for IG...
  queued nc5_d20_5_hobbies_mental_health for 2026-08-30T19:00:00+00:00

=== building nc5_d20_6_hydration_kidney ===
    footage[b01]: pexels #7531182 (27s) <- 'person drinking water healthy kidney'
  b01/5  5.0s  (running total 5.0s)  Your kidneys filter your entire blood supply 
    footage[b02]: pexels #5636874 (13s) <- 'water glass pouring healthy hydration'
  b02/5  4.3s  (running total 9.4s)  Staying hydrated helps them do that job effic
    footage[b03]: pexels #6614775 (25s) <- 'person tired dehydrated desk'
  b03/5  5.4s  (running total 14.7s)  Chronic under-hydration can add unnecessary s
    footage[b04]: pexels #7531182 (27s) <- 'person healthy drinking water outdoor'
  b04/5  4.3s  (running total 19.0s)  It's one more reason water is such a simple w
    footage[b05]: pexels #8509278 (32s) <- 'person healthy hydrated water glass'
  b05/5  3.0s  (running total 22.1s)  Water supports more than thirst.

=> C:\Users\Mamun\fb-ig-automation\images\health_reels_cadence5\nc5_d20_6_hydration_kidney.mp4  total narration ~22.1s
  uploading nc5_d20_6_hydration_kidney to public asset repo for IG...
  queued nc5_d20_6_hydration_kidney for 2026-08-30T22:00:00+00:00

=== building nc5_d21_1_music_exercise_performance ===
    footage[b01]: pexels #6388403 (35s) <- 'person exercising music headphones gym'
  b01/5  4.2s  (running total 4.2s)  The right playlist can genuinely improve your
    footage[b02]: pexels #26664847 (24s) <- 'person running music headphones outdoor'
  b02/5  4.2s  (running total 8.4s)  Upbeat tempo is linked to lower perceived eff
    footage[b03]: pexels #6388403 (35s) <- 'person energized workout music gym'
  b03/5  4.5s  (running total 12.9s)  It can help you push a little harder without 
    footage[b04]: pexels #29857903 (7s) <- 'person running rhythm music outdoor'
  b04/5  4.0s  (running total 16.9s)  Matching tempo to your pace can help even mor
    footage[b05]: pexels #7198933 (9s) <- 'person energized workout music happy'
  b05/5  2.4s  (running total 19.3s)  Turn up the tempo.

=> C:\Users\Mamun\fb-ig-automation\images\health_reels_cadence5\nc5_d21_1_music_exercise_performance.mp4  total narration ~19.3s
  uploading nc5_d21_1_music_exercise_performance to public asset repo for IG...
  queued nc5_d21_1_music_exercise_performance for 2026-08-31T01:00:00+00:00

=== building nc5_d21_2_gum_health_signal ===
    footage[b01]: pexels #6762631 (31s) <- 'dental care toothbrush healthy teeth'
  b01/5  4.3s  (running total 4.3s)  Bleeding gums when you brush aren't something
    footage[b02]: pexels #6322929 (21s) <- 'person brushing teeth bathroom morning'
  b02/5  3.9s  (running total 8.2s)  It's often an early sign of gum inflammation.
    footage[b03]: pexels #5356410 (32s) <- 'dentist checkup appointment teeth'
  b03/5  4.7s  (running total 12.9s)  Left unaddressed, it can progress to more ser
    footage[b04]: pexels #6762631 (31s) <- 'dental floss teeth care routine'
  b04/5  4.5s  (running total 17.4s)  Better brushing and flossing often improves i
    footage[b05]: pexels #6762988 (28s) <- 'healthy smile teeth dental care'
  b05/5  3.0s  (running total 20.4s)  Notice it? Don't ignore it.

=> C:\Users\Mamun\fb-ig-automation\images\health_reels_cadence5\nc5_d21_2_gum_health_signal.mp4  total narration ~20.4s
  uploading nc5_d21_2_gum_health_signal to public asset repo for IG...
  queued nc5_d21_2_gum_health_signal for 2026-08-31T04:00:00+00:00

=== building nc5_d21_3_sunglasses_eye_protection ===
    footage[b01]: pexels #36109140 (60s) <- 'person wearing sunglasses sunny day'
  b01/5  3.4s  (running total 3.4s)  Sunglasses aren't just a style choice.
    footage[b02]: pexels #18223366 (51s) <- 'sunny bright day outdoor sunlight'
  b02/5  4.8s  (running total 8.1s)  UV exposure can affect your eyes, not just yo
    footage[b03]: pexels #17356514 (38s) <- 'sunglasses closeup lens protection'
  b03/5  6.6s  (running total 14.8s)  Look for lenses labeled UV400 or 100 percent 
    footage[b04]: pexels #36109140 (60s) <- 'person outdoor sunglasses sunny bright'
  b04/5  5.2s  (running total 20.0s)  Cheap, dark lenses without UV protection can 
    footage[b05]: pexels #36109140 (60s) <- 'person sunglasses outdoor happy sunny'
  b05/5  3.4s  (running total 23.4s)  Check the label. Not just the style.

=> C:\Users\Mamun\fb-ig-automation\images\health_reels_cadence5\nc5_d21_3_sunglasses_eye_protection.mp4  total narration ~23.4s
  uploading nc5_d21_3_sunglasses_eye_protection to public asset repo for IG...
  queued nc5_d21_3_sunglasses_eye_protection for 2026-08-31T10:00:00+00:00

=== building nc5_d21_4_heart_rate_recovery ===
    footage[b01]: pexels #6388408 (34s) <- 'person exercising heart rate fitness'
  b01/5  5.8s  (running total 5.8s)  How fast your heart rate drops after exercise
    footage[b02]: pexels #6388409 (32s) <- 'person resting after workout recovery'
  b02/5  4.7s  (running total 10.5s)  It's called heart rate recovery, a simple fit
    footage[b03]: pexels #33643950 (17s) <- 'person checking pulse heart rate'
  b03/5  5.3s  (running total 15.8s)  A faster drop in the first minute generally m
    footage[b04]: pexels #31939568 (33s) <- 'person running cardio exercise fitness'
  b04/5  4.2s  (running total 20.0s)  Regular cardio can improve this over time.
    footage[b05]: pexels #2785539 (29s) <- 'person fit healthy exercising outdoor'
  b05/5  2.4s  (running total 22.4s)  Track it over time.

=> C:\Users\Mamun\fb-ig-automation\images\health_reels_cadence5\nc5_d21_4_heart_rate_recovery.mp4  total narration ~22.4s
  uploading nc5_d21_4_heart_rate_recovery to public asset repo for IG...
  queued nc5_d21_4_heart_rate_recovery for 2026-08-31T16:00:00+00:00

=== building nc5_d21_5_comfort_food_emotions ===
    footage[b01]: pexels #7214663 (7s) <- 'person comfort food stressed eating'
  b01/5  5.1s  (running total 5.1s)  Reaching for comfort food when stressed isn't
    footage[b02]: pexels #7214643 (6s) <- 'person eating comfort food emotional'
  b02/5  5.0s  (running total 10.1s)  Food and mood are wired together in real, bio
    footage[b03]: pexels #34704915 (18s) <- 'person reflecting calm eating aware'
  b03/5  4.6s  (running total 14.7s)  The goal isn't never doing it, it's noticing 
    footage[b04]: pexels #6956369 (17s) <- 'person mindful eating calm table'
  b04/5  4.0s  (running total 18.7s)  Awareness alone can shift how often it happen
    footage[b05]: pexels #7214688 (9s) <- 'person calm relaxed eating comfort'
  b05/5  3.0s  (running total 21.7s)  Notice it. No judgment.

=> C:\Users\Mamun\fb-ig-automation\images\health_reels_cadence5\nc5_d21_5_comfort_food_emotions.mp4  total narration ~21.7s
  uploading nc5_d21_5_comfort_food_emotions to public asset repo for IG...
  queued nc5_d21_5_comfort_food_emotions for 2026-08-31T19:00:00+00:00

=== building nc5_d21_6_desk_lighting ===
    footage[b01]: pexels #31663997 (27s) <- 'desk lamp lighting office work'
  b01/5  4.3s  (running total 4.3s)  Dim lighting at your desk can quietly cause e
    footage[b02]: pexels #6614783 (41s) <- 'person working dim light desk'
  b02/5  4.0s  (running total 8.3s)  Your eyes work harder in low, uneven light.
    footage[b03]: pexels #31663997 (27s) <- 'desk lamp bright workspace comfortable'
  b03/5  4.3s  (running total 12.6s)  Matching your screen brightness to the room r
    footage[b04]: pexels #34771075 (10s) <- 'desk lamp office bright workspace'
  b04/5  4.2s  (running total 16.8s)  A desk lamp can fill in for dim overhead ligh
    footage[b05]: pexels #6325839 (22s) <- 'bright comfortable office desk workspace'
  b05/5  2.5s  (running total 19.3s)  Brighten your workspace.

=> C:\Users\Mamun\fb-ig-automation\images\health_reels_cadence5\nc5_d21_6_desk_lighting.mp4  total narration ~19.3s
  uploading nc5_d21_6_desk_lighting to public asset repo for IG...
  queued nc5_d21_6_desk_lighting for 2026-08-31T22:00:00+00:00

=== building nc5_d22_1_travel_time_zones_sleep ===
    footage[b01]: pexels #9141881 (16s) <- 'person packing suitcase travel prep'
  b01/5  5.1s  (running total 5.1s)  Adjusting your sleep before a trip can ease j
    footage[b02]: pexels #6598884 (14s) <- 'person sleeping bed adjusting schedule'
  b02/5  5.3s  (running total 10.4s)  Shifting bedtime by 30 to 60 minutes a few da
    footage[b03]: pexels #35684797 (27s) <- 'person traveling airport happy prepared'
  b03/5  3.8s  (running total 14.2s)  It's a small step that can soften the landing
    footage[b04]: pexels #7607100 (41s) <- 'person arriving destination sunlight travel'
  b04/5  4.0s  (running total 18.2s)  Combine it with light exposure at the destina
    footage[b05]: pexels #35684797 (27s) <- 'person traveling prepared happy airport'
  b05/5  3.3s  (running total 21.5s)  Start early. Before you fly.

=> C:\Users\Mamun\fb-ig-automation\images\health_reels_cadence5\nc5_d22_1_travel_time_zones_sleep.mp4  total narration ~21.5s
  uploading nc5_d22_1_travel_time_zones_sleep to public asset repo for IG...
  queued nc5_d22_1_travel_time_zones_sleep for 2026-09-01T01:00:00+00:00

=== building nc5_d22_2_stretching_flexibility_myth ===
    footage[b01]: pexels #6940002 (22s) <- 'person stretching flexibility exercise'
  b01/5  4.7s  (running total 4.7s)  Flexibility work isn't just for gymnasts and 
    footage[b02]: pexels #9001918 (11s) <- 'person stretching home floor exercise'
  b02/5  4.3s  (running total 9.0s)  Tight muscles can limit everyday movement qua
    footage[b03]: pexels #7226846 (30s) <- 'person stretching home routine calm'
  b03/5  4.0s  (running total 13.0s)  A few minutes a few times a week keeps things
    footage[b04]: pexels #7423634 (18s) <- 'person flexible stretching healthy active'
  b04/5  4.0s  (running total 17.0s)  It's easy to skip, but adds up over time.
    footage[b05]: pexels #4488003 (28s) <- 'person stretching healthy active home'
  b05/5  3.4s  (running total 20.4s)  A few minutes. A few times a week.

=> C:\Users\Mamun\fb-ig-automation\images\health_reels_cadence5\nc5_d22_2_stretching_flexibility_myth.mp4  total narration ~20.4s
  uploading nc5_d22_2_stretching_flexibility_myth to public asset repo for IG...
  queued nc5_d22_2_stretching_flexibility_myth for 2026-09-01T04:00:00+00:00

=== building nc5_d22_3_hydration_concentration ===
    footage[b01]: pexels #6615059 (24s) <- 'person focused desk work water'
  b01/5  4.7s  (running total 4.7s)  Struggling to concentrate? Check your water i
    footage[b02]: pexels #6614775 (25s) <- 'person distracted tired desk work'
  b02/5  5.3s  (running total 10.0s)  Even mild dehydration can affect focus and sh
    footage[b03]: pexels #8298300 (27s) <- 'person busy working desk forgetting water'
  b03/5  4.0s  (running total 14.0s)  It's an easy thing to overlook during a busy 
    footage[b04]: pexels #5197394 (25s) <- 'person drinking water desk focused'
  b04/5  4.8s  (running total 18.8s)  A glass of water before assuming you need caf
    footage[b05]: pexels #6912417 (31s) <- 'person focused productive desk water'
  b05/5  3.2s  (running total 22.0s)  Water first. Then decide.

=> C:\Users\Mamun\fb-ig-automation\images\health_reels_cadence5\nc5_d22_3_hydration_concentration.mp4  total narration ~22.0s
  uploading nc5_d22_3_hydration_concentration to public asset repo for IG...
  queued nc5_d22_3_hydration_concentration for 2026-09-01T10:00:00+00:00

=== building nc5_d22_4_posture_confidence_interviews ===
    footage[b01]: pexels #6913260 (31s) <- 'person confident standing preparing'
  b01/5  5.3s  (running total 5.3s)  Your posture before a big moment can shift ho
    footage[b02]: pexels #7224505 (25s) <- 'person confident posture preparing meeting'
  b02/5  4.8s  (running total 10.1s)  A couple minutes of standing tall before a st
    footage[b03]: pexels #7198939 (4s) <- 'person preparing confident calm'
  b03/5  4.2s  (running total 14.2s)  It's a small, free tool worth trying beforeha
    footage[b04]: pexels #7415212 (15s) <- 'person breathing calm confident preparing'
  b04/5  3.2s  (running total 17.4s)  Pair it with a few slow, deep breaths.
    footage[b05]: pexels #17741058 (10s) <- 'person confident calm ready'
  b05/5  3.0s  (running total 20.4s)  Stand tall. Breathe slow.

=> C:\Users\Mamun\fb-ig-automation\images\health_reels_cadence5\nc5_d22_4_posture_confidence_interviews.mp4  total narration ~20.4s
  uploading nc5_d22_4_posture_confidence_interviews to public asset repo for IG...
  queued nc5_d22_4_posture_confidence_interviews for 2026-09-01T16:00:00+00:00

=== building nc5_d22_5_fermented_food_variety ===
    footage[b01]: pexels #6663655 (33s) <- 'fermented foods variety kitchen table'
  b01/5  4.0s  (running total 4.0s)  Fermented foods aren't just yogurt and kimchi
    footage[b02]: pexels #6327986 (15s) <- 'sourdough bread kombucha healthy'
  b02/5  4.6s  (running total 8.6s)  Sourdough, miso, and kombucha are all ferment
    footage[b03]: pexels #36272126 (19s) <- 'variety fermented food table healthy'
  b03/5  4.6s  (running total 13.2s)  Different foods often bring different bacteri
    footage[b04]: pexels #36272126 (19s) <- 'healthy diverse food table colorful'
  b04/5  4.8s  (running total 18.0s)  Mixing it up may support a more diverse gut m
    footage[b05]: pexels #25745552 (18s) <- 'healthy fermented food table variety'
  b05/5  2.7s  (running total 20.7s)  Try something new this week.

=> C:\Users\Mamun\fb-ig-automation\images\health_reels_cadence5\nc5_d22_5_fermented_food_variety.mp4  total narration ~20.7s
  uploading nc5_d22_5_fermented_food_variety to public asset repo for IG...
  queued nc5_d22_5_fermented_food_variety for 2026-09-01T19:00:00+00:00

=== building nc5_d22_6_digital_sunset ===
    footage[b01]: pexels #6611940 (34s) <- 'person putting away phone evening'
  b01/5  4.2s  (running total 4.2s)  A digital sunset can be as simple as it sound
    footage[b02]: pexels #7214644 (11s) <- 'phone charging away bedroom night'
  b02/5  4.6s  (running total 8.8s)  Picking a time to put screens away sets a cle
    footage[b03]: pexels #16356373 (35s) <- 'person relaxed evening no phone'
  b03/5  5.3s  (running total 14.1s)  It gives your mind time to unwind before actu
    footage[b04]: pexels #31663907 (25s) <- 'cozy evening relaxing no screens'
  b04/5  4.4s  (running total 18.5s)  Even one hour before bed can make a real diff
    footage[b05]: pexels #26536165 (22s) <- 'peaceful evening relaxing cozy home'
  b05/5  3.0s  (running total 21.5s)  Pick your digital sunset time.

=> C:\Users\Mamun\fb-ig-automation\images\health_reels_cadence5\nc5_d22_6_digital_sunset.mp4  total narration ~21.5s
  uploading nc5_d22_6_digital_sunset to public asset repo for IG...
  queued nc5_d22_6_digital_sunset for 2026-09-01T22:00:00+00:00

=== building nc5_d23_1_exercise_variety ===
    footage[b01]: pexels #6388407 (30s) <- 'person exercising variety workout gym'
  b01/5  5.1s  (running total 5.1s)  Doing the same workout over and over can quie
    footage[b02]: pexels #6389558 (21s) <- 'person working out routine gym'
  b02/5  4.1s  (running total 9.2s)  Your body adapts to repeated, familiar moveme
    footage[b03]: pexels #6390400 (22s) <- 'person trying new workout exercise'
  b03/5  4.8s  (running total 14.1s)  Mixing in new exercises challenges different 
    footage[b04]: pexels #38411925 (28s) <- 'person enjoying varied workout fitness'
  b04/5  3.7s  (running total 17.8s)  It also keeps things more mentally engaging.
    footage[b05]: pexels #4764175 (28s) <- 'person active varied exercise happy'
  b05/5  2.4s  (running total 20.1s)  Mix it up this week.

=> C:\Users\Mamun\fb-ig-automation\images\health_reels_cadence5\nc5_d23_1_exercise_variety.mp4  total narration ~20.1s
  uploading nc5_d23_1_exercise_variety to public asset repo for IG...
  queued nc5_d23_1_exercise_variety for 2026-09-02T01:00:00+00:00

=== building nc5_d23_2_hydration_medication ===
    footage[b01]: pexels #7214681 (7s) <- 'medicine pills water glass health'
  b01/5  5.2s  (running total 5.2s)  Some medications change how much water your b
    footage[b02]: pexels #7214681 (7s) <- 'person taking medicine water glass'
  b02/5  3.9s  (running total 9.1s)  Certain ones can increase fluid loss or thirs
    footage[b03]: pexels #12183251 (44s) <- 'pharmacy pharmacist consultation health'
  b03/5  4.7s  (running total 13.8s)  It's worth asking your pharmacist if hydratio
    footage[b04]: pexels #12183251 (44s) <- 'person healthy consultation pharmacy'
  b04/5  4.4s  (running total 18.2s)  A quick question can save you from feeling co
    footage[b05]: pexels #7214672 (5s) <- 'person healthy informed pharmacy'
  b05/5  2.5s  (running total 20.7s)  Ask your pharmacist.

=> C:\Users\Mamun\fb-ig-automation\images\health_reels_cadence5\nc5_d23_2_hydration_medication.mp4  total narration ~20.7s
  uploading nc5_d23_2_hydration_medication to public asset repo for IG...
  queued nc5_d23_2_hydration_medication for 2026-09-02T04:00:00+00:00

=== building nc5_d23_3_breathing_exercise_recovery ===
    footage[b01]: pexels #6326788 (34s) <- 'person exercising breathing gym fitness'
  b01/5  4.6s  (running total 4.6s)  How you breathe during exercise affects how h
    footage[b02]: pexels #6388873 (28s) <- 'person exercising intense effort gym'
  b02/5  4.5s  (running total 9.2s)  Shallow, held breath can make effort feel har
    footage[b03]: pexels #31939568 (33s) <- 'person running steady breathing outdoor'
  b03/5  4.4s  (running total 13.6s)  Steady, rhythmic breathing helps you pace you
    footage[b04]: pexels #7531381 (22s) <- 'person exercising controlled breathing'
  b04/5  3.9s  (running total 17.4s)  It's worth practicing on easier workouts firs
    footage[b05]: pexels #38411925 (28s) <- 'person exercising calm controlled fitness'
  b05/5  2.4s  (running total 19.8s)  Breathe with rhythm.

=> C:\Users\Mamun\fb-ig-automation\images\health_reels_cadence5\nc5_d23_3_breathing_exercise_recovery.mp4  total narration ~19.8s
  uploading nc5_d23_3_breathing_exercise_recovery to public asset repo for IG...
  queued nc5_d23_3_breathing_exercise_recovery for 2026-09-02T10:00:00+00:00

=== building nc5_d23_4_snack_timing_sleep ===
    footage[b01]: pexels #6913263 (26s) <- 'person eating late night snack'
  b01/5  4.7s  (running total 4.7s)  A heavy snack too close to bedtime can disrup
    footage[b02]: pexels #15749909 (40s) <- 'person eating late kitchen night'
  b02/5  5.1s  (running total 9.9s)  Digestion competing with your body winding do
    footage[b03]: pexels #31663920 (54s) <- 'light healthy snack evening small'
  b03/5  5.0s  (running total 14.9s)  A light snack is usually fine, timing and siz
    footage[b04]: pexels #7214642 (6s) <- 'person relaxed evening no food'
  b04/5  3.9s  (running total 18.8s)  Try to finish eating an hour or two before be
    footage[b05]: pexels #7986970 (18s) <- 'person peaceful evening bedtime'
  b05/5  2.7s  (running total 21.4s)  Light. And earlier.

=> C:\Users\Mamun\fb-ig-automation\images\health_reels_cadence5\nc5_d23_4_snack_timing_sleep.mp4  total narration ~21.4s
  uploading nc5_d23_4_snack_timing_sleep to public asset repo for IG...
  queued nc5_d23_4_snack_timing_sleep for 2026-09-02T16:00:00+00:00

=== building nc5_d23_5_walking_pace_benefits ===
    footage[b01]: pexels #30074961 (10s) <- 'person walking briskly outdoor exercise'
  b01/5  4.2s  (running total 4.2s)  Walking speed might matter more than step cou
    footage[b02]: pexels #34913017 (30s) <- 'person power walking fast outdoor'
  b02/5  4.6s  (running total 8.7s)  A brisk pace gets your heart rate up more tha
    footage[b03]: pexels #30074961 (10s) <- 'person walking energetically outdoor healthy'
  b03/5  5.3s  (running total 14.0s)  Some research links faster walking pace to be
    footage[b04]: pexels #34432747 (49s) <- 'person walking brisk pace park'
  b04/5  3.9s  (running total 17.9s)  Try picking up the pace on part of your next 
    footage[b05]: pexels #8052792 (18s) <- 'person energetic walking outdoor healthy'
  b05/5  2.2s  (running total 20.1s)  Pick up the pace.

=> C:\Users\Mamun\fb-ig-automation\images\health_reels_cadence5\nc5_d23_5_walking_pace_benefits.mp4  total narration ~20.1s
  uploading nc5_d23_5_walking_pace_benefits to public asset repo for IG...
  queued nc5_d23_5_walking_pace_benefits for 2026-09-02T19:00:00+00:00

=== building nc5_d23_6_gratitude_relationships ===
    footage[b01]: pexels #5822488 (31s) <- 'friends talking appreciation happy'
  b01/5  5.3s  (running total 5.3s)  Telling someone specifically why you apprecia
    footage[b02]: pexels #7576224 (22s) <- 'friends conversation genuine happy'
  b02/5  4.6s  (running total 10.0s)  Generic thanks feels good, specific thanks fe
    footage[b03]: pexels #5706351 (34s) <- 'friends hugging genuine connection happy'
  b03/5  3.8s  (running total 13.8s)  It strengthens the relationship on both sides
    footage[b04]: pexels #3761090 (14s) <- 'people smiling genuine conversation'
  b04/5  4.1s  (running total 17.8s)  It costs nothing and takes under a minute to 
    footage[b05]: pexels #7576224 (22s) <- 'friends happy genuine connection together'
  b05/5  2.8s  (running total 20.6s)  Say it specifically today.

=> C:\Users\Mamun\fb-ig-automation\images\health_reels_cadence5\nc5_d23_6_gratitude_relationships.mp4  total narration ~20.6s
  uploading nc5_d23_6_gratitude_relationships to public asset repo for IG...
  queued nc5_d23_6_gratitude_relationships for 2026-09-02T22:00:00+00:00

queued 72 new items
