
=== building nc4_d13_1_text_neck ===
    footage[b01]: pexels #6421435 (29s) <- 'person looking down phone neck'
  b01/5  5.2s  (running total 5.2s)  Looking down at your phone puts way more stra
    footage[b02]: pexels #13801242 (10s) <- 'person texting phone looking down street'
  b02/5  5.1s  (running total 10.3s)  At a steep angle, your neck carries several t
    footage[b03]: pexels #7263096 (28s) <- 'person phone neck pain discomfort'
  b03/5  4.0s  (running total 14.3s)  It's called text neck, and it's very common n
    footage[b04]: pexels #4812259 (16s) <- 'person holding phone eye level'
  b04/5  4.8s  (running total 19.1s)  Raising your phone closer to eye level eases 
    footage[b05]: pexels #6563979 (15s) <- 'person using phone comfortable posture'
  b05/5  2.9s  (running total 22.0s)  Raise it up. Save your neck.

=> C:\Users\Mamun\fb-ig-automation\images\health_reels_cadence4\nc4_d13_1_text_neck.mp4  total narration ~22.0s
  uploading nc4_d13_1_text_neck to public asset repo for IG...
  queued nc4_d13_1_text_neck for 2026-08-23T01:00:00+00:00

=== building nc4_d13_2_water_bottle_hygiene ===
    footage[b01]: pexels #6612216 (16s) <- 'reusable water bottle closeup'
  b01/5  4.4s  (running total 4.4s)  Your reusable water bottle needs more than a 
    footage[b02]: pexels #4363004 (28s) <- 'water bottle cap closeup clean'
  b02/5  5.0s  (running total 9.4s)  Bacteria can build up in the cap and straw es
    footage[b03]: pexels #9474970 (12s) <- 'washing bottle sink soap kitchen'
  b03/5  4.8s  (running total 14.2s)  A weekly wash with soap and a bottle brush do
    footage[b04]: pexels #34822125 (40s) <- 'clean bottle drying kitchen counter'
  b04/5  3.7s  (running total 17.9s)  Let it dry fully before closing the cap.
    footage[b05]: pexels #5636874 (13s) <- 'water bottle fresh clean table'
  b05/5  2.6s  (running total 20.5s)  Give it a wash this week.

=> C:\Users\Mamun\fb-ig-automation\images\health_reels_cadence4\nc4_d13_2_water_bottle_hygiene.mp4  total narration ~20.5s
  uploading nc4_d13_2_water_bottle_hygiene to public asset repo for IG...
  queued nc4_d13_2_water_bottle_hygiene for 2026-08-23T04:00:00+00:00

=== building nc4_d13_3_hunger_hormones ===
    footage[b01]: pexels #8477408 (17s) <- 'person eating meal hungry table'
  b01/5  5.0s  (running total 5.0s)  Feeling hungry isn't just willpower, it's two
    footage[b02]: pexels #37531992 (12s) <- 'healthy meal plate table food'
  b02/5  3.9s  (running total 8.9s)  Ghrelin says eat now, leptin says you're full
    footage[b03]: pexels #7214704 (7s) <- 'tired person stressed eating'
  b03/5  4.0s  (running total 12.9s)  Poor sleep and stress can throw both off bala
    footage[b04]: pexels #6696279 (10s) <- 'person tired craving snack kitchen'
  b04/5  4.0s  (running total 16.9s)  That's part of why cravings spike when you're
    footage[b05]: pexels #6707753 (29s) <- 'person eating balanced meal healthy'
  b05/5  3.5s  (running total 20.3s)  It's biology. Not just willpower.

=> C:\Users\Mamun\fb-ig-automation\images\health_reels_cadence4\nc4_d13_3_hunger_hormones.mp4  total narration ~20.3s
  uploading nc4_d13_3_hunger_hormones to public asset repo for IG...
  queued nc4_d13_3_hunger_hormones for 2026-08-23T10:00:00+00:00

=== building nc4_d13_4_moderate_exercise_immunity ===
    footage[b01]: pexels #8343996 (27s) <- 'person jogging outdoor exercise healthy'
  b01/5  5.2s  (running total 5.2s)  Moderate exercise can genuinely support your 
    footage[b02]: pexels #8457025 (24s) <- 'person exercising park morning fitness'
  b02/5  4.6s  (running total 9.8s)  Regular movement helps immune cells circulate
    footage[b03]: pexels #6388409 (32s) <- 'person exhausted after intense workout'
  b03/5  4.8s  (running total 14.6s)  But extreme, exhausting training can briefly 
    footage[b04]: pexels #2785533 (38s) <- 'person walking exercise consistent routine'
  b04/5  4.9s  (running total 19.5s)  The sweet spot: consistent, moderate movement
    footage[b05]: pexels #8343996 (27s) <- 'person active healthy lifestyle outdoor'
  b05/5  2.7s  (running total 22.2s)  Moderate and consistent.

=> C:\Users\Mamun\fb-ig-automation\images\health_reels_cadence4\nc4_d13_4_moderate_exercise_immunity.mp4  total narration ~22.2s
  uploading nc4_d13_4_moderate_exercise_immunity to public asset repo for IG...
  queued nc4_d13_4_moderate_exercise_immunity for 2026-08-23T16:00:00+00:00

=== building nc4_d13_5_chronotype_basics ===
    footage[b01]: pexels #31470192 (28s) <- 'person waking up early sunrise window'
  b01/5  5.1s  (running total 5.1s)  Night owl or early bird? It's partly hardwire
    footage[b02]: pexels #6614783 (41s) <- 'person working late night owl desk'
  b02/5  4.5s  (running total 9.7s)  Your chronotype is shaped by genetics as much
    footage[b03]: pexels #31470192 (28s) <- 'tired person forcing early morning'
  b03/5  4.2s  (running total 13.9s)  Fighting it hard can mean chronic low-grade t
    footage[b04]: pexels #6614771 (30s) <- 'person productive natural rhythm work'
  b04/5  4.5s  (running total 18.4s)  Working with it, when you can, beats forcing 
    footage[b05]: pexels #36025108 (23s) <- 'person comfortable natural schedule home'
  b05/5  2.9s  (running total 21.3s)  Know your type. Work with it.

=> C:\Users\Mamun\fb-ig-automation\images\health_reels_cadence4\nc4_d13_5_chronotype_basics.mp4  total narration ~21.3s
  uploading nc4_d13_5_chronotype_basics to public asset repo for IG...
  queued nc4_d13_5_chronotype_basics for 2026-08-23T19:00:00+00:00

=== building nc4_d13_6_indoor_plants_air ===
    footage[b01]: pexels #9467010 (26s) <- 'houseplants indoor greenery home'
  b01/5  4.0s  (running total 4.0s)  A few houseplants can do more than decorate a
    footage[b02]: pexels #7654685 (36s) <- 'person caring plants home peaceful'
  b02/5  4.7s  (running total 8.8s)  Some studies link indoor plants to lower stre
    footage[b03]: pexels #9467020 (34s) <- 'person watering plant home care'
  b03/5  4.0s  (running total 12.8s)  Caring for something living can itself be cal
    footage[b04]: pexels #7204520 (22s) <- 'cozy home plants greenery interior'
  b04/5  4.3s  (running total 17.1s)  It's a small, low-effort way to green up your
    footage[b05]: pexels #10756505 (37s) <- 'houseplant windowsill sunlight home'
  b05/5  2.6s  (running total 19.8s)  Add a plant to your space.

=> C:\Users\Mamun\fb-ig-automation\images\health_reels_cadence4\nc4_d13_6_indoor_plants_air.mp4  total narration ~19.8s
  uploading nc4_d13_6_indoor_plants_air to public asset repo for IG...
  queued nc4_d13_6_indoor_plants_air for 2026-08-23T22:00:00+00:00

=== building nc4_d14_1_caffeine_calcium ===
    footage[b01]: pexels #19086477 (59s) <- 'coffee cup closeup steam morning'
  b01/5  5.2s  (running total 5.2s)  Too much caffeine can quietly affect how your
Traceback (most recent call last):
  File "C:\Users\Mamun\AppData\Local\Packages\PythonSoftwareFoundation.Python.3.12_qbz5n2kfra8p0\LocalCache\local-packages\Python312\site-packages\urllib3\response.py", line 905, in _error_catcher
    yield
  File "C:\Users\Mamun\AppData\Local\Packages\PythonSoftwareFoundation.Python.3.12_qbz5n2kfra8p0\LocalCache\local-packages\Python312\site-packages\urllib3\response.py", line 1043, in _raw_read
    raise IncompleteRead(self._fp_bytes_read, self.length_remaining)
urllib3.exceptions.IncompleteRead: IncompleteRead(11246848 bytes read, 30563813 more expected)

The above exception was the direct cause of the following exception:

Traceback (most recent call last):
  File "C:\Users\Mamun\AppData\Local\Packages\PythonSoftwareFoundation.Python.3.12_qbz5n2kfra8p0\LocalCache\local-packages\Python312\site-packages\requests\models.py", line 937, in generate
    yield from self.raw.stream(chunk_size, decode_content=True)
  File "C:\Users\Mamun\AppData\Local\Packages\PythonSoftwareFoundation.Python.3.12_qbz5n2kfra8p0\LocalCache\local-packages\Python312\site-packages\urllib3\response.py", line 1267, in stream
    data = self.read(amt=amt, decode_content=decode_content)
           ^^^^^^^^^^^^^^^^^^^^^^^^^^^^^^^^^^^^^^^^^^^^^^^^^
  File "C:\Users\Mamun\AppData\Local\Packages\PythonSoftwareFoundation.Python.3.12_qbz5n2kfra8p0\LocalCache\local-packages\Python312\site-packages\urllib3\response.py", line 1155, in read
    data = self._raw_read(amt)
           ^^^^^^^^^^^^^^^^^^^
  File "C:\Users\Mamun\AppData\Local\Packages\PythonSoftwareFoundation.Python.3.12_qbz5n2kfra8p0\LocalCache\local-packages\Python312\site-packages\urllib3\response.py", line 1021, in _raw_read
    with self._error_catcher():
         ^^^^^^^^^^^^^^^^^^^^^
  File "C:\Program Files\WindowsApps\PythonSoftwareFoundation.Python.3.12_3.12.2800.0_x64__qbz5n2kfra8p0\Lib\contextlib.py", line 158, in __exit__
    self.gen.throw(value)
  File "C:\Users\Mamun\AppData\Local\Packages\PythonSoftwareFoundation.Python.3.12_qbz5n2kfra8p0\LocalCache\local-packages\Python312\site-packages\urllib3\response.py", line 925, in _error_catcher
    raise ProtocolError(arg, e) from e
urllib3.exceptions.ProtocolError: ('Connection broken: IncompleteRead(11246848 bytes read, 30563813 more expected)', IncompleteRead(11246848 bytes read, 30563813 more expected))

During handling of the above exception, another exception occurred:

Traceback (most recent call last):
  File "C:\Users\Mamun\fb-ig-automation\hd_reel_enqueue.py", line 119, in <module>
    main(args[0], stock=stock)
  File "C:\Users\Mamun\fb-ig-automation\hd_reel_enqueue.py", line 73, in main
    build_reel(beats, str(video_path), str(work_dir), str(video_state), str(lock))
  File "C:\Users\Mamun\fb-ig-automation\video_health_reel_stock.py", line 144, in build
    path, hit = fetch_footage(b["query"], str(footage_path),
                ^^^^^^^^^^^^^^^^^^^^^^^^^^^^^^^^^^^^^^^^^^^^
  File "C:\Users\Mamun\fb-ig-automation\stock_footage.py", line 96, in fetch
    return download_clip(hit, out_path, min_width=min_width), hit
           ^^^^^^^^^^^^^^^^^^^^^^^^^^^^^^^^^^^^^^^^^^^^^^^^^
  File "C:\Users\Mamun\fb-ig-automation\stock_footage.py", line 84, in download_clip
    for chunk in r.iter_content(1 << 16):
                 ^^^^^^^^^^^^^^^^^^^^^^^
  File "C:\Users\Mamun\AppData\Local\Packages\PythonSoftwareFoundation.Python.3.12_qbz5n2kfra8p0\LocalCache\local-packages\Python312\site-packages\requests\models.py", line 939, in generate
    raise ChunkedEncodingError(e)
requests.exceptions.ChunkedEncodingError: ('Connection broken: IncompleteRead(11246848 bytes read, 30563813 more expected)', IncompleteRead(11246848 bytes read, 30563813 more expected))

=== building nc4_d14_1_caffeine_calcium ===
  b01: already built, skipping
    footage[b02]: pexels #5095328 (22s) <- 'coffee pouring cup kitchen morning'
  b02/5  4.6s  (running total 9.8s)  High intake may slightly increase calcium los
    footage[b03]: pexels #9787012 (20s) <- 'dairy milk calcium healthy food'
  b03/5  4.8s  (running total 14.6s)  The effect is modest, not a reason to panic, 
    footage[b04]: pexels #8295306 (13s) <- 'healthy dairy yogurt milk table'
  b04/5  4.7s  (running total 19.3s)  Getting enough calcium from food covers most 
    footage[b05]: pexels #19086477 (59s) <- 'coffee healthy balance morning'
  b05/5  3.6s  (running total 22.9s)  Moderate caffeine. Steady calcium.

=> C:\Users\Mamun\fb-ig-automation\images\health_reels_cadence4\nc4_d14_1_caffeine_calcium.mp4  total narration ~22.9s
  uploading nc4_d14_1_caffeine_calcium to public asset repo for IG...
  queued nc4_d14_1_caffeine_calcium for 2026-08-24T01:00:00+00:00

=== building nc4_d14_2_weighted_blankets ===
    footage[b01]: pexels #7495056 (16s) <- 'cozy blanket bed comfortable night'
  b01/5  3.7s  (running total 3.7s)  Weighted blankets aren't just a cozy trend.
    footage[b02]: pexels #7505649 (17s) <- 'person cozy bed blanket relaxing'
  b02/5  4.7s  (running total 8.3s)  The gentle pressure can mimic a calming hug-l
    footage[b03]: pexels #17041569 (13s) <- 'person sleeping peaceful cozy bed'
  b03/5  4.3s  (running total 12.7s)  Some people find it helps ease anxiety before
    footage[b04]: pexels #7495056 (16s) <- 'cozy bedroom night comfortable blanket'
  b04/5  3.9s  (running total 16.6s)  It's not a fix for everyone, but worth trying
    footage[b05]: pexels #5725851 (30s) <- 'person relaxed comfortable bed night'
  b05/5  2.2s  (running total 18.8s)  Worth a try.

=> C:\Users\Mamun\fb-ig-automation\images\health_reels_cadence4\nc4_d14_2_weighted_blankets.mp4  total narration ~18.8s
  uploading nc4_d14_2_weighted_blankets to public asset repo for IG...
  queued nc4_d14_2_weighted_blankets for 2026-08-24T04:00:00+00:00

=== building nc4_d14_3_serving_size_trick ===
    footage[b01]: pexels #6169102 (18s) <- 'nutrition label package closeup'
  b01/5  4.9s  (running total 4.9s)  That low calorie label might be hiding a tiny
    footage[b02]: pexels #6169087 (20s) <- 'food package label reading'
  b02/5  4.6s  (running total 9.6s)  A bag might list per serving, with 3 servings
    footage[b03]: pexels #13441376 (15s) <- 'snack bag package kitchen'
  b03/5  3.9s  (running total 13.5s)  Eating the whole thing can mean triple the nu
    footage[b04]: pexels #4251604 (22s) <- 'person reading food label grocery'
  b04/5  5.2s  (running total 18.7s)  Always check servings per container, not just
    footage[b05]: pexels #29369224 (10s) <- 'grocery shopping label reading'
  b05/5  2.4s  (running total 21.0s)  Check the whole label.

=> C:\Users\Mamun\fb-ig-automation\images\health_reels_cadence4\nc4_d14_3_serving_size_trick.mp4  total narration ~21.0s
  uploading nc4_d14_3_serving_size_trick to public asset repo for IG...
  queued nc4_d14_3_serving_size_trick for 2026-08-24T10:00:00+00:00

=== building nc4_d14_4_dynamic_vs_static_stretch ===
    footage[b01]: pexels #5310748 (40s) <- 'person stretching before workout dynamic'
  b01/5  4.5s  (running total 4.5s)  Stretching before a workout? Skip the long, s
    footage[b02]: pexels #8809585 (26s) <- 'person warming up exercise movement'
  b02/5  5.6s  (running total 10.2s)  Static stretching before exercise can actuall
    footage[b03]: pexels #2785539 (29s) <- 'person dynamic warmup exercise outdoor'
  b03/5  5.8s  (running total 16.0s)  Dynamic movement, leg swings, arm circles, wa
    footage[b04]: pexels #7226846 (30s) <- 'person stretching after workout cooldown'
  b04/5  4.4s  (running total 20.4s)  Save the long, still stretches for after your
    footage[b05]: pexels #37451671 (29s) <- 'person exercising warmup fitness'
  b05/5  3.0s  (running total 23.4s)  Move first. Hold later.

=> C:\Users\Mamun\fb-ig-automation\images\health_reels_cadence4\nc4_d14_4_dynamic_vs_static_stretch.mp4  total narration ~23.4s
  uploading nc4_d14_4_dynamic_vs_static_stretch to public asset repo for IG...
  queued nc4_d14_4_dynamic_vs_static_stretch for 2026-08-24T16:00:00+00:00

=== building nc4_d14_5_posture_breathing_capacity ===
    footage[b01]: pexels #27430390 (22s) <- 'person slouching desk posture'
  b01/5  4.5s  (running total 4.5s)  Slumped posture can actually limit how deeply
    footage[b02]: pexels #6614775 (25s) <- 'person sitting hunched desk work'
  b02/5  4.8s  (running total 9.3s)  A compressed chest leaves less room for your 
    footage[b03]: pexels #34725299 (50s) <- 'person sitting upright good posture'
  b03/5  4.1s  (running total 13.4s)  Sitting taller gives your lungs more room to 
    footage[b04]: pexels #7531381 (22s) <- 'person confident posture breathing'
  b04/5  4.5s  (running total 17.9s)  It's a small shift with a real effect on how 
    footage[b05]: pexels #36232102 (27s) <- 'person good posture desk breathing'
  b05/5  3.0s  (running total 20.9s)  Sit tall. Breathe deeper.

=> C:\Users\Mamun\fb-ig-automation\images\health_reels_cadence4\nc4_d14_5_posture_breathing_capacity.mp4  total narration ~20.9s
  uploading nc4_d14_5_posture_breathing_capacity to public asset repo for IG...
  queued nc4_d14_5_posture_breathing_capacity for 2026-08-24T19:00:00+00:00

=== building nc4_d14_6_sleep_weight_link ===
    footage[b01]: pexels #6541179 (15s) <- 'person sleeping peaceful bed night'
  b01/5  4.7s  (running total 4.7s)  Sleep and weight are more connected than most
    footage[b02]: pexels #31663920 (54s) <- 'tired person eating late night'
  b02/5  4.2s  (running total 8.9s)  Short sleep is linked to higher hunger and cr
    footage[b03]: pexels #7214704 (7s) <- 'person tired craving unhealthy food'
  b03/5  4.0s  (running total 12.9s)  It also affects willpower around food choices
    footage[b04]: pexels #7592098 (23s) <- 'person well rested healthy morning'
  b04/5  4.5s  (running total 17.4s)  Prioritizing sleep can be a quiet nutrition t
    footage[b05]: pexels #7592151 (17s) <- 'person waking up rested healthy'
  b05/5  2.8s  (running total 20.2s)  Sleep is part of the plan.

=> C:\Users\Mamun\fb-ig-automation\images\health_reels_cadence4\nc4_d14_6_sleep_weight_link.mp4  total narration ~20.2s
  uploading nc4_d14_6_sleep_weight_link to public asset repo for IG...
  queued nc4_d14_6_sleep_weight_link for 2026-08-24T22:00:00+00:00

=== building nc4_d15_1_chewing_digestion ===
    footage[b01]: pexels #9034020 (13s) <- 'person eating meal slowly table'
  b01/5  4.4s  (running total 4.4s)  Chewing thoroughly does more for digestion th
    footage[b02]: pexels #6798985 (17s) <- 'healthy meal eating table closeup'
  b02/5  4.5s  (running total 8.9s)  Digestion actually starts in your mouth, not 
    footage[b03]: pexels #9034020 (13s) <- 'person eating meal mindfully table'
  b03/5  4.4s  (running total 13.3s)  Smaller pieces are easier for your body to br
    footage[b04]: pexels #6327763 (55s) <- 'person enjoying meal slowly relaxed'
  b04/5  5.1s  (running total 18.4s)  Eating slower also gives your brain time to r
    footage[b05]: pexels #3256771 (19s) <- 'healthy meal table enjoying food'
  b05/5  3.2s  (running total 21.6s)  Chew slower. Digest better.

=> C:\Users\Mamun\fb-ig-automation\images\health_reels_cadence4\nc4_d15_1_chewing_digestion.mp4  total narration ~21.6s
  uploading nc4_d15_1_chewing_digestion to public asset repo for IG...
  queued nc4_d15_1_chewing_digestion for 2026-08-25T01:00:00+00:00

=== building nc4_d15_2_forest_bathing ===
    footage[b01]: pexels #28464396 (31s) <- 'person walking forest trees nature'
  b01/5  5.3s  (running total 5.3s)  Just being around trees can measurably lower 
    footage[b02]: pexels #18401896 (10s) <- 'forest path trees sunlight nature'
  b02/5  4.1s  (running total 9.4s)  It's studied enough to have a name: forest ba
    footage[b03]: pexels #4937037 (30s) <- 'person sitting nature peaceful forest'
  b03/5  4.4s  (running total 13.8s)  It's not about exercise, just being present o
    footage[b04]: pexels #27223232 (25s) <- 'person walking park trees peaceful'
  b04/5  3.9s  (running total 17.7s)  Even a park near you can give some of that ef
    footage[b05]: pexels #6666913 (6s) <- 'person enjoying nature outdoor peaceful'
  b05/5  2.7s  (running total 20.4s)  Find some trees this week.

=> C:\Users\Mamun\fb-ig-automation\images\health_reels_cadence4\nc4_d15_2_forest_bathing.mp4  total narration ~20.4s
  uploading nc4_d15_2_forest_bathing to public asset repo for IG...
  queued nc4_d15_2_forest_bathing for 2026-08-25T04:00:00+00:00

=== building nc4_d15_3_lifting_technique ===
    footage[b01]: pexels #37546341 (29s) <- 'person lifting box correctly technique'
  b01/5  4.1s  (running total 4.1s)  How you pick up a heavy box matters more than
    footage[b02]: pexels #7463964 (21s) <- 'person lifting improperly back strain'
  b02/5  4.9s  (running total 8.9s)  Bending at the waist puts the strain directly
    footage[b03]: pexels #6388873 (28s) <- 'person lifting box knees bent proper'
  b03/5  4.5s  (running total 13.4s)  Bend your knees, keep your back straight, lif
    footage[b04]: pexels #6169102 (18s) <- 'person carrying box close body'
  b04/5  3.6s  (running total 17.0s)  Keep the load close to your body as you lift.
    footage[b05]: pexels #6406020 (27s) <- 'person lifting safely proper form'
  b05/5  3.0s  (running total 20.0s)  Knees bent. Back straight.

=> C:\Users\Mamun\fb-ig-automation\images\health_reels_cadence4\nc4_d15_3_lifting_technique.mp4  total narration ~20.0s
  uploading nc4_d15_3_lifting_technique to public asset repo for IG...
  queued nc4_d15_3_lifting_technique for 2026-08-25T10:00:00+00:00

=== building nc4_d15_4_snoring_causes ===
    footage[b01]: pexels #6598884 (14s) <- 'person sleeping bedroom night'
  b01/5  3.8s  (running total 3.8s)  Snoring isn't always just a harmless noise.
    footage[b02]: pexels #6541179 (15s) <- 'person sleeping bed peaceful night'
  b02/5  4.7s  (running total 8.5s)  It happens when airflow gets partially blocke
    footage[b03]: pexels #6446181 (17s) <- 'person sleeping side position bed'
  b03/5  5.1s  (running total 13.6s)  Sleep position, alcohol, and congestion can a
    footage[b04]: pexels #6615306 (19s) <- 'person tired daytime exhausted'
  b04/5  6.4s  (running total 20.0s)  Loud, frequent snoring with daytime exhaustio
    footage[b05]: pexels #36604163 (12s) <- 'person sleeping peaceful quiet bedroom'
  b05/5  4.0s  (running total 24.0s)  Notice the pattern. Mention it if it's freque

=> C:\Users\Mamun\fb-ig-automation\images\health_reels_cadence4\nc4_d15_4_snoring_causes.mp4  total narration ~24.0s
  uploading nc4_d15_4_snoring_causes to public asset repo for IG...
  queued nc4_d15_4_snoring_causes for 2026-08-25T16:00:00+00:00

=== building nc4_d15_5_b12_energy ===
    footage[b01]: pexels #6614775 (25s) <- 'tired person low energy desk'
  b01/5  5.7s  (running total 5.7s)  Constant low energy can sometimes trace back 
    footage[b02]: pexels #28667668 (6s) <- 'eggs dairy healthy food breakfast'
  b02/5  5.6s  (running total 11.3s)  It's mainly found in animal products, eggs, m
    footage[b03]: pexels #7214672 (5s) <- 'supplements vitamins bottle health'
  b03/5  4.7s  (running total 16.0s)  Plant-based eaters sometimes need a supplemen
    footage[b04]: pexels #7579592 (39s) <- 'doctor checkup blood test health'
  b04/5  3.6s  (running total 19.7s)  A simple blood test can check your levels.
    footage[b05]: pexels #8426303 (15s) <- 'person energized healthy morning'
  b05/5  3.1s  (running total 22.8s)  Still tired? Worth checking.

=> C:\Users\Mamun\fb-ig-automation\images\health_reels_cadence4\nc4_d15_5_b12_energy.mp4  total narration ~22.8s
  uploading nc4_d15_5_b12_energy to public asset repo for IG...
  queued nc4_d15_5_b12_energy for 2026-08-25T19:00:00+00:00

=== building nc4_d15_6_hydration_aging ===
    footage[b01]: pexels #8509278 (32s) <- 'older adult drinking water healthy'
  b01/5  4.2s  (running total 4.2s)  Your thirst signal gets weaker as you get old
    footage[b02]: pexels #7477606 (11s) <- 'senior person water glass table'
  b02/5  5.0s  (running total 9.2s)  That means older adults can get dehydrated wi
    footage[b03]: pexels #5636874 (13s) <- 'water glass table reminder healthy'
  b03/5  4.5s  (running total 13.7s)  Drinking on a schedule can help more than wai
    footage[b04]: pexels #8308892 (23s) <- 'family caring elderly parent health'
  b04/5  4.4s  (running total 18.2s)  It's worth checking in on for older family me
    footage[b05]: pexels #7214686 (4s) <- 'person drinking water healthy habit'
  b05/5  2.4s  (running total 20.6s)  Don't wait for thirst.

=> C:\Users\Mamun\fb-ig-automation\images\health_reels_cadence4\nc4_d15_6_hydration_aging.mp4  total narration ~20.6s
  uploading nc4_d15_6_hydration_aging to public asset repo for IG...
  queued nc4_d15_6_hydration_aging for 2026-08-25T22:00:00+00:00

=== building nc4_d16_1_antibiotics_gut ===
    footage[b01]: pexels #7230298 (21s) <- 'medicine pills bottle health'
  b01/5  5.4s  (running total 5.4s)  Antibiotics save lives, but they also affect 
    footage[b02]: pexels #5945050 (24s) <- 'healthy food gut recovery yogurt'
  b02/5  5.0s  (running total 10.4s)  They don't just target the bad bacteria, they
    footage[b03]: pexels #7214681 (7s) <- 'person taking medicine water glass'
  b03/5  4.4s  (running total 14.8s)  That's part of why digestion can feel off dur
    footage[b04]: pexels #8803791 (17s) <- 'yogurt fermented healthy food table'
  b04/5  5.3s  (running total 20.1s)  Fiber and fermented foods can help rebuild th
    footage[b05]: pexels #5436164 (24s) <- 'healthy gut food recovery meal'
  b05/5  4.0s  (running total 24.1s)  Rebuild after. Fiber and fermented foods.

=> C:\Users\Mamun\fb-ig-automation\images\health_reels_cadence4\nc4_d16_1_antibiotics_gut.mp4  total narration ~24.1s
  uploading nc4_d16_1_antibiotics_gut to public asset repo for IG...
  queued nc4_d16_1_antibiotics_gut for 2026-08-26T01:00:00+00:00

=== building nc4_d16_2_cortisol_rhythm ===
    footage[b01]: pexels #7592151 (17s) <- 'person waking up morning sunlight'
  b01/5  4.8s  (running total 4.8s)  Your stress hormone naturally peaks in the mo
    footage[b02]: pexels #7226846 (30s) <- 'person energized morning stretching'
  b02/5  4.0s  (running total 8.9s)  Cortisol helps wake you up and get you moving
    footage[b03]: pexels #7214648 (9s) <- 'person relaxed evening winding down'
  b03/5  4.4s  (running total 13.3s)  It's supposed to drop gradually as the day go
    footage[b04]: pexels #6614783 (41s) <- 'person stressed evening work late'
  b04/5  4.1s  (running total 17.4s)  Chronic stress can disrupt that natural rhyth
    footage[b05]: pexels #15249220 (11s) <- 'person calm relaxed evening peaceful'
  b05/5  2.8s  (running total 20.1s)  It should rise, then fall.

=> C:\Users\Mamun\fb-ig-automation\images\health_reels_cadence4\nc4_d16_2_cortisol_rhythm.mp4  total narration ~20.1s
  uploading nc4_d16_2_cortisol_rhythm to public asset repo for IG...
  queued nc4_d16_2_cortisol_rhythm for 2026-08-26T04:00:00+00:00

=== building nc4_d16_3_exercise_snacks ===
    footage[b01]: pexels #7226846 (30s) <- 'person quick exercise stretch home'
  b01/5  4.0s  (running total 4.0s)  You don't need a full workout to get real ben
    footage[b02]: pexels #6326821 (17s) <- 'person quick squats home break'
  b02/5  5.5s  (running total 9.5s)  Exercise snacks, short bursts through the day
    footage[b03]: pexels #9561798 (14s) <- 'person taking stairs quick exercise'
  b03/5  3.9s  (running total 13.4s)  A minute of squats or stairs counts toward yo
    footage[b04]: pexels #8103058 (21s) <- 'person active break office quick'
  b04/5  4.0s  (running total 17.4s)  It's easier to fit in than finding one long b
    footage[b05]: pexels #2785539 (29s) <- 'person active movement break healthy'
  b05/5  2.8s  (running total 20.2s)  One minute. Right now.

=> C:\Users\Mamun\fb-ig-automation\images\health_reels_cadence4\nc4_d16_3_exercise_snacks.mp4  total narration ~20.2s
  uploading nc4_d16_3_exercise_snacks to public asset repo for IG...
  queued nc4_d16_3_exercise_snacks for 2026-08-26T10:00:00+00:00

=== building nc4_d16_4_caffeine_tolerance ===
    footage[b01]: pexels #6889675 (25s) <- 'person drinking coffee tired desk'
  b01/5  4.5s  (running total 4.5s)  That coffee that used to wake you up? It migh
    footage[b02]: pexels #28645435 (20s) <- 'coffee cup desk morning routine'
  b02/5  4.0s  (running total 8.5s)  Your body builds tolerance to caffeine over t
    footage[b03]: pexels #5095328 (22s) <- 'coffee pouring cup morning kitchen'
  b03/5  5.1s  (running total 13.7s)  The same cup does less and less the more regu
    footage[b04]: pexels #11866333 (7s) <- 'tea alternative herbal drink calm'
  b04/5  4.0s  (running total 17.6s)  A short break can reset your sensitivity to i
    footage[b05]: pexels #6446181 (17s) <- 'person energized morning natural'
  b05/5  3.2s  (running total 20.9s)  Take a break. Reset the effect.

=> C:\Users\Mamun\fb-ig-automation\images\health_reels_cadence4\nc4_d16_4_caffeine_tolerance.mp4  total narration ~20.9s
  uploading nc4_d16_4_caffeine_tolerance to public asset repo for IG...
  queued nc4_d16_4_caffeine_tolerance for 2026-08-26T16:00:00+00:00

=== building nc4_d16_5_screen_free_meals ===
    footage[b01]: pexels #3198217 (17s) <- 'family eating dinner table together'
  b01/5  4.4s  (running total 4.4s)  One screen-free meal a day can change more th
    footage[b02]: pexels #6327763 (55s) <- 'person enjoying meal mindfully table'
  b02/5  4.5s  (running total 9.0s)  It's a chance to actually taste and notice wh
    footage[b03]: pexels #6645817 (68s) <- 'friends family dinner conversation table'
  b03/5  4.7s  (running total 13.6s)  If you eat with others, it's also a chance to
    footage[b04]: pexels #6798985 (17s) <- 'healthy meal table no distractions'
  b04/5  3.7s  (running total 17.3s)  Start with just one meal, not every meal.
    footage[b05]: pexels #11012202 (18s) <- 'person enjoying meal peaceful table'
  b05/5  2.9s  (running total 20.3s)  Pick one meal. Today.

=> C:\Users\Mamun\fb-ig-automation\images\health_reels_cadence4\nc4_d16_5_screen_free_meals.mp4  total narration ~20.3s
  uploading nc4_d16_5_screen_free_meals to public asset repo for IG...
  queued nc4_d16_5_screen_free_meals for 2026-08-26T19:00:00+00:00

=== building nc4_d16_6_seasonal_light_mood ===
    footage[b01]: pexels #5838007 (23s) <- 'person walking overcast day autumn'
  b01/5  4.0s  (running total 4.0s)  Shorter days can genuinely affect your mood.
    footage[b02]: pexels #35450122 (75s) <- 'cloudy day window light autumn'
  b02/5  4.4s  (running total 8.4s)  Less daylight can shift your sleep and energy
    footage[b03]: pexels #34913017 (30s) <- 'person outdoors daylight walking'
  b03/5  4.5s  (running total 12.9s)  Getting outside during daylight hours helps c
    footage[b04]: pexels #31663997 (27s) <- 'bright light lamp desk work'
  b04/5  4.2s  (running total 17.0s)  A bright light lamp can help too, if you're s
    footage[b05]: pexels #4434133 (23s) <- 'person enjoying outdoor daylight walk'
  b05/5  2.6s  (running total 19.7s)  Get outside while you can.

=> C:\Users\Mamun\fb-ig-automation\images\health_reels_cadence4\nc4_d16_6_seasonal_light_mood.mp4  total narration ~19.7s
  uploading nc4_d16_6_seasonal_light_mood to public asset repo for IG...
  queued nc4_d16_6_seasonal_light_mood for 2026-08-26T22:00:00+00:00

=== building nc4_d17_1_pollen_allergies ===
    footage[b01]: pexels #7100963 (21s) <- 'person sneezing outdoor allergy season'
  b01/5  5.0s  (running total 5.0s)  That seasonal sniffle might not be a cold, it
    footage[b02]: pexels #5843379 (7s) <- 'person itchy eyes allergy season'
  b02/5  4.1s  (running total 9.1s)  Allergies tend to bring itchy eyes and no fev
    footage[b03]: pexels #6687961 (12s) <- 'person tissue sick resting home'
  b03/5  4.7s  (running total 13.8s)  Colds usually come with body aches and build 
    footage[b04]: pexels #31648854 (22s) <- 'flowers blooming spring pollen outdoor'
  b04/5  4.2s  (running total 18.0s)  Checking the pollen count can help you tell t
    footage[b05]: pexels #30273290 (6s) <- 'person outdoor spring healthy allergy'
  b05/5  4.1s  (running total 22.1s)  Itchy eyes, no fever, probably allergies.

=> C:\Users\Mamun\fb-ig-automation\images\health_reels_cadence4\nc4_d17_1_pollen_allergies.mp4  total narration ~22.1s
  uploading nc4_d17_1_pollen_allergies to public asset repo for IG...
  queued nc4_d17_1_pollen_allergies for 2026-08-27T01:00:00+00:00

=== building nc4_d17_2_eye_strain_focus ===
    footage[b01]: pexels #6998326 (26s) <- 'person squinting screen computer tired'
  b01/5  4.1s  (running total 4.1s)  Squinting at a screen for hours adds up on yo
    footage[b02]: pexels #34818829 (39s) <- 'computer screen glare office work'
  b02/5  3.9s  (running total 8.0s)  Small text and glare make your eyes work hard
    footage[b03]: pexels #6998326 (26s) <- 'person adjusting screen settings computer'
  b03/5  3.8s  (running total 11.7s)  Bumping up text size can genuinely help.
    footage[b04]: pexels #5197246 (30s) <- 'person working comfortable screen brightness'
  b04/5  4.2s  (running total 15.9s)  So can adjusting screen brightness to match t
    footage[b05]: pexels #31663997 (27s) <- 'person comfortable working screen'
  b05/5  3.4s  (running total 19.2s)  Adjust the screen. Ease your eyes.

=> C:\Users\Mamun\fb-ig-automation\images\health_reels_cadence4\nc4_d17_2_eye_strain_focus.mp4  total narration ~19.2s
  uploading nc4_d17_2_eye_strain_focus to public asset repo for IG...
  queued nc4_d17_2_eye_strain_focus for 2026-08-27T04:00:00+00:00

=== building nc4_d17_3_fasting_window_basics ===
    footage[b01]: pexels #6645821 (44s) <- 'person eating meal daytime table'
  b01/5  4.5s  (running total 4.5s)  Time-restricted eating isn't about what you e
Traceback (most recent call last):
  File "C:\Users\Mamun\fb-ig-automation\hd_reel_enqueue.py", line 119, in <module>
    main(args[0], stock=stock)
  File "C:\Users\Mamun\fb-ig-automation\hd_reel_enqueue.py", line 73, in main
    build_reel(beats, str(video_path), str(work_dir), str(video_state), str(lock))
  File "C:\Users\Mamun\fb-ig-automation\video_health_reel_stock.py", line 135, in build
    fn(b["text"], str(png), kicker=b.get("kicker", ""))
  File "C:\Users\Mamun\fb-ig-automation\image_reel_health_overlay.py", line 66, in hdo_beat
    return _render_html(_page(inner, extra), out_path, size=(SW, SH), transparent=True)
           ^^^^^^^^^^^^^^^^^^^^^^^^^^^^^^^^^^^^^^^^^^^^^^^^^^^^^^^^^^^^^^^^^^^^^^^^^^^^
  File "C:\Users\Mamun\fb-ig-automation\image_html.py", line 342, in _render_html
    subprocess.run(args, check=True, capture_output=True, timeout=120)
  File "C:\Program Files\WindowsApps\PythonSoftwareFoundation.Python.3.12_3.12.2800.0_x64__qbz5n2kfra8p0\Lib\subprocess.py", line 571, in run
    raise CalledProcessError(retcode, process.args,
subprocess.CalledProcessError: Command '['C:\\Program Files (x86)\\Microsoft\\Edge\\Application\\msedge.exe', '--headless=new', '--disable-gpu', '--hide-scrollbars', '--window-size=1080,1920', '--virtual-time-budget=15000', '--default-background-color=00000000', '--screenshot=C:\\Users\\Mamun\\fb-ig-automation\\images\\health_reels_cadence4\\nc4_d17_3_fasting_window_basics_work\\b02_overlay.png', 'file:///C:/Users/Mamun/fb-ig-automation/images/health_reels_cadence4/nc4_d17_3_fasting_window_basics_work/b02_overlay.html']' returned non-zero exit status 3221225477.

=== building nc4_d17_3_fasting_window_basics ===
  b01: already built, skipping
    footage[b02]: pexels #4860391 (19s) <- 'healthy meal clock time table'
  b02/5  4.8s  (running total 9.3s)  A common pattern is eating within an 8 to 10 
    footage[b03]: pexels #8426303 (15s) <- 'person energized healthy morning'
  b03/5  4.2s  (running total 13.6s)  Some people find it helps with energy and dig
    footage[b04]: pexels #7579595 (23s) <- 'doctor consultation health advice'
  b04/5  5.0s  (running total 18.6s)  It's not for everyone, worth discussing with 
    footage[b05]: pexels #6645820 (26s) <- 'healthy balanced meal table'
  b05/5  3.6s  (running total 22.2s)  Not for everyone. Worth understanding.

=> C:\Users\Mamun\fb-ig-automation\images\health_reels_cadence4\nc4_d17_3_fasting_window_basics.mp4  total narration ~22.2s
  uploading nc4_d17_3_fasting_window_basics to public asset repo for IG...
  queued nc4_d17_3_fasting_window_basics for 2026-08-27T10:00:00+00:00

=== building nc4_d17_4_skin_hydration_plumpness ===
    footage[b01]: pexels #7214702 (5s) <- 'person healthy glowing skin face'
  b01/5  3.9s  (running total 3.9s)  Dehydrated skin can look dull and less plump.
    footage[b02]: pexels #7198951 (12s) <- 'person drinking water healthy skin'
  b02/5  4.5s  (running total 8.3s)  Water intake plays a role alongside moisturiz
    footage[b03]: pexels #7191199 (18s) <- 'person skincare routine healthy'
  b03/5  4.3s  (running total 12.6s)  It's not a miracle fix, but it's part of the 
    footage[b04]: pexels #6666360 (13s) <- 'skincare moisturizer bathroom routine'
  b04/5  4.3s  (running total 16.9s)  Combine it with a good moisturizer for the be
    footage[b05]: pexels #7214702 (5s) <- 'person healthy glowing skin water'
  b05/5  2.7s  (running total 19.6s)  Hydrate inside and out.

=> C:\Users\Mamun\fb-ig-automation\images\health_reels_cadence4\nc4_d17_4_skin_hydration_plumpness.mp4  total narration ~19.6s
  uploading nc4_d17_4_skin_hydration_plumpness to public asset repo for IG...
  queued nc4_d17_4_skin_hydration_plumpness for 2026-08-27T16:00:00+00:00

=== building nc4_d17_5_stair_climbing ===
    footage[b01]: pexels #36107368 (15s) <- 'person climbing stairs exercise building'
  b01/5  4.9s  (running total 4.9s)  Taking the stairs is a surprisingly potent li
    footage[b02]: pexels #34889559 (15s) <- 'person walking stairs healthy active'
  b02/5  4.0s  (running total 8.9s)  It works your legs, heart, and lungs all at o
    footage[b03]: pexels #36674795 (30s) <- 'stairs building climbing exercise'
  b03/5  3.7s  (running total 12.6s)  A few flights a day adds up over a week.
    footage[b04]: pexels #29458701 (22s) <- 'person taking stairs office building'
  b04/5  4.8s  (running total 17.4s)  No gym, no equipment, just the stairs you alr
    footage[b05]: pexels #36674795 (30s) <- 'person climbing stairs healthy active'
  b05/5  2.5s  (running total 19.9s)  Take the stairs today.

=> C:\Users\Mamun\fb-ig-automation\images\health_reels_cadence4\nc4_d17_5_stair_climbing.mp4  total narration ~19.9s
  uploading nc4_d17_5_stair_climbing to public asset repo for IG...
  queued nc4_d17_5_stair_climbing for 2026-08-27T19:00:00+00:00

=== building nc4_d17_6_hydration_exercise_perf ===
    footage[b01]: pexels #6388407 (30s) <- 'person exercising gym workout water'
  b01/5  5.5s  (running total 5.5s)  Even mild dehydration can measurably hurt you
    footage[b02]: pexels #36205143 (49s) <- 'person tired workout gym exercise'
  b02/5  3.9s  (running total 9.4s)  It affects strength, endurance, and focus.
    footage[b03]: pexels #5310968 (23s) <- 'person drinking water before workout'
  b03/5  4.5s  (running total 13.9s)  Drinking well before you start matters as muc
    footage[b04]: pexels #5310968 (23s) <- 'athlete drinking water gym bottle'
  b04/5  3.6s  (running total 17.5s)  Don't wait until you're thirsty mid-workout.
    footage[b05]: pexels #5310968 (23s) <- 'person energized workout hydrated'
  b05/5  3.4s  (running total 20.9s)  Hydrate before. Not just during.

=> C:\Users\Mamun\fb-ig-automation\images\health_reels_cadence4\nc4_d17_6_hydration_exercise_perf.mp4  total narration ~20.9s
  uploading nc4_d17_6_hydration_exercise_perf to public asset repo for IG...
  queued nc4_d17_6_hydration_exercise_perf for 2026-08-27T22:00:00+00:00

queued 8 new items
