
=== building nc1_d1_1_gut_nervous_system ===
  b01/5  4.8s  (running total 4.8s)  Your gut has its own nervous system, separate
  b02/5  3.3s  (running total 8.1s)  It's called the enteric nervous system.
  b03/5  4.1s  (running total 12.2s)  It's why stress can genuinely upset your stom
  b04/5  4.5s  (running total 16.7s)  The gut-brain link is physical, not just an e
  b05/5  2.7s  (running total 19.4s)  Your gut is talking to you.

=> C:\Users\Mamun\fb-ig-automation\images\health_reels_cadence1\nc1_d1_1_gut_nervous_system.mp4  total narration ~19.4s
  uploading nc1_d1_1_gut_nervous_system to public asset repo for IG...
  queued nc1_d1_1_gut_nervous_system for 2026-08-11T01:00:00+00:00

=== building nc1_d1_2_20_20_20_rule ===
  b01/5  3.8s  (running total 3.8s)  Staring at a screen? Your eyes are feeling it
  b02/5  4.0s  (running total 7.8s)  Try the 20-20-20 rule to ease the strain.
  b03/5  4.3s  (running total 12.1s)  Every 20 minutes, look at something 20 feet a
  b04/5  3.5s  (running total 15.6s)  Hold that for 20 seconds. That's it.
  b05/5  3.6s  (running total 19.2s)  20-20-20. Simple as that.

=> C:\Users\Mamun\fb-ig-automation\images\health_reels_cadence1\nc1_d1_2_20_20_20_rule.mp4  total narration ~19.2s
  uploading nc1_d1_2_20_20_20_rule to public asset repo for IG...
  queued nc1_d1_2_20_20_20_rule for 2026-08-11T04:00:00+00:00

=== building nc1_d1_3_desk_posture ===
  b01/5  3.9s  (running total 3.9s)  Your screen height could be quietly wrecking 
  b02/5  3.6s  (running total 7.5s)  Looking down for hours adds real strain.
  b03/5  3.5s  (running total 11.0s)  The fix: top of screen at eye level.
  b04/5  4.2s  (running total 15.2s)  A stack of books under a laptop can do the jo
  b05/5  3.3s  (running total 18.5s)  Raise it up. Your neck will thank you.

=> C:\Users\Mamun\fb-ig-automation\images\health_reels_cadence1\nc1_d1_3_desk_posture.mp4  total narration ~18.5s
  uploading nc1_d1_3_desk_posture to public asset repo for IG...
  queued nc1_d1_3_desk_posture for 2026-08-11T10:00:00+00:00

=== building nc1_d1_4_sleep_immune ===
  b01/5  5.1s  (running total 5.1s)  Cutting sleep weakens your immune system fast
  b02/5  5.0s  (running total 10.1s)  Your body makes infection-fighting cells most
  b03/5  4.4s  (running total 14.5s)  Skimp on sleep, and that production takes a r
  b04/5  4.2s  (running total 18.6s)  It's part of why you catch colds more when yo
  b05/5  2.7s  (running total 21.3s)  Sleep is immune defense.

=> C:\Users\Mamun\fb-ig-automation\images\health_reels_cadence1\nc1_d1_4_sleep_immune.mp4  total narration ~21.3s
  uploading nc1_d1_4_sleep_immune to public asset repo for IG...
  queued nc1_d1_4_sleep_immune for 2026-08-11T16:00:00+00:00

=== building nc1_d1_5_caffeine_cutoff ===
  b01/5  4.2s  (running total 4.2s)  That 3 PM coffee could be wrecking tonight's 
  b02/5  4.4s  (running total 8.6s)  Caffeine has a half-life of about 5 to 6 hour
  b03/5  4.2s  (running total 12.8s)  By bedtime, a good chunk is still in your sys
  b04/5  4.5s  (running total 17.2s)  A rough guide: no caffeine after early aftern
  b05/5  2.9s  (running total 20.1s)  Cut it off earlier than you think.

=> C:\Users\Mamun\fb-ig-automation\images\health_reels_cadence1\nc1_d1_5_caffeine_cutoff.mp4  total narration ~20.1s
  uploading nc1_d1_5_caffeine_cutoff to public asset repo for IG...
  queued nc1_d1_5_caffeine_cutoff for 2026-08-11T19:00:00+00:00

=== building nc1_d1_6_sunscreen_daily ===
  b01/5  3.8s  (running total 3.8s)  Cloudy day? UV rays still get through.
  b02/5  4.2s  (running total 8.0s)  Up to 80 percent of UV passes through clouds.
  b03/5  4.5s  (running total 12.6s)  That's why daily sunscreen beats occasional s
  b04/5  4.0s  (running total 16.6s)  Even a quick walk outside adds up over years.
  b05/5  3.5s  (running total 20.1s)  Daily habit. Not just beach days.

=> C:\Users\Mamun\fb-ig-automation\images\health_reels_cadence1\nc1_d1_6_sunscreen_daily.mp4  total narration ~20.1s
  uploading nc1_d1_6_sunscreen_daily to public asset repo for IG...
  queued nc1_d1_6_sunscreen_daily for 2026-08-11T22:00:00+00:00

=== building nc1_d2_1_box_breathing ===
  b01/5  4.8s  (running total 4.8s)  Feeling wound up? Try box breathing. It takes
  b02/5  3.9s  (running total 8.7s)  Breathe in for 4 seconds. Hold for 4.
  b03/5  3.9s  (running total 12.6s)  Breathe out for 4 seconds. Hold for 4.
  b04/5  4.0s  (running total 16.6s)  Repeat that four times. That's the whole box.
  b05/5  3.9s  (running total 20.4s)  4 in, 4 hold, 4 out, 4 hold.

=> C:\Users\Mamun\fb-ig-automation\images\health_reels_cadence1\nc1_d2_1_box_breathing.mp4  total narration ~20.4s
  uploading nc1_d2_1_box_breathing to public asset repo for IG...
  queued nc1_d2_1_box_breathing for 2026-08-12T01:00:00+00:00

=== building nc1_d2_2_flossing_matters ===
  b01/5  3.2s  (running total 3.2s)  Flossing isn't just about your teeth.
  b02/5  3.8s  (running total 7.0s)  It removes plaque brushing alone can't reach.
  b03/5  4.0s  (running total 11.0s)  Left alone, that plaque irritates your gums.
  b04/5  3.8s  (running total 14.8s)  Gum health is linked to your overall health t
  b05/5  2.9s  (running total 17.7s)  One minute. Once a day.

=> C:\Users\Mamun\fb-ig-automation\images\health_reels_cadence1\nc1_d2_2_flossing_matters.mp4  total narration ~17.7s
  uploading nc1_d2_2_flossing_matters to public asset repo for IG...
  queued nc1_d2_2_flossing_matters for 2026-08-12T04:00:00+00:00

=== building nc1_d2_3_weight_bearing_bones ===
  b01/5  3.9s  (running total 3.9s)  Your bones respond to weight, not just food.
  b02/5  5.1s  (running total 9.0s)  Weight-bearing exercise signals your body to 
  b03/5  4.2s  (running total 13.1s)  Walking, jogging, dancing, stairs all count.
  b04/5  5.0s  (running total 18.1s)  Swimming and cycling are great, but don't do 
  b05/5  2.8s  (running total 21.0s)  Add some weight-bearing time.

=> C:\Users\Mamun\fb-ig-automation\images\health_reels_cadence1\nc1_d2_3_weight_bearing_bones.mp4  total narration ~21.0s
  uploading nc1_d2_3_weight_bearing_bones to public asset repo for IG...
  queued nc1_d2_3_weight_bearing_bones for 2026-08-12T10:00:00+00:00

=== building nc1_d2_4_salt_awareness ===
  b01/5  4.5s  (running total 4.5s)  Most excess salt doesn't come from your salt 
  b02/5  4.2s  (running total 8.7s)  It's hidden in bread, sauces, and packaged fo
  b03/5  4.4s  (running total 13.1s)  Reading labels matters more than skipping the
  b04/5  3.1s  (running total 16.2s)  Small swaps add up over a week.
  b05/5  3.4s  (running total 19.6s)  Check the label, not just the shaker.

=> C:\Users\Mamun\fb-ig-automation\images\health_reels_cadence1\nc1_d2_4_salt_awareness.mp4  total narration ~19.6s
  uploading nc1_d2_4_salt_awareness to public asset repo for IG...
  queued nc1_d2_4_salt_awareness for 2026-08-12T16:00:00+00:00

=== building nc1_d2_5_alcohol_recovery ===
  b01/5  3.6s  (running total 3.6s)  Your liver can recover, given the chance.
  b02/5  4.8s  (running total 8.4s)  It's one of the few organs that can regenerat
  b03/5  4.3s  (running total 12.7s)  Alcohol-free days give it real recovery time.
  b04/5  3.9s  (running total 16.7s)  It's not about perfection, it's about the pat
  b05/5  2.5s  (running total 19.2s)  Give it a few days off.

=> C:\Users\Mamun\fb-ig-automation\images\health_reels_cadence1\nc1_d2_5_alcohol_recovery.mp4  total narration ~19.2s
  uploading nc1_d2_5_alcohol_recovery to public asset repo for IG...
  queued nc1_d2_5_alcohol_recovery for 2026-08-12T19:00:00+00:00

=== building nc1_d2_6_active_recovery ===
  b01/5  5.3s  (running total 5.3s)  Sore after a workout? Moving gently helps mor
  b02/5  4.6s  (running total 9.9s)  It's called active recovery — light movement,
  b03/5  4.1s  (running total 14.0s)  A slow walk or gentle stretch boosts blood fl
  b04/5  4.0s  (running total 17.9s)  That blood flow helps clear out some of the s
  b05/5  3.4s  (running total 21.4s)  Move gently. Don't just sit still.

=> C:\Users\Mamun\fb-ig-automation\images\health_reels_cadence1\nc1_d2_6_active_recovery.mp4  total narration ~21.4s
  uploading nc1_d2_6_active_recovery to public asset repo for IG...
  queued nc1_d2_6_active_recovery for 2026-08-12T22:00:00+00:00

queued 24 new items, total queue size 1801
