
=== building nc6_d24_1_cold_water_face ===
    footage[b01]: pexels #9786455 (18s) <- 'person splashing water face bathroom'
  b01/5  5.0s  (running total 5.0s)  Splashing cold water on your face can snap yo
    footage[b02]: pexels #9786455 (18s) <- 'person washing face cold water fresh'
  b02/5  4.9s  (running total 9.9s)  It triggers the same reflex used in some anxi
    footage[b03]: pexels #5240831 (36s) <- 'person calm refreshed bathroom morning'
  b03/5  3.5s  (running total 13.4s)  It can quickly lower a racing heart rate.
    footage[b04]: pexels #8406624 (17s) <- 'person calm relaxed bathroom mirror'
  b04/5  4.3s  (running total 17.7s)  A simple tool for a stressful or overwhelmed 
    footage[b05]: pexels #8227199 (16s) <- 'person refreshed calm bathroom'
  b05/5  2.4s  (running total 20.0s)  Try it next time.

=> C:\Users\Mamun\fb-ig-automation\images\health_reels_cadence6\nc6_d24_1_cold_water_face.mp4  total narration ~20.0s
  uploading nc6_d24_1_cold_water_face to public asset repo for IG...
  queued nc6_d24_1_cold_water_face for 2026-09-03T01:00:00+00:00

=== building nc6_d24_2_protein_breakfast ===
    footage[b01]: pexels #7199623 (22s) <- 'healthy breakfast eggs protein table'
  b01/5  4.0s  (running total 4.0s)  A protein-heavy breakfast changes your whole 
    footage[b02]: pexels #5945050 (24s) <- 'breakfast eggs yogurt healthy morning'
  b02/5  4.1s  (running total 8.1s)  It keeps you fuller longer than a carb-only b
    footage[b03]: pexels #9787018 (16s) <- 'person energized morning breakfast healthy'
  b03/5  3.8s  (running total 11.9s)  That can mean fewer cravings by mid-morning.
    footage[b04]: pexels #8122880 (15s) <- 'healthy breakfast variety table food'
  b04/5  4.3s  (running total 16.2s)  Eggs, yogurt, or even leftovers all count.
    footage[b05]: pexels #8122880 (15s) <- 'healthy breakfast table morning fresh'
  b05/5  3.0s  (running total 19.2s)  Add protein tomorrow morning.

=> C:\Users\Mamun\fb-ig-automation\images\health_reels_cadence6\nc6_d24_2_protein_breakfast.mp4  total narration ~19.2s
  uploading nc6_d24_2_protein_breakfast to public asset repo for IG...
  queued nc6_d24_2_protein_breakfast for 2026-09-03T04:00:00+00:00

=== building nc6_d24_3_screen_time_awareness ===
    footage[b01]: pexels #6611940 (34s) <- 'person using phone screen time'
  b01/5  4.4s  (running total 4.4s)  Most people underestimate their daily screen 
    footage[b02]: pexels #38410501 (21s) <- 'phone screen settings checking'
  b02/5  4.6s  (running total 9.0s)  Your phone's own screen time tracker can be a
    footage[b03]: pexels #5756265 (21s) <- 'person mindful phone use aware'
  b03/5  4.9s  (running total 13.9s)  Awareness alone often leads to small, natural
    footage[b04]: pexels #7681177 (22s) <- 'person checking phone settings screen'
  b04/5  4.5s  (running total 18.4s)  You don't need a drastic detox, just honest n
    footage[b05]: pexels #6611940 (34s) <- 'person mindful phone use balanced'
  b05/5  2.8s  (running total 21.1s)  Check your screen time today.

=> C:\Users\Mamun\fb-ig-automation\images\health_reels_cadence6\nc6_d24_3_screen_time_awareness.mp4  total narration ~21.1s
  uploading nc6_d24_3_screen_time_awareness to public asset repo for IG...
  queued nc6_d24_3_screen_time_awareness for 2026-09-03T10:00:00+00:00

=== building nc6_d24_4_stretching_travel ===
    footage[b01]: pexels #19016796 (71s) <- 'person airplane seat legs travel'
  b01/5  5.0s  (running total 5.0s)  Long flights or car rides can leave your legs
    footage[b02]: pexels #29281249 (20s) <- 'person sitting long travel seat'
  b02/5  4.3s  (running total 9.3s)  Sitting still for hours slows circulation in 
    footage[b03]: pexels #6940002 (22s) <- 'person stretching legs seated travel'
  b03/5  4.3s  (running total 13.7s)  Ankle circles and calf raises can be done sea
    footage[b04]: pexels #4169143 (234s) <- 'person walking airplane aisle travel'
  b04/5  3.9s  (running total 17.6s)  Standing up to walk every hour or two helps t
    footage[b05]: pexels #7198921 (5s) <- 'person comfortable travel healthy'
  b05/5  3.1s  (running total 20.7s)  Move your legs. Every hour.

=> C:\Users\Mamun\fb-ig-automation\images\health_reels_cadence6\nc6_d24_4_stretching_travel.mp4  total narration ~20.7s
  uploading nc6_d24_4_stretching_travel to public asset repo for IG...
  queued nc6_d24_4_stretching_travel for 2026-09-03T16:00:00+00:00

=== building nc6_d24_5_positive_self_talk ===
    footage[b01]: pexels #6322928 (17s) <- 'person reflecting calm confident mirror'
  b01/5  4.0s  (running total 4.0s)  How you talk to yourself matters more than yo
    footage[b02]: pexels #7279743 (23s) <- 'person stressed reflecting thoughtful'
  b02/5  5.0s  (running total 8.9s)  Harsh inner criticism can genuinely affect st
    footage[b03]: pexels #5885662 (29s) <- 'person calm confident peaceful'
  b03/5  4.1s  (running total 13.0s)  Try talking to yourself like you would a clos
    footage[b04]: pexels #9187821 (10s) <- 'person confident happy self care'
  b04/5  4.3s  (running total 17.4s)  It's a habit that takes practice, but it's wo
    footage[b05]: pexels #5885662 (29s) <- 'person peaceful confident calm'
  b05/5  2.9s  (running total 20.2s)  Talk to yourself like a friend.

=> C:\Users\Mamun\fb-ig-automation\images\health_reels_cadence6\nc6_d24_5_positive_self_talk.mp4  total narration ~20.2s
  uploading nc6_d24_5_positive_self_talk to public asset repo for IG...
  queued nc6_d24_5_positive_self_talk for 2026-09-03T19:00:00+00:00

=== building nc6_d24_6_hydration_skin_workout ===
    footage[b01]: pexels #6390168 (28s) <- 'person sweating workout exercise gym'
  b01/5  5.4s  (running total 5.4s)  Sweating during exercise means your body need
    footage[b02]: pexels #5310968 (23s) <- 'person drinking water after workout'
  b02/5  4.8s  (running total 10.2s)  Replacing that fluid helps skin and overall r
    footage[b03]: pexels #6388409 (32s) <- 'person tired sweaty gym workout'
  b03/5  4.6s  (running total 14.8s)  It's easy to underestimate how much you actua
    footage[b04]: pexels #35585785 (22s) <- 'person drinking water gym healthy'
  b04/5  4.7s  (running total 19.4s)  A glass before and after is a simple habit to
    footage[b05]: pexels #5310968 (23s) <- 'person healthy hydrated workout'
Traceback (most recent call last):
  File "C:\Users\Mamun\fb-ig-automation\hd_reel_enqueue.py", line 119, in <module>
    main(args[0], stock=stock)
  File "C:\Users\Mamun\fb-ig-automation\hd_reel_enqueue.py", line 73, in main
    build_reel(beats, str(video_path), str(work_dir), str(video_state), str(lock))
  File "C:\Users\Mamun\fb-ig-automation\video_health_reel_stock.py", line 148, in build
    _tts(profile, b["narration"], mp3)
  File "C:\Users\Mamun\fb-ig-automation\video_health_reel_stock.py", line 60, in _tts
    subprocess.run(["ffmpeg", "-y", "-v", "error", "-i", str(wav), "-b:a", "192k",
  File "C:\Program Files\WindowsApps\PythonSoftwareFoundation.Python.3.12_3.12.2800.0_x64__qbz5n2kfra8p0\Lib\subprocess.py", line 550, in run
    stdout, stderr = process.communicate(input, timeout=timeout)
                     ^^^^^^^^^^^^^^^^^^^^^^^^^^^^^^^^^^^^^^^^^^^
  File "C:\Program Files\WindowsApps\PythonSoftwareFoundation.Python.3.12_3.12.2800.0_x64__qbz5n2kfra8p0\Lib\subprocess.py", line 1209, in communicate
    stdout, stderr = self._communicate(input, endtime, timeout)
                     ^^^^^^^^^^^^^^^^^^^^^^^^^^^^^^^^^^^^^^^^^^
  File "C:\Program Files\WindowsApps\PythonSoftwareFoundation.Python.3.12_3.12.2800.0_x64__qbz5n2kfra8p0\Lib\subprocess.py", line 1634, in _communicate
    raise TimeoutExpired(self.args, orig_timeout)
subprocess.TimeoutExpired: Command '['ffmpeg', '-y', '-v', 'error', '-i', 'C:\\Users\\Mamun\\fb-ig-automation\\images\\health_reels_cadence6\\nc6_d24_6_hydration_skin_workout_work\\b05.wav', '-b:a', '192k', 'C:\\Users\\Mamun\\fb-ig-automation\\images\\health_reels_cadence6\\nc6_d24_6_hydration_skin_workout_work\\b05.mp3']' timed out after 180 seconds

=== building nc6_d24_6_hydration_skin_workout ===
  b01: already built, skipping
  b02: already built, skipping
  b03: already built, skipping
  b04: already built, skipping
  b05/5  3.3s  (running total 22.8s)  Before and after. Every workout.

=> C:\Users\Mamun\fb-ig-automation\images\health_reels_cadence6\nc6_d24_6_hydration_skin_workout.mp4  total narration ~22.8s
  uploading nc6_d24_6_hydration_skin_workout to public asset repo for IG...
  queued nc6_d24_6_hydration_skin_workout for 2026-09-03T22:00:00+00:00

=== building nc6_d25_1_natural_light_workspace ===
    footage[b01]: pexels #6325839 (22s) <- 'person working desk window natural light'
  b01/5  4.5s  (running total 4.5s)  Working near a window can genuinely boost you
    footage[b02]: pexels #34689903 (45s) <- 'bright office window sunlight desk'
  b02/5  4.5s  (running total 9.1s)  Natural light is linked to better alertness a
    footage[b03]: pexels #9130469 (13s) <- 'person working sunlight desk productive'
  b03/5  4.5s  (running total 13.6s)  It also helps keep your body clock on a healt
    footage[b04]: pexels #6325839 (22s) <- 'desk setup window bright workspace'
  b04/5  4.3s  (running total 17.9s)  If you can, position your desk near natural l
    footage[b05]: pexels #31663997 (27s) <- 'person happy working sunlight desk'
  b05/5  2.8s  (running total 20.6s)  Move closer to the window.

=> C:\Users\Mamun\fb-ig-automation\images\health_reels_cadence6\nc6_d25_1_natural_light_workspace.mp4  total narration ~20.6s
  uploading nc6_d25_1_natural_light_workspace to public asset repo for IG...
  queued nc6_d25_1_natural_light_workspace for 2026-09-04T01:00:00+00:00

=== building nc6_d25_2_chronic_pain_movement ===
    footage[b01]: pexels #7226846 (30s) <- 'person gentle stretching movement home'
  b01/5  5.0s  (running total 5.0s)  With chronic pain, total rest isn't always th
    footage[b02]: pexels #4175980 (21s) <- 'person walking gentle exercise careful'
  b02/5  4.7s  (running total 9.6s)  Gentle, appropriate movement can help more th
    footage[b03]: pexels #7198960 (9s) <- 'person resting stiff uncomfortable'
  b03/5  5.3s  (running total 15.0s)  Complete inactivity can sometimes make stiffn
    footage[b04]: pexels #7088473 (39s) <- 'physical therapy doctor consultation'
  b04/5  5.0s  (running total 20.0s)  Always work with a doctor or physio to find w
    footage[b05]: pexels #9561782 (12s) <- 'person healthy active recovering'
  b05/5  3.9s  (running total 23.9s)  Gentle movement. Guided by a professional.

=> C:\Users\Mamun\fb-ig-automation\images\health_reels_cadence6\nc6_d25_2_chronic_pain_movement.mp4  total narration ~23.9s
  uploading nc6_d25_2_chronic_pain_movement to public asset repo for IG...
  queued nc6_d25_2_chronic_pain_movement for 2026-09-04T04:00:00+00:00

=== building nc6_d25_3_snacking_at_work ===
    footage[b01]: pexels #6519539 (18s) <- 'healthy snacks desk drawer office'
  b01/5  4.0s  (running total 4.0s)  What's in your desk drawer quietly shapes you
    footage[b02]: pexels #8670645 (27s) <- 'snacks desk office unhealthy candy'
  b02/5  4.8s  (running total 8.8s)  If chips and candy are within reach, you'll l
    footage[b03]: pexels #7250243 (13s) <- 'healthy nuts fruit desk snack'
  b03/5  5.3s  (running total 14.0s)  Stocking nuts, fruit, or seeds makes the bett
    footage[b04]: pexels #3202612 (36s) <- 'healthy snack desk office work'
  b04/5  3.8s  (running total 17.8s)  You don't need willpower, just better default
    footage[b05]: pexels #6519539 (18s) <- 'healthy snacks office desk fresh'
  b05/5  2.4s  (running total 20.2s)  Restock your drawer.

=> C:\Users\Mamun\fb-ig-automation\images\health_reels_cadence6\nc6_d25_3_snacking_at_work.mp4  total narration ~20.2s
  uploading nc6_d25_3_snacking_at_work to public asset repo for IG...
  queued nc6_d25_3_snacking_at_work for 2026-09-04T10:00:00+00:00

=== building nc6_d25_4_sleep_debt_recovery ===
    footage[b01]: pexels #7592098 (23s) <- 'person sleeping recovering rest bed'
  b01/5  4.2s  (running total 4.2s)  Sleep debt builds up, but it can also be repa
    footage[b02]: pexels #6541179 (15s) <- 'person sleeping deeply peaceful night'
  b02/5  4.7s  (running total 8.9s)  A few nights of solid, extra sleep can help y
    footage[b03]: pexels #7592151 (17s) <- 'person waking up rested gradual'
  b03/5  4.2s  (running total 13.1s)  It's better to pay it back gradually than all
    footage[b04]: pexels #6446174 (36s) <- 'person consistent healthy sleep routine'
  b04/5  3.4s  (running total 16.5s)  Prevention still beats repayment though.
    footage[b05]: pexels #7592151 (17s) <- 'person rested healthy morning'
  b05/5  2.6s  (running total 19.1s)  Pay it back gradually.

=> C:\Users\Mamun\fb-ig-automation\images\health_reels_cadence6\nc6_d25_4_sleep_debt_recovery.mp4  total narration ~19.1s
  uploading nc6_d25_4_sleep_debt_recovery to public asset repo for IG...
  queued nc6_d25_4_sleep_debt_recovery for 2026-09-04T16:00:00+00:00

=== building nc6_d25_5_hydration_energy_levels ===
    footage[b01]: pexels #6614775 (25s) <- 'tired person sluggish desk work'
  b01/5  5.0s  (running total 5.0s)  Feeling sluggish for no clear reason? Water m
    footage[b02]: pexels #6614775 (25s) <- 'person tired low energy desk'
  b02/5  3.8s  (running total 8.9s)  Dehydration can feel a lot like fatigue.
    footage[b03]: pexels #5636874 (13s) <- 'glass water pouring fresh healthy'
  b03/5  3.8s  (running total 12.7s)  It's one of the simplest things to rule out f
    footage[b04]: pexels #8027462 (16s) <- 'person drinking water instead coffee'
  b04/5  4.4s  (running total 17.0s)  Before reaching for more coffee, try a glass 
    footage[b05]: pexels #16041313 (14s) <- 'person energized water healthy'
  b05/5  3.3s  (running total 20.3s)  Water first. Coffee second.

=> C:\Users\Mamun\fb-ig-automation\images\health_reels_cadence6\nc6_d25_5_hydration_energy_levels.mp4  total narration ~20.3s
  uploading nc6_d25_5_hydration_energy_levels to public asset repo for IG...
  queued nc6_d25_5_hydration_energy_levels for 2026-09-04T19:00:00+00:00

=== building nc6_d25_6_setting_boundaries_stress ===
    footage[b01]: pexels #5885774 (24s) <- 'person calm confident setting boundary'
  b01/5  4.4s  (running total 4.4s)  Saying no to one more thing can protect your 
    footage[b02]: pexels #8731296 (15s) <- 'person overwhelmed busy stressed'
  b02/5  4.8s  (running total 9.2s)  Overcommitting is a quiet, common source of c
    footage[b03]: pexels #5885662 (29s) <- 'person calm peaceful confident'
  b03/5  3.9s  (running total 13.1s)  A boundary isn't selfish, it's sustainable.
    footage[b04]: pexels #5885662 (29s) <- 'person confident calm decision'
  b04/5  4.0s  (running total 17.1s)  Practice with something small before somethin
    footage[b05]: pexels #5885662 (29s) <- 'person peaceful confident calm'
  b05/5  2.6s  (running total 19.7s)  It's okay to say no.

=> C:\Users\Mamun\fb-ig-automation\images\health_reels_cadence6\nc6_d25_6_setting_boundaries_stress.mp4  total narration ~19.7s
  uploading nc6_d25_6_setting_boundaries_stress to public asset repo for IG...
  queued nc6_d25_6_setting_boundaries_stress for 2026-09-04T22:00:00+00:00

=== building nc6_d26_1_fiber_gradual_increase ===
    footage[b01]: pexels #4443535 (4s) <- 'healthy fiber food vegetables beans'
  b01/5  4.6s  (running total 4.6s)  Adding a lot of fiber too fast can actually b
    footage[b02]: pexels #9465540 (26s) <- 'person uncomfortable stomach digestion'
  b02/5  4.4s  (running total 9.0s)  Sudden increases can cause bloating and disco
    footage[b03]: pexels #8122880 (15s) <- 'healthy meal gradual balanced table'
  b03/5  4.3s  (running total 13.3s)  Gradual increases give your gut time to adjus
    footage[b04]: pexels #4443524 (4s) <- 'water glass healthy fiber food'
  b04/5  4.0s  (running total 17.4s)  Pair it with plenty of water to help it move 
    footage[b05]: pexels #8106325 (8s) <- 'healthy balanced meal fiber table'
  b05/5  3.4s  (running total 20.7s)  Go gradual. Drink water too.

=> C:\Users\Mamun\fb-ig-automation\images\health_reels_cadence6\nc6_d26_1_fiber_gradual_increase.mp4  total narration ~20.7s
=== building nc6_d26_6_mindset_exercise_enjoyment ===
  b01/5  5.4s  (running total 5.4s)  Framing exercise as movement you enjoy beats 
    footage[b02]: pexels #6913257 (18s) <- 'person stressed exercise obligation'
  b02/5  4.2s  (running total 9.7s)  I have to burn off dinner rarely sticks long-
    footage[b03]: pexels #8027887 (24s) <- 'person happy dancing active fun'
  b03/5  5.1s  (running total 14.8s)  Finding a movement you genuinely enjoy is mor
    footage[b04]: pexels #7009522 (26s) <- 'person hiking outdoor active happy'
  b04/5  4.7s  (running total 19.4s)  Dancing, hiking, sports, it doesn't have to b
    footage[b05]: pexels #4764175 (28s) <- 'person happy active enjoying exercise'
  b05/5  2.6s  (running total 22.0s)  Find joy in the movement.

=> C:\Users\Mamun\fb-ig-automation\images\health_reels_cadence6\nc6_d26_6_mindset_exercise_enjoyment.mp4  total narration ~22.0s
  uploading nc6_d26_6_mindset_exercise_enjoyment to public asset repo for IG...
  queued nc6_d26_6_mindset_exercise_enjoyment for 2026-09-05T22:00:00+00:00

=== building nc6_d27_1_hydration_travel_altitude ===
    footage[b01]: pexels #32693341 (19s) <- 'mountain travel altitude hiking'
  b01/5  4.1s  (running total 4.1s)  Higher altitudes mean your body needs more wa
    footage[b02]: pexels #35560828 (7s) <- 'person hiking mountain altitude'
  b02/5  3.9s  (running total 8.0s)  Thinner air increases fluid loss through brea
    footage[b03]: pexels #37420667 (24s) <- 'person mountain hiking healthy travel'
  b03/5  5.3s  (running total 13.3s)  It's part of why altitude sickness can feel w
    footage[b04]: pexels #7165626 (15s) <- 'person drinking water mountain travel'
  b04/5  4.1s  (running total 17.4s)  Drink more than you think you need at higher 
    footage[b05]: pexels #37420667 (24s) <- 'mountain scenery travel hiking healthy'
  b05/5  2.4s  (running total 19.8s)  Drink more up high.

=> C:\Users\Mamun\fb-ig-automation\images\health_reels_cadence6\nc6_d27_1_hydration_travel_altitude.mp4  total narration ~19.8s
  uploading nc6_d27_1_hydration_travel_altitude to public asset repo for IG...
  queued nc6_d27_1_hydration_travel_altitude for 2026-09-06T01:00:00+00:00

=== building nc6_d27_2_desk_snack_mindless ===
    footage[b01]: pexels #4873138 (20s) <- 'person snacking desk working distracted'
  b01/5  5.0s  (running total 5.0s)  Mindless desk snacking can add up without you
    footage[b02]: pexels #3202612 (36s) <- 'person eating computer distracted work'
  b02/5  5.0s  (running total 9.9s)  Eating while focused on a screen makes portio
    footage[b03]: pexels #6353447 (13s) <- 'healthy snack portion bowl desk'
  b03/5  4.7s  (running total 14.7s)  Portioning snacks before you start can help y
    footage[b04]: pexels #3202612 (36s) <- 'person mindful eating desk healthy'
  b04/5  4.2s  (running total 18.9s)  It's a small shift with a surprisingly real e
    footage[b05]: pexels #6519539 (18s) <- 'healthy snack desk portioned mindful'
  b05/5  3.3s  (running total 22.2s)  Portion first. Then snack.

=> C:\Users\Mamun\fb-ig-automation\images\health_reels_cadence6\nc6_d27_2_desk_snack_mindless.mp4  total narration ~22.2s
  uploading nc6_d27_2_desk_snack_mindless to public asset repo for IG...
  queued nc6_d27_2_desk_snack_mindless for 2026-09-06T04:00:00+00:00

=== building nc6_d27_3_sleep_temperature_shower ===
    footage[b01]: pexels #6810588 (14s) <- 'shower warm water bathroom evening'
  b01/5  5.0s  (running total 5.0s)  A warm shower before bed can actually help yo
    footage[b02]: pexels #6666900 (7s) <- 'person shower bathroom evening relax'
  b02/5  5.4s  (running total 10.4s)  It sounds backwards, but warming your skin tr
    footage[b03]: pexels #5725851 (30s) <- 'person relaxed cozy bedroom evening'
  b03/5  4.0s  (running total 14.5s)  That drop in body temperature signals sleepin
    footage[b04]: pexels #6541172 (23s) <- 'person cozy evening bedtime routine'
  b04/5  5.0s  (running total 19.5s)  A warm shower an hour before bed can support 
    footage[b05]: pexels #36604163 (12s) <- 'peaceful bedroom night sleep ready'
  b05/5  3.5s  (running total 23.0s)  Warm shower. An hour before bed.

=> C:\Users\Mamun\fb-ig-automation\images\health_reels_cadence6\nc6_d27_3_sleep_temperature_shower.mp4  total narration ~23.0s
  uploading nc6_d27_3_sleep_temperature_shower to public asset repo for IG...
  queued nc6_d27_3_sleep_temperature_shower for 2026-09-06T10:00:00+00:00

=== building nc6_d27_4_walking_meetings ===
    footage[b01]: pexels #5989759 (13s) <- 'people walking talking outdoor meeting'
  b01/5  4.0s  (running total 4.0s)  Some meetings don't need a conference room at
    footage[b02]: pexels #7261935 (33s) <- 'colleagues walking talking outside work'
  b02/5  5.2s  (running total 9.2s)  A walking meeting can add movement to an othe
    footage[b03]: pexels #5989759 (13s) <- 'people walking conversation outdoor discussing'
  b03/5  4.5s  (running total 13.7s)  Some people even find it sparks better, freer
    footage[b04]: pexels #33795612 (20s) <- 'two people walking talking outdoor'
  b04/5  3.8s  (running total 17.4s)  Works best for one-on-ones without screen sha
    footage[b05]: pexels #7101012 (14s) <- 'people walking outdoor happy talking'
  b05/5  2.4s  (running total 19.8s)  Try one this week.

=> C:\Users\Mamun\fb-ig-automation\images\health_reels_cadence6\nc6_d27_4_walking_meetings.mp4  total narration ~19.8s
  uploading nc6_d27_4_walking_meetings to public asset repo for IG...
  queued nc6_d27_4_walking_meetings for 2026-09-06T16:00:00+00:00

=== building nc6_d27_5_food_temperature_digestion ===
    footage[b01]: pexels #37700366 (39s) <- 'cold drink ice water meal table'
  b01/5  4.6s  (running total 4.6s)  Very cold drinks with meals might slow digest
    footage[b02]: pexels #7251794 (28s) <- 'ice water glass cold drink'
  b02/5  5.4s  (running total 10.0s)  Some believe cold liquids can tighten digesti
    footage[b03]: pexels #36531992 (17s) <- 'healthy meal water table dining'
  b03/5  5.1s  (running total 15.1s)  The evidence is mixed and mild, not a major c
    footage[b04]: pexels #7214678 (5s) <- 'water glass room temperature table'
  b04/5  4.9s  (running total 20.0s)  If you notice discomfort, room-temp water is 
    footage[b05]: pexels #6798985 (17s) <- 'healthy meal table water dining'
  b05/5  3.0s  (running total 23.0s)  Notice how you feel either way.

=> C:\Users\Mamun\fb-ig-automation\images\health_reels_cadence6\nc6_d27_5_food_temperature_digestion.mp4  total narration ~23.0s
  uploading nc6_d27_5_food_temperature_digestion to public asset repo for IG...
  queued nc6_d27_5_food_temperature_digestion for 2026-09-06T19:00:00+00:00

=== building nc6_d27_6_habit_environment_design ===
    footage[b01]: pexels #7217939 (30s) <- 'organized healthy home kitchen'
  b01/5  4.5s  (running total 4.5s)  Your environment shapes your habits more than
    footage[b02]: pexels #6892539 (11s) <- 'running shoes door ready exercise'
  b02/5  4.6s  (running total 9.1s)  Keeping running shoes by the door makes a wal
    footage[b03]: pexels #7250247 (13s) <- 'kitchen organized healthy pantry'
  b03/5  4.1s  (running total 13.3s)  Hiding junk food out of sight makes it less t
    footage[b04]: pexels #7217939 (30s) <- 'organized healthy home space'
  b04/5  4.0s  (running total 17.3s)  Design your space for the habit you actually 
    footage[b05]: pexels #7217939 (30s) <- 'organized healthy home lifestyle'
  b05/5  2.9s  (running total 20.1s)  Redesign one small thing.

=> C:\Users\Mamun\fb-ig-automation\images\health_reels_cadence6\nc6_d27_6_habit_environment_design.mp4  total narration ~20.1s
  uploading nc6_d27_6_habit_environment_design to public asset repo for IG...
  queued nc6_d27_6_habit_environment_design for 2026-09-06T22:00:00+00:00

=== building nc6_d28_1_recovery_day_importance ===
    footage[b01]: pexels #36205143 (49s) <- 'person tired overtraining exercise'
  b01/5  4.5s  (running total 4.5s)  Training hard every single day can work again
    footage[b02]: pexels #6446188 (18s) <- 'person resting recovery day home'
  b02/5  4.5s  (running total 9.0s)  Muscles need time to repair and actually get 
    footage[b03]: pexels #6614775 (25s) <- 'person injured tired overworked'
  b03/5  4.3s  (running total 13.4s)  Without rest days, you risk plateaus and inju
    footage[b04]: pexels #8480396 (14s) <- 'person relaxed rest day healthy'
  b04/5  4.7s  (running total 18.1s)  One or two rest or light days a week is often
    footage[b05]: pexels #35075300 (43s) <- 'person recovered strong healthy active'
  b05/5  2.7s  (running total 20.8s)  Rest is part of training.

=> C:\Users\Mamun\fb-ig-automation\images\health_reels_cadence6\nc6_d28_1_recovery_day_importance.mp4  total narration ~20.8s
  uploading nc6_d28_1_recovery_day_importance to public asset repo for IG...
  queued nc6_d28_1_recovery_day_importance for 2026-09-07T01:00:00+00:00

=== building nc6_d28_2_hydration_mood ===
    footage[b01]: pexels #6614775 (25s) <- 'person irritable tired desk'
  b01/5  4.9s  (running total 4.9s)  Mild dehydration can affect your mood, not ju
    footage[b02]: pexels #6913257 (18s) <- 'person stressed frustrated desk work'
  b02/5  4.4s  (running total 9.2s)  Some research links it to irritability and lo
    footage[b03]: pexels #5197394 (25s) <- 'person drinking water calm desk'
  b03/5  3.9s  (running total 13.2s)  It's a simple thing to rule out when you're f
    footage[b04]: pexels #7218150 (30s) <- 'person healthy water glass calm'
  b04/5  4.0s  (running total 17.1s)  A glass of water is a low-effort first step.
    footage[b05]: pexels #7531023 (16s) <- 'person calm happy healthy hydrated'
  b05/5  3.6s  (running total 20.7s)  Check hydration before assuming the worst.

=> C:\Users\Mamun\fb-ig-automation\images\health_reels_cadence6\nc6_d28_2_hydration_mood.mp4  total narration ~20.7s
  uploading nc6_d28_2_hydration_mood to public asset repo for IG...
  queued nc6_d28_2_hydration_mood for 2026-09-07T04:00:00+00:00

=== building nc6_d28_3_stretch_marks_normal ===
    footage[b01]: pexels #9187822 (17s) <- 'healthy skin body positive confident'
  b01/5  5.1s  (running total 5.1s)  Stretch marks are incredibly common, not a si
    footage[b02]: pexels #7198952 (9s) <- 'person confident healthy skin'
  b02/5  4.4s  (running total 9.5s)  They happen when skin stretches faster than i
    footage[b03]: pexels #4760649 (21s) <- 'person healthy body confident lifestyle'
  b03/5  4.3s  (running total 13.8s)  Growth, weight change, and genetics all play 
    footage[b04]: pexels #6925816 (31s) <- 'person skincare moisturizer healthy'
  b04/5  5.5s  (running total 19.2s)  Moisturizing can support skin health, it won'
    footage[b05]: pexels #6706805 (18s) <- 'person confident healthy happy'
  b05/5  2.4s  (running total 21.6s)  Completely normal.

=> C:\Users\Mamun\fb-ig-automation\images\health_reels_cadence6\nc6_d28_3_stretch_marks_normal.mp4  total narration ~21.6s
  uploading nc6_d28_3_stretch_marks_normal to public asset repo for IG...
  queued nc6_d28_3_stretch_marks_normal for 2026-09-07T10:00:00+00:00

=== building nc6_d28_4_focus_single_tasking ===
    footage[b01]: pexels #7172723 (17s) <- 'person overwhelmed multitasking desk'
  b01/5  4.5s  (running total 4.5s)  Multitasking feels productive, but usually is
    footage[b02]: pexels #8298301 (20s) <- 'person focused single task desk'
  b02/5  4.8s  (running total 9.4s)  Your brain switches tasks, it doesn't truly r
    footage[b03]: pexels #6614775 (25s) <- 'person tired distracted work desk'
  b03/5  3.6s  (running total 13.0s)  Each switch costs time and mental energy.
    footage[b04]: pexels #6930973 (19s) <- 'person focused productive working'
  b04/5  4.8s  (running total 17.8s)  One task at a time often finishes faster over
    footage[b05]: pexels #7681464 (15s) <- 'person focused calm productive desk'
  b05/5  2.5s  (running total 20.2s)  One thing at a time.

=> C:\Users\Mamun\fb-ig-automation\images\health_reels_cadence6\nc6_d28_4_focus_single_tasking.mp4  total narration ~20.2s
  uploading nc6_d28_4_focus_single_tasking to public asset repo for IG...
  queued nc6_d28_4_focus_single_tasking for 2026-09-07T16:00:00+00:00

=== building nc6_d28_5_healthy_fats_brain ===
    footage[b01]: pexels #6327768 (30s) <- 'healthy fats avocado nuts food'
  b01/5  4.4s  (running total 4.4s)  Your brain is made of mostly fat, good fat ma
    footage[b02]: pexels #25745552 (18s) <- 'avocado olive oil healthy fats table'
  b02/5  4.5s  (running total 8.9s)  Avocados, olive oil, and nuts support brain h
    footage[b03]: pexels #8122880 (15s) <- 'healthy balanced meal fats table'
  b03/5  4.2s  (running total 13.1s)  Cutting fat too aggressively can work against
    footage[b04]: pexels #6327768 (30s) <- 'healthy meal fats balanced nutrition'
  b04/5  4.8s  (running total 17.9s)  It's about the right kind of fat, not avoidin
    footage[b05]: pexels #6327768 (30s) <- 'healthy fats food avocado nuts table'
  b05/5  3.0s  (running total 20.9s)  Good fats. Not no fats.

=> C:\Users\Mamun\fb-ig-automation\images\health_reels_cadence6\nc6_d28_5_healthy_fats_brain.mp4  total narration ~20.9s
  uploading nc6_d28_5_healthy_fats_brain to public asset repo for IG...
  queued nc6_d28_5_healthy_fats_brain for 2026-09-07T19:00:00+00:00

=== building nc6_d28_6_evening_walk_digestion ===
    footage[b01]: pexels #29583716 (53s) <- 'person walking evening after dinner'
  b01/5  4.1s  (running total 4.1s)  An evening walk after dinner does double duty
    footage[b02]: pexels #32880988 (53s) <- 'couple walking evening sunset peaceful'
  b02/5  4.8s  (running total 8.8s)  It helps digestion and also supports a calmer
    footage[b03]: pexels #29279469 (52s) <- 'person walking calm evening peaceful'
  b03/5  4.4s  (running total 13.2s)  It's gentle enough not to rev you back up bef
    footage[b04]: pexels #20583513 (21s) <- 'person walking neighborhood evening calm'
  b04/5  3.9s  (running total 17.1s)  Ten to fifteen minutes is usually plenty.
    footage[b05]: pexels #9393429 (23s) <- 'person peaceful evening walk happy'
  b05/5  3.1s  (running total 20.3s)  A short walk. After dinner.

=> C:\Users\Mamun\fb-ig-automation\images\health_reels_cadence6\nc6_d28_6_evening_walk_digestion.mp4  total narration ~20.3s
  uploading nc6_d28_6_evening_walk_digestion to public asset repo for IG...
  queued nc6_d28_6_evening_walk_digestion for 2026-09-07T22:00:00+00:00

=== building nc6_d29_1_positive_environment_people ===
    footage[b01]: pexels #8173004 (11s) <- 'friends supportive healthy active together'
  b01/5  3.9s  (running total 3.9s)  Who you spend time around shapes your habits 
    footage[b02]: pexels #12691876 (16s) <- 'friends together healthy lifestyle'
  b02/5  4.7s  (running total 8.6s)  It's called social contagion, habits genuinel
    footage[b03]: pexels #8402093 (16s) <- 'friends exercising together active healthy'
  b03/5  5.3s  (running total 13.9s)  Being around active, positive people can nudg
    footage[b04]: pexels #7132449 (5s) <- 'friends supportive positive together'
  b04/5  4.1s  (running total 18.0s)  It works both ways, you influence others too.
    footage[b05]: pexels #8670557 (24s) <- 'friends happy healthy supportive together'
  b05/5  3.0s  (running total 21.0s)  Choose your circle intentionally.

=> C:\Users\Mamun\fb-ig-automation\images\health_reels_cadence6\nc6_d29_1_positive_environment_people.mp4  total narration ~21.0s
  uploading nc6_d29_1_positive_environment_people to public asset repo for IG...
  queued nc6_d29_1_positive_environment_people for 2026-09-08T01:00:00+00:00

=== building nc6_d29_2_desk_hydration_reminder ===
    footage[b01]: pexels #5197394 (25s) <- 'water bottle desk visible reminder'
  b01/5  5.3s  (running total 5.3s)  A water bottle you can actually see changes h
    footage[b02]: pexels #5197394 (25s) <- 'water bottle office desk workspace'
  b02/5  3.9s  (running total 9.2s)  Out of sight really does mean out of mind her
    footage[b03]: pexels #5197394 (25s) <- 'person drinking water desk work'
  b03/5  4.2s  (running total 13.4s)  Keeping it within arm's reach makes sipping a
    footage[b04]: pexels #35585785 (22s) <- 'water bottle markings goals hydration'
  b04/5  4.3s  (running total 17.7s)  Marked bottles with time goals can help even 
    footage[b05]: pexels #5197394 (25s) <- 'water bottle desk visible healthy'
  b05/5  2.1s  (running total 19.9s)  Keep it visible.

=> C:\Users\Mamun\fb-ig-automation\images\health_reels_cadence6\nc6_d29_2_desk_hydration_reminder.mp4  total narration ~19.9s
  uploading nc6_d29_2_desk_hydration_reminder to public asset repo for IG...
  queued nc6_d29_2_desk_hydration_reminder for 2026-09-08T04:00:00+00:00

=== building nc6_d29_3_sleep_alcohol_myth ===
    footage[b01]: pexels #7214680 (5s) <- 'person tired evening drink'
  b01/5  4.8s  (running total 4.8s)  A nightcap might help you fall asleep, but it
    footage[b02]: pexels #7214644 (11s) <- 'person sleeping restless disrupted night'
  b02/5  5.0s  (running total 9.9s)  Alcohol disrupts your deeper, more restorativ
    footage[b03]: pexels #9035648 (18s) <- 'person tired waking up morning'
  b03/5  4.5s  (running total 14.4s)  That's why you can wake up tired even after e
    footage[b04]: pexels #7592098 (23s) <- 'person well rested healthy morning'
  b04/5  4.5s  (running total 18.9s)  Falling asleep faster isn't the same as sleep
    footage[b05]: pexels #7592151 (17s) <- 'person healthy rested morning'
  b05/5  3.8s  (running total 22.7s)  Fast asleep isn't the same as well slept.

=> C:\Users\Mamun\fb-ig-automation\images\health_reels_cadence6\nc6_d29_3_sleep_alcohol_myth.mp4  total narration ~22.7s
  uploading nc6_d29_3_sleep_alcohol_myth to public asset repo for IG...
  queued nc6_d29_3_sleep_alcohol_myth for 2026-09-08T10:00:00+00:00

=== building nc6_d29_4_gratitude_body ===
    footage[b01]: pexels #7531376 (28s) <- 'person grateful peaceful healthy body'
  b01/5  4.2s  (running total 4.2s)  Your body does a lot for you without ever bei
    footage[b02]: pexels #2785535 (25s) <- 'person active healthy grateful movement'
  b02/5  5.3s  (running total 9.5s)  It breathes, heals, and keeps you moving most
    footage[b03]: pexels #8457028 (13s) <- 'person confident healthy body positive'
  b03/5  5.8s  (running total 15.3s)  Shifting focus from appearance to function ca
    footage[b04]: pexels #4764175 (28s) <- 'person happy active grateful healthy'
  b04/5  3.0s  (running total 18.3s)  What did your body let you do today?
    footage[b05]: pexels #5890167 (25s) <- 'person grateful peaceful confident healthy'
  b05/5  3.0s  (running total 21.4s)  Thank your body for something today.

=> C:\Users\Mamun\fb-ig-automation\images\health_reels_cadence6\nc6_d29_4_gratitude_body.mp4  total narration ~21.4s
  uploading nc6_d29_4_gratitude_body to public asset repo for IG...
  queued nc6_d29_4_gratitude_body for 2026-09-08T16:00:00+00:00

=== building nc6_d29_5_temperature_workspace_focus ===
    footage[b01]: pexels #6446333 (18s) <- 'person comfortable temperature office'
  b01/5  4.9s  (running total 4.9s)  A room that's too hot or too cold can quietly
    footage[b02]: pexels #8865587 (21s) <- 'person uncomfortable hot desk work'
  b02/5  5.2s  (running total 10.1s)  Your brain spends resources regulating comfor
    footage[b03]: pexels #31663997 (27s) <- 'comfortable office workspace cool'
  b03/5  5.2s  (running total 15.3s)  A comfortable, slightly cool room supports be
    footage[b04]: pexels #28645435 (20s) <- 'person focused comfortable working desk'
  b04/5  4.3s  (running total 19.6s)  Small adjustments can make a noticeable diffe
    footage[b05]: pexels #28645435 (20s) <- 'person focused productive comfortable desk'
  b05/5  2.6s  (running total 22.3s)  Check the room temperature.

=> C:\Users\Mamun\fb-ig-automation\images\health_reels_cadence6\nc6_d29_5_temperature_workspace_focus.mp4  total narration ~22.3s
  uploading nc6_d29_5_temperature_workspace_focus to public asset repo for IG...
  queued nc6_d29_5_temperature_workspace_focus for 2026-09-08T19:00:00+00:00

=== building nc6_d29_6_progress_not_perfection ===
    footage[b01]: pexels #6601297 (13s) <- 'person confident healthy lifestyle happy'
  b01/5  4.3s  (running total 4.3s)  One off day doesn't undo weeks of healthy hab
    footage[b02]: pexels #7198960 (9s) <- 'person reflecting calm accepting'
  b02/5  5.4s  (running total 9.8s)  All-or-nothing thinking is one of the biggest
    footage[b03]: pexels #7198921 (5s) <- 'person calm accepting healthy mindset'
  b03/5  4.2s  (running total 13.9s)  A single meal or missed workout isn't a failu
    footage[b04]: pexels #6762631 (31s) <- 'person consistent healthy routine happy'
  b04/5  4.3s  (running total 18.3s)  What matters most is what you do most of the 
    footage[b05]: pexels #6601297 (13s) <- 'person confident healthy progress happy'
  b05/5  3.0s  (running total 21.2s)  Progress. Not perfection.

=> C:\Users\Mamun\fb-ig-automation\images\health_reels_cadence6\nc6_d29_6_progress_not_perfection.mp4  total narration ~21.2s
  uploading nc6_d29_6_progress_not_perfection to public asset repo for IG...
  queued nc6_d29_6_progress_not_perfection for 2026-09-08T22:00:00+00:00

=== building nc6_d30_1_month_reflection ===
    footage[b01]: pexels #7198960 (9s) <- 'person reflecting calm peaceful satisfied'
  b01/5  3.6s  (running total 3.6s)  A month is long enough to notice real change.
    footage[b02]: pexels #32363776 (19s) <- 'person healthy lifestyle progress happy'
  b02/5  4.8s  (running total 8.4s)  Small daily habits compound more than they fe
    footage[b03]: pexels #27599861 (14s) <- 'person reflecting journal progress calm'
  b03/5  4.0s  (running total 12.4s)  Looking back over weeks can show progress you
    footage[b04]: pexels #7198921 (5s) <- 'person satisfied peaceful reflecting healthy'
  b04/5  4.0s  (running total 16.4s)  Take a moment to notice what's actually shift
    footage[b05]: pexels #6707404 (21s) <- 'person happy healthy satisfied reflecting'
  b05/5  2.9s  (running total 19.4s)  Look back. Notice the shift.

=> C:\Users\Mamun\fb-ig-automation\images\health_reels_cadence6\nc6_d30_1_month_reflection.mp4  total narration ~19.4s
  uploading nc6_d30_1_month_reflection to public asset repo for IG...
  queued nc6_d30_1_month_reflection for 2026-09-09T01:00:00+00:00

=== building nc6_d30_2_sustainable_pace ===
    footage[b01]: pexels #29881716 (7s) <- 'person consistent steady healthy pace'
  b01/5  4.9s  (running total 4.9s)  Slow, sustainable habits usually beat intense
    footage[b02]: pexels #6913257 (18s) <- 'person exhausted overwhelmed burnout'
  b02/5  3.6s  (running total 8.5s)  Extreme changes often burn out fast.
    footage[b03]: pexels #7198921 (5s) <- 'person consistent calm steady healthy'
  b03/5  5.5s  (running total 14.0s)  Gradual, boring consistency is less exciting,
    footage[b04]: pexels #7217939 (30s) <- 'person sustainable healthy lifestyle happy'
  b04/5  3.9s  (running total 17.9s)  Pick the pace you can actually keep up long-t
    footage[b05]: pexels #29569379 (23s) <- 'person confident healthy consistent happy'
  b05/5  3.5s  (running total 21.4s)  Slow and steady. It actually works.

=> C:\Users\Mamun\fb-ig-automation\images\health_reels_cadence6\nc6_d30_2_sustainable_pace.mp4  total narration ~21.4s
  uploading nc6_d30_2_sustainable_pace to public asset repo for IG...
  queued nc6_d30_2_sustainable_pace for 2026-09-09T04:00:00+00:00

=== building nc6_d30_3_hydration_final_reminder ===
    footage[b01]: pexels #7214670 (4s) <- 'person drinking water healthy happy'
  b01/5  4.8s  (running total 4.8s)  Of everything we've covered, water is still t
    footage[b02]: pexels #15772602 (23s) <- 'water glass fresh healthy simple'
  b02/5  5.2s  (running total 10.0s)  It's free, available everywhere, and affects 
    footage[b03]: pexels #8509278 (32s) <- 'person healthy vibrant hydrated happy'
  b03/5  5.4s  (running total 15.4s)  Energy, mood, focus, skin, digestion, all con
    footage[b04]: pexels #37349572 (18s) <- 'person drinking water simple healthy'
  b04/5  3.4s  (running total 18.8s)  When in doubt, reach for water first.
    footage[b05]: pexels #7010920 (29s) <- 'person healthy happy hydrated glowing'
  b05/5  3.4s  (running total 22.2s)  Water first. Always a good bet.

=> C:\Users\Mamun\fb-ig-automation\images\health_reels_cadence6\nc6_d30_3_hydration_final_reminder.mp4  total narration ~22.2s
  uploading nc6_d30_3_hydration_final_reminder to public asset repo for IG...
  queued nc6_d30_3_hydration_final_reminder for 2026-09-09T10:00:00+00:00

=== building nc6_d30_4_movement_final_reminder ===
    footage[b01]: pexels #2785539 (29s) <- 'person active healthy happy movement'
  b01/5  5.2s  (running total 5.2s)  You don't need a perfect routine, just more m
    footage[b02]: pexels #36674795 (30s) <- 'person walking stairs active healthy'
  b02/5  4.5s  (running total 9.8s)  Stairs, walks, stretch breaks, it all genuine
    footage[b03]: pexels #2785538 (23s) <- 'person consistent active healthy lifestyle'
  b03/5  4.0s  (running total 13.8s)  Consistency beats intensity, long term.
    footage[b04]: pexels #4764175 (28s) <- 'person healthy active happy consistent'
  b04/5  4.5s  (running total 18.3s)  Small movement, repeated, adds up more than y
    footage[b05]: pexels #2785539 (29s) <- 'person happy active healthy movement'
  b05/5  3.4s  (running total 21.6s)  Move a little. Every single day.

=> C:\Users\Mamun\fb-ig-automation\images\health_reels_cadence6\nc6_d30_4_movement_final_reminder.mp4  total narration ~21.6s
  uploading nc6_d30_4_movement_final_reminder to public asset repo for IG...
  queued nc6_d30_4_movement_final_reminder for 2026-09-09T16:00:00+00:00

=== building nc6_d30_5_sleep_final_reminder ===
    footage[b01]: pexels #6446188 (18s) <- 'person peaceful sleeping healthy bed'
  b01/5  4.2s  (running total 4.2s)  If you take one thing from this month, let it
    footage[b02]: pexels #7592098 (23s) <- 'person well rested healthy morning'
  b02/5  5.1s  (running total 9.2s)  It touches mood, focus, cravings, immunity, a
    footage[b03]: pexels #7214644 (11s) <- 'peaceful dark bedroom night sleep'
  b03/5  5.0s  (running total 14.3s)  Consistent timing, a cool dark room, and less
    footage[b04]: pexels #7592045 (34s) <- 'person healthy happy rested morning'
  b04/5  4.4s  (running total 18.7s)  Small changes there ripple into nearly everyt
    footage[b05]: pexels #7198921 (5s) <- 'person peaceful healthy rested happy'
  b05/5  4.0s  (running total 22.7s)  Protect your sleep. It protects everything el

=> C:\Users\Mamun\fb-ig-automation\images\health_reels_cadence6\nc6_d30_5_sleep_final_reminder.mp4  total narration ~22.7s
  uploading nc6_d30_5_sleep_final_reminder to public asset repo for IG...
  queued nc6_d30_5_sleep_final_reminder for 2026-09-09T19:00:00+00:00

=== building nc6_d30_6_thank_you_closing ===
    footage[b01]: pexels #7550330 (20s) <- 'person happy grateful healthy community'
  b01/5  3.4s  (running total 3.4s)  Thanks for spending a little time here with u
    footage[b02]: pexels #8027656 (29s) <- 'healthy lifestyle simple genuine happy'
  b02/5  5.9s  (running total 9.3s)  Small, honest tips, no miracle cures, just th
    footage[b03]: pexels #6707404 (21s) <- 'person happy satisfied healthy progress'
  b03/5  4.2s  (running total 13.5s)  If even one stuck with you this month, that's
    footage[b04]: pexels #7550330 (20s) <- 'person happy healthy community together'
  b04/5  4.0s  (running total 17.5s)  More is coming, follow along for what's next.
    footage[b05]: pexels #7198921 (5s) <- 'person happy healthy grateful smiling'
  b05/5  2.2s  (running total 19.7s)  See you tomorrow.

=> C:\Users\Mamun\fb-ig-automation\images\health_reels_cadence6\nc6_d30_6_thank_you_closing.mp4  total narration ~19.7s
  uploading nc6_d30_6_thank_you_closing to public asset repo for IG...
  queued nc6_d30_6_thank_you_closing for 2026-09-09T22:00:00+00:00

queued 50 new items
