
=== building nc3_d8_1_power_naps ===
    footage[b01]: pexels #13710414 (43s) <- 'person napping couch afternoon peaceful'
  b01/5  4.5s  (running total 4.5s)  A 20-minute nap can help, but timing matters 
    footage[b02]: pexels #7214648 (9s) <- 'person resting sofa afternoon light'
  b02/5  5.5s  (running total 9.9s)  Past 20 to 30 minutes, you risk deep sleep an
    footage[b03]: pexels #13566476 (21s) <- 'clock afternoon sunlight window'
  b03/5  4.5s  (running total 14.4s)  Early to mid afternoon works better than late
    footage[b04]: pexels #13710414 (43s) <- 'person relaxing living room afternoon'
  b04/5  3.9s  (running total 18.3s)  A late nap can actually mess with tonight's s
    footage[b05]: pexels #7592151 (17s) <- 'person waking up refreshed nap'
  b05/5  3.3s  (running total 21.6s)  20 minutes. Early afternoon.

=> C:\Users\Mamun\fb-ig-automation\images\health_reels_cadence3\nc3_d8_1_power_naps.mp4  total narration ~21.6s
  uploading nc3_d8_1_power_naps to public asset repo for IG...
  queued nc3_d8_1_power_naps for 2026-08-18T01:00:00+00:00

=== building nc3_d8_2_blue_light_glasses ===
    footage[b01]: pexels #34818829 (39s) <- 'person wearing glasses computer screen'
  b01/5  4.8s  (running total 4.8s)  Blue light glasses might help less than the m
    footage[b02]: pexels #5682799 (25s) <- 'eyeglasses desk computer work'
  b02/5  4.6s  (running total 9.4s)  Evidence for them reducing eye strain is mixe
    footage[b03]: pexels #6539958 (31s) <- 'person looking away from screen break'
  b03/5  5.2s  (running total 14.6s)  What actually helps: breaks, blinking more, a
    footage[b04]: pexels #7591937 (19s) <- 'person rubbing eyes tired computer'
  b04/5  4.5s  (running total 19.0s)  Don't rely on glasses alone to fix screen fat
    footage[b05]: pexels #28645435 (20s) <- 'person working desk break stretch'
  b05/5  2.5s  (running total 21.5s)  Breaks beat gadgets.

=> C:\Users\Mamun\fb-ig-automation\images\health_reels_cadence3\nc3_d8_2_blue_light_glasses.mp4  total narration ~21.5s
  uploading nc3_d8_2_blue_light_glasses to public asset repo for IG...
  queued nc3_d8_2_blue_light_glasses for 2026-08-18T04:00:00+00:00

=== building nc3_d8_3_skin_moisture_barrier ===
    footage[b01]: pexels #7450416 (29s) <- 'person applying moisturizer skincare'
  b01/5  5.1s  (running total 5.1s)  Dry, flaky skin often means a damaged moistur
    footage[b02]: pexels #7815710 (19s) <- 'skincare bottles bathroom shelf'
  b02/5  4.5s  (running total 9.6s)  Over-washing and harsh products can strip tha
    footage[b03]: pexels #9786455 (18s) <- 'person washing face bathroom sink'
  b03/5  4.6s  (running total 14.2s)  Moisturizer within minutes of washing locks i
    footage[b04]: pexels #4351016 (14s) <- 'skincare routine bathroom mirror'
  b04/5  4.5s  (running total 18.6s)  Simpler routines often beat complicated ones.
    footage[b05]: pexels #9474154 (12s) <- 'person skincare morning routine'
  b05/5  2.7s  (running total 21.4s)  Moisturize within minutes.

=> C:\Users\Mamun\fb-ig-automation\images\health_reels_cadence3\nc3_d8_3_skin_moisture_barrier.mp4  total narration ~21.4s
  uploading nc3_d8_3_skin_moisture_barrier to public asset repo for IG...
  queued nc3_d8_3_skin_moisture_barrier for 2026-08-18T10:00:00+00:00

=== building nc3_d8_4_smart_snacking ===
    footage[b01]: pexels #18940113 (15s) <- 'healthy snack nuts fruit bowl'
  b01/5  3.4s  (running total 3.4s)  Not all snacking is working against you.
    footage[b02]: pexels #18940113 (15s) <- 'almonds apple healthy snack table'
  b02/5  4.1s  (running total 7.5s)  A snack with protein or fiber keeps you stead
    footage[b03]: pexels #18940113 (15s) <- 'healthy snack fruit nuts vs chips'
  b03/5  4.7s  (running total 12.2s)  Chips and candy spike then crash, nuts and fr
    footage[b04]: pexels #7217939 (30s) <- 'fruit bowl kitchen counter fresh'
  b04/5  4.3s  (running total 16.5s)  Keep good options visible and the choice gets
    footage[b05]: pexels #3202612 (36s) <- 'healthy snacking desk work'
  b05/5  3.0s  (running total 19.5s)  Snack smart. Not less.

=> C:\Users\Mamun\fb-ig-automation\images\health_reels_cadence3\nc3_d8_4_smart_snacking.mp4  total narration ~19.5s
  uploading nc3_d8_4_smart_snacking to public asset repo for IG...
  queued nc3_d8_4_smart_snacking for 2026-08-18T16:00:00+00:00

=== building nc3_d8_5_active_commute ===
    footage[b01]: pexels #36337040 (25s) <- 'person walking city street commute'
  b01/5  4.1s  (running total 4.1s)  Your commute could be quiet extra exercise ti
    footage[b02]: pexels #20115001 (27s) <- 'person biking city commute morning'
  b02/5  5.1s  (running total 9.2s)  Parking farther away or biking part of the wa
    footage[b03]: pexels #30718610 (8s) <- 'person walking train station city'
  b03/5  4.1s  (running total 13.4s)  One extra stop walked on transit counts too.
    footage[b04]: pexels #34913017 (30s) <- 'person walking city sidewalk morning'
  b04/5  4.3s  (running total 17.6s)  It's movement you don't have to find extra ti
    footage[b05]: pexels #7223711 (22s) <- 'person commuting walking city street'
  b05/5  2.9s  (running total 20.5s)  Add a block of walking today.

=> C:\Users\Mamun\fb-ig-automation\images\health_reels_cadence3\nc3_d8_5_active_commute.mp4  total narration ~20.5s
  uploading nc3_d8_5_active_commute to public asset repo for IG...
  queued nc3_d8_5_active_commute for 2026-08-18T19:00:00+00:00

=== building nc3_d8_6_journaling_stress ===
    footage[b01]: pexels #18418472 (75s) <- 'person writing journal stress relief'
  b01/5  4.7s  (running total 4.7s)  Dumping your worries on paper can quiet a rac
    footage[b02]: pexels #34214298 (22s) <- 'notebook pen writing thoughts desk'
  b02/5  3.8s  (running total 8.5s)  It's called a brain dump, no structure needed
    footage[b03]: pexels #18418472 (75s) <- 'person journaling evening calm'
  b03/5  4.1s  (running total 12.6s)  Getting it out of your head and onto paper he
    footage[b04]: pexels #36641402 (22s) <- 'journal notebook private writing'
  b04/5  4.2s  (running total 16.8s)  Five minutes, no filter, no one else reads it
    footage[b05]: pexels #37664334 (34s) <- 'person writing peaceful evening'
  b05/5  2.3s  (running total 19.1s)  Dump it out tonight.

=> C:\Users\Mamun\fb-ig-automation\images\health_reels_cadence3\nc3_d8_6_journaling_stress.mp4  total narration ~19.1s
  uploading nc3_d8_6_journaling_stress to public asset repo for IG...
  queued nc3_d8_6_journaling_stress for 2026-08-18T22:00:00+00:00

=== building nc3_d9_1_driving_posture ===
    footage[b01]: pexels #3139865 (20s) <- 'person driving car road trip'
  b01/5  3.8s  (running total 3.8s)  Long drives can quietly wreck your lower back
    footage[b02]: pexels #31943164 (32s) <- 'car interior seat driving'
  b02/5  3.8s  (running total 7.5s)  Slouched seats put extra strain on your spine
    footage[b03]: pexels #5777434 (4s) <- 'car seat cushion comfortable driving'
  b03/5  5.2s  (running total 12.8s)  A small lumbar cushion or rolled towel can ma
    footage[b04]: pexels #8028856 (23s) <- 'person stretching rest stop road trip'
  b04/5  4.0s  (running total 16.8s)  Stopping to stretch every couple hours helps 
    footage[b05]: pexels #3139865 (20s) <- 'person driving comfortable highway'
  b05/5  3.4s  (running total 20.2s)  Support your back. On the next drive.

=> C:\Users\Mamun\fb-ig-automation\images\health_reels_cadence3\nc3_d9_1_driving_posture.mp4  total narration ~20.2s
  uploading nc3_d9_1_driving_posture to public asset repo for IG...
  queued nc3_d9_1_driving_posture for 2026-08-19T01:00:00+00:00

=== building nc3_d9_2_caffeine_anxiety ===
    footage[b01]: pexels #6931516 (20s) <- 'person drinking coffee anxious desk'
  b01/5  5.2s  (running total 5.2s)  That jittery feeling after coffee might be mo
    footage[b02]: pexels #11043540 (10s) <- 'coffee cup steam close up'
  b02/5  4.2s  (running total 9.4s)  Caffeine can mimic some physical signs of anx
    footage[b03]: pexels #5896035 (17s) <- 'person restless anxious sitting desk'
  b03/5  4.0s  (running total 13.4s)  Racing heart, restlessness, sound familiar?
    footage[b04]: pexels #11866333 (7s) <- 'herbal tea calm alternative drink'
  b04/5  5.1s  (running total 18.5s)  If you're prone to anxiety, cutting back caff
    footage[b05]: pexels #6634637 (9s) <- 'person calm tea relaxing morning'
  b05/5  3.4s  (running total 21.9s)  Notice the pattern. Test the change.

=> C:\Users\Mamun\fb-ig-automation\images\health_reels_cadence3\nc3_d9_2_caffeine_anxiety.mp4  total narration ~21.9s
  uploading nc3_d9_2_caffeine_anxiety to public asset repo for IG...
  queued nc3_d9_2_caffeine_anxiety for 2026-08-19T04:00:00+00:00

=== building nc3_d9_3_sugar_cravings_sleep ===
    footage[b01]: pexels #7329491 (21s) <- 'tired person donut sugary snack'
  b01/5  4.3s  (running total 4.3s)  Bad sleep can make you crave sugar the very n
    footage[b02]: pexels #7214704 (7s) <- 'person tired eating sugary food'
  b02/5  4.9s  (running total 9.3s)  Sleep loss shifts hunger hormones toward high
    footage[b03]: pexels #6762654 (20s) <- 'person yawning tired morning'
  b03/5  4.5s  (running total 13.8s)  It's not a willpower problem, it's a biology 
    footage[b04]: pexels #7592098 (23s) <- 'person sleeping well peaceful morning'
  b04/5  4.0s  (running total 17.9s)  Better sleep can quietly reduce those craving
    footage[b05]: pexels #7592151 (17s) <- 'person waking up rested morning'
  b05/5  3.5s  (running total 21.3s)  Fix the sleep. Ease the cravings.

=> C:\Users\Mamun\fb-ig-automation\images\health_reels_cadence3\nc3_d9_3_sugar_cravings_sleep.mp4  total narration ~21.3s
  uploading nc3_d9_3_sugar_cravings_sleep to public asset repo for IG...
  queued nc3_d9_3_sugar_cravings_sleep for 2026-08-19T10:00:00+00:00

=== building nc3_d9_4_desk_microbreaks ===
    footage[b01]: pexels #38055594 (30s) <- 'person stretching desk office chair'
  b01/5  4.0s  (running total 4.0s)  You don't need a full workout to undo desk st
    footage[b02]: pexels #20573775 (40s) <- 'person stretching neck shoulders office'
  b02/5  4.7s  (running total 8.7s)  A 60-second shoulder roll and neck stretch he
    footage[b03]: pexels #7595013 (15s) <- 'office worker stretching break desk'
  b03/5  4.1s  (running total 12.8s)  Do it every hour, not just at the end of the 
    footage[b04]: pexels #19162466 (36s) <- 'phone reminder notification desk'
  b04/5  4.3s  (running total 17.1s)  Set a reminder if you tend to forget while fo
    footage[b05]: pexels #7226846 (30s) <- 'person feeling good stretch office'
  b05/5  3.3s  (running total 20.4s)  60 seconds. Every hour.

=> C:\Users\Mamun\fb-ig-automation\images\health_reels_cadence3\nc3_d9_4_desk_microbreaks.mp4  total narration ~20.4s
  uploading nc3_d9_4_desk_microbreaks to public asset repo for IG...
  queued nc3_d9_4_desk_microbreaks for 2026-08-19T16:00:00+00:00

=== building nc3_d9_5_vitamin_c_myth ===
    footage[b01]: pexels #35069181 (46s) <- 'orange citrus fruit fresh healthy'
  b01/5  4.7s  (running total 4.7s)  Vitamin C probably won't stop a cold from hap
    footage[b02]: pexels #9008429 (8s) <- 'citrus fruits oranges lemons fresh'
  b02/5  4.7s  (running total 9.3s)  For most people, it doesn't reduce how often 
    footage[b03]: pexels #4443532 (4s) <- 'person sick tea vitamin c drink'
  b03/5  3.6s  (running total 12.9s)  But it may slightly shorten how long it lasts
    footage[b04]: pexels #6663644 (23s) <- 'orange fruit healthy breakfast table'
  b04/5  4.3s  (running total 17.2s)  Getting it from food is still a solid daily h
    footage[b05]: pexels #6353418 (25s) <- 'citrus fruit bowl fresh kitchen'
  b05/5  3.1s  (running total 20.3s)  Not a cure. Still worth eating.

=> C:\Users\Mamun\fb-ig-automation\images\health_reels_cadence3\nc3_d9_5_vitamin_c_myth.mp4  total narration ~20.3s
  uploading nc3_d9_5_vitamin_c_myth to public asset repo for IG...
  queued nc3_d9_5_vitamin_c_myth for 2026-08-19T19:00:00+00:00

=== building nc3_d9_6_ice_vs_heat ===
    footage[b01]: pexels #6520252 (16s) <- 'person injury ankle ice pack'
  b01/5  4.3s  (running total 4.3s)  Ice or heat? The timing matters more than you
    footage[b02]: pexels #6520252 (16s) <- 'ice pack injury knee treatment'
  b02/5  5.7s  (running total 9.9s)  Fresh injury, swelling present: ice first, wi
    footage[b03]: pexels #14202315 (9s) <- 'heating pad muscle relief home'
  b03/5  4.1s  (running total 14.0s)  Stiff, achy, no swelling: heat can loosen it 
    footage[b04]: pexels #5756271 (30s) <- 'person recovering injury home rest'
  b04/5  4.6s  (running total 18.6s)  Using the wrong one can actually slow down re
    footage[b05]: pexels #6810941 (26s) <- 'person applying ice pack home'
  b05/5  4.0s  (running total 22.7s)  Swelling equals ice. Stiffness equals heat.

=> C:\Users\Mamun\fb-ig-automation\images\health_reels_cadence3\nc3_d9_6_ice_vs_heat.mp4  total narration ~22.7s
  uploading nc3_d9_6_ice_vs_heat to public asset repo for IG...
  queued nc3_d9_6_ice_vs_heat for 2026-08-19T22:00:00+00:00

=== building nc3_d10_1_mouth_breathing_night ===
    footage[b01]: pexels #6598884 (14s) <- 'person sleeping bedroom night'
  b01/5  4.0s  (running total 4.0s)  Waking up with a dry mouth might mean mouth b
    footage[b02]: pexels #7592098 (23s) <- 'person sleeping peacefully bed'
  b02/5  5.0s  (running total 9.1s)  Nose breathing filters and humidifies air bet
    footage[b03]: pexels #6446189 (21s) <- 'person tired morning waking up'
  b03/5  4.3s  (running total 13.4s)  Mouth breathing at night can mean lower sleep
    footage[b04]: pexels #6446189 (21s) <- 'person morning stretching bedroom'
  b04/5  4.2s  (running total 17.6s)  Nasal congestion is a common, fixable cause.
    footage[b05]: pexels #6446189 (21s) <- 'person waking up bedroom morning'
  b05/5  3.3s  (running total 20.9s)  Dry mouth? Worth a closer look.

=> C:\Users\Mamun\fb-ig-automation\images\health_reels_cadence3\nc3_d10_1_mouth_breathing_night.mp4  total narration ~20.9s
  uploading nc3_d10_1_mouth_breathing_night to public asset repo for IG...
  queued nc3_d10_1_mouth_breathing_night for 2026-08-20T01:00:00+00:00

=== building nc3_d10_2_nail_health_signal ===
    footage[b01]: pexels #4217998 (12s) <- 'hands nails closeup healthy'
  b01/5  4.5s  (running total 4.5s)  Your fingernails can quietly signal things ab
    footage[b02]: pexels #12322598 (11s) <- 'hands closeup nails care'
  b02/5  5.0s  (running total 9.5s)  Brittle, splitting nails can sometimes point 
    footage[b03]: pexels #34762373 (57s) <- 'hands healthy skin closeup'
  b03/5  4.4s  (running total 13.9s)  Pale nail beds can be worth mentioning to a d
    footage[b04]: pexels #7214672 (5s) <- 'person hands healthy lifestyle'
  b04/5  4.8s  (running total 18.6s)  It's not a diagnosis, just a small clue worth
    footage[b05]: pexels #4217998 (12s) <- 'hands closeup healthy nails care'
  b05/5  2.9s  (running total 21.5s)  Take a look at your nails today.

=> C:\Users\Mamun\fb-ig-automation\images\health_reels_cadence3\nc3_d10_2_nail_health_signal.mp4  total narration ~21.5s
  uploading nc3_d10_2_nail_health_signal to public asset repo for IG...
  queued nc3_d10_2_nail_health_signal for 2026-08-20T04:00:00+00:00

=== building nc3_d10_3_lymphatic_movement ===
    footage[b01]: pexels #7226846 (30s) <- 'person stretching movement exercise home'
  b01/5  5.0s  (running total 5.0s)  Your lymphatic system has no pump, it relies 
    footage[b02]: pexels #14563921 (6s) <- 'person walking exercise outdoor'
  b02/5  5.1s  (running total 10.1s)  Unlike blood, lymph fluid moves only through 
    footage[b03]: pexels #8298306 (27s) <- 'person sitting long time desk'
  b03/5  4.1s  (running total 14.2s)  Sitting still for long stretches slows that f
    footage[b04]: pexels #35215455 (44s) <- 'person walking park exercise fresh air'
  b04/5  4.8s  (running total 19.0s)  Simple movement, like walking or stretching, 
    footage[b05]: pexels #31939568 (33s) <- 'person active lifestyle movement outdoor'
  b05/5  2.5s  (running total 21.5s)  Move to help it flow.

=> C:\Users\Mamun\fb-ig-automation\images\health_reels_cadence3\nc3_d10_3_lymphatic_movement.mp4  total narration ~21.5s
  uploading nc3_d10_3_lymphatic_movement to public asset repo for IG...
  queued nc3_d10_3_lymphatic_movement for 2026-08-20T10:00:00+00:00

=== building nc3_d10_4_doms_explained ===
    footage[b01]: pexels #8457014 (18s) <- 'person sore stretching after workout'
  b01/5  4.6s  (running total 4.6s)  Sore two days after a workout? That's complet
    footage[b02]: pexels #6388407 (30s) <- 'person exercising gym workout'
  b02/5  4.8s  (running total 9.4s)  It's called DOMS, delayed onset muscle sorene
    footage[b03]: pexels #6388409 (32s) <- 'person resting after workout tired'
  b03/5  5.6s  (running total 15.0s)  It usually peaks around 24 to 48 hours after 
    footage[b04]: pexels #7226846 (30s) <- 'person light stretching recovery'
  b04/5  4.0s  (running total 19.0s)  Gentle movement helps more than complete rest
    footage[b05]: pexels #36109128 (23s) <- 'person stretching post workout recovery'
  b05/5  3.5s  (running total 22.5s)  It's normal. Keep moving gently.

=> C:\Users\Mamun\fb-ig-automation\images\health_reels_cadence3\nc3_d10_4_doms_explained.mp4  total narration ~22.5s
  uploading nc3_d10_4_doms_explained to public asset repo for IG...
  queued nc3_d10_4_doms_explained for 2026-08-20T16:00:00+00:00

=== building nc3_d10_5_hydration_headaches ===
    footage[b01]: pexels #7172723 (17s) <- 'person headache desk work tired'
  b01/5  4.8s  (running total 4.8s)  That afternoon headache could simply be mild 
    footage[b02]: pexels #6614775 (25s) <- 'person tired rubbing temples desk'
  b02/5  4.4s  (running total 9.2s)  Even a small fluid deficit can trigger head p
    footage[b03]: pexels #30243448 (41s) <- 'glass of water pouring closeup'
  b03/5  3.5s  (running total 12.7s)  It's one of the first things worth ruling out
    footage[b04]: pexels #5197391 (18s) <- 'person drinking water glass desk'
  b04/5  4.5s  (running total 17.2s)  A full glass of water before reaching for pai
    footage[b05]: pexels #5197394 (25s) <- 'person feeling better water desk'
  b05/5  3.3s  (running total 20.5s)  Water first. See if it helps.

=> C:\Users\Mamun\fb-ig-automation\images\health_reels_cadence3\nc3_d10_5_hydration_headaches.mp4  total narration ~20.5s
  uploading nc3_d10_5_hydration_headaches to public asset repo for IG...
  queued nc3_d10_5_hydration_headaches for 2026-08-20T19:00:00+00:00

=== building nc3_d10_6_earbud_hygiene ===
    footage[b01]: pexels #9130473 (19s) <- 'earbuds wireless closeup clean'
  b01/5  3.5s  (running total 3.5s)  Your earbuds collect more than you'd expect.
    footage[b02]: pexels #9187970 (15s) <- 'earbuds case wireless technology'
  b02/5  4.6s  (running total 8.1s)  Ear wax, sweat, and bacteria build up over ti
    footage[b03]: pexels #9130473 (19s) <- 'person cleaning earbuds wireless'
  b03/5  4.9s  (running total 13.0s)  That buildup can contribute to ear irritation
    footage[b04]: pexels #12370189 (14s) <- 'cleaning cloth technology closeup'
  b04/5  3.9s  (running total 16.9s)  A quick wipe with a dry cloth once a week hel
    footage[b05]: pexels #9130473 (19s) <- 'earbuds wireless clean technology'
  b05/5  2.9s  (running total 19.8s)  Wipe them down. This week.

=> C:\Users\Mamun\fb-ig-automation\images\health_reels_cadence3\nc3_d10_6_earbud_hygiene.mp4  total narration ~19.8s
  uploading nc3_d10_6_earbud_hygiene to public asset repo for IG...
  queued nc3_d10_6_earbud_hygiene for 2026-08-20T22:00:00+00:00

=== building nc3_d11_1_posture_confidence ===
    footage[b01]: pexels #8873395 (15s) <- 'person confident posture standing'
  b01/5  3.6s  (running total 3.6s)  How you sit can actually change how you feel.
    footage[b02]: pexels #6614775 (25s) <- 'person slouching desk tired'
  b02/5  4.2s  (running total 7.9s)  Slumped posture is linked to lower energy and
    footage[b03]: pexels #6565536 (12s) <- 'person standing confident posture'
  b03/5  5.6s  (running total 13.5s)  Sitting or standing tall can genuinely shift 
    footage[b04]: pexels #7576242 (23s) <- 'person confident walking outdoor'
  b04/5  3.8s  (running total 17.2s)  It's a small, free adjustment worth trying.
    footage[b05]: pexels #6325839 (22s) <- 'person good posture desk work'
  b05/5  2.8s  (running total 20.1s)  Sit up. Notice the shift.

=> C:\Users\Mamun\fb-ig-automation\images\health_reels_cadence3\nc3_d11_1_posture_confidence.mp4  total narration ~20.1s
  uploading nc3_d11_1_posture_confidence to public asset repo for IG...
  queued nc3_d11_1_posture_confidence for 2026-08-21T01:00:00+00:00

=== building nc3_d11_2_smiling_mood ===
    footage[b01]: pexels #6879290 (16s) <- 'person smiling happy outdoor'
  b01/5  4.7s  (running total 4.7s)  Smiling on purpose can nudge your mood, even 
    footage[b02]: pexels #7299370 (15s) <- 'person genuine smile happy portrait'
  b02/5  3.2s  (running total 7.9s)  It's called the facial feedback effect.
    footage[b03]: pexels #7327609 (16s) <- 'person smiling laughing friends'
  b03/5  4.4s  (running total 12.3s)  Your facial muscles send signals back to your
    footage[b04]: pexels #6815184 (27s) <- 'person happy smiling outdoors sunshine'
  b04/5  4.7s  (running total 17.0s)  It's not a fix for everything, but a real, sm
    footage[b05]: pexels #8328610 (11s) <- 'person smiling camera happy'
  b05/5  2.2s  (running total 19.2s)  Try it right now.

=> C:\Users\Mamun\fb-ig-automation\images\health_reels_cadence3\nc3_d11_2_smiling_mood.mp4  total narration ~19.2s
  uploading nc3_d11_2_smiling_mood to public asset repo for IG...
  queued nc3_d11_2_smiling_mood for 2026-08-21T04:00:00+00:00

=== building nc3_d11_3_weekend_catchup_myth ===
    footage[b01]: pexels #6446174 (36s) <- 'person sleeping late weekend morning'
  b01/5  4.4s  (running total 4.4s)  Sleeping in all weekend doesn't fully erase s
    footage[b02]: pexels #7592151 (17s) <- 'person waking up late bed weekend'
  b02/5  4.4s  (running total 8.8s)  It can help a little, but not completely rese
    footage[b03]: pexels #7196329 (18s) <- 'person tired monday morning alarm'
  b03/5  4.2s  (running total 13.1s)  It also throws off your body clock for the we
    footage[b04]: pexels #6446188 (18s) <- 'person sleeping consistent bedtime'
  b04/5  3.5s  (running total 16.6s)  Consistent sleep beats weekend catch-up.
    footage[b05]: pexels #7592151 (17s) <- 'person waking up rested weekend'
  b05/5  3.0s  (running total 19.5s)  Consistency over catch-up.

=> C:\Users\Mamun\fb-ig-automation\images\health_reels_cadence3\nc3_d11_3_weekend_catchup_myth.mp4  total narration ~19.5s
  uploading nc3_d11_3_weekend_catchup_myth to public asset repo for IG...
  queued nc3_d11_3_weekend_catchup_myth for 2026-08-21T10:00:00+00:00

=== building nc3_d11_4_protein_aging_muscle ===
    footage[b01]: pexels #6892082 (13s) <- 'older person exercising healthy active'
  b01/5  5.7s  (running total 5.7s)  Muscle naturally declines with age, but it's 
    footage[b02]: pexels #28951978 (32s) <- 'healthy meal protein older adult'
  b02/5  4.0s  (running total 9.7s)  Protein needs actually go up as we get older.
    footage[b03]: pexels #16368952 (36s) <- 'older adult strength training gym'
  b03/5  4.3s  (running total 14.1s)  Strength training, even light, helps preserve
    footage[b04]: pexels #5102938 (26s) <- 'active senior exercising outdoor'
  b04/5  3.4s  (running total 17.4s)  It's never too late to start building it.
    footage[b05]: pexels #6388864 (28s) <- 'person exercising healthy active lifestyle'
  b05/5  3.5s  (running total 20.9s)  Protein and movement. At any age.

=> C:\Users\Mamun\fb-ig-automation\images\health_reels_cadence3\nc3_d11_4_protein_aging_muscle.mp4  total narration ~20.9s
  uploading nc3_d11_4_protein_aging_muscle to public asset repo for IG...
  queued nc3_d11_4_protein_aging_muscle for 2026-08-21T16:00:00+00:00

=== building nc3_d11_5_gut_serotonin ===
    footage[b01]: pexels #4443535 (4s) <- 'healthy gut food digestive vegetables'
  b01/5  4.6s  (running total 4.6s)  Most of your body's serotonin isn't made in y
    footage[b02]: pexels #6595463 (15s) <- 'healthy meal gut digestion food'
  b02/5  3.8s  (running total 8.4s)  A large share is actually produced in your gu
    footage[b03]: pexels #6707753 (29s) <- 'person happy healthy eating meal'
  b03/5  4.4s  (running total 12.9s)  It's part of why gut health and mood are so c
    footage[b04]: pexels #36272126 (19s) <- 'colorful healthy food variety table'
  b04/5  5.3s  (running total 18.2s)  Fiber, fermented foods, and variety all suppo
    footage[b05]: pexels #8447132 (20s) <- 'healthy colorful meal happy'
  b05/5  3.2s  (running total 21.4s)  Feed your gut. Support your mood.

=> C:\Users\Mamun\fb-ig-automation\images\health_reels_cadence3\nc3_d11_5_gut_serotonin.mp4  total narration ~21.4s
  uploading nc3_d11_5_gut_serotonin to public asset repo for IG...
  queued nc3_d11_5_gut_serotonin for 2026-08-21T19:00:00+00:00

=== building nc3_d11_6_reading_before_bed ===
    footage[b01]: pexels #6541172 (23s) <- 'person reading book bed night lamp'
  b01/5  4.7s  (running total 4.7s)  Swapping your phone for a physical book chang
    footage[b02]: pexels #6851616 (24s) <- 'book reading cozy bed warm light'
  b02/5  4.9s  (running total 9.6s)  No blue light, no notifications, no endless s
    footage[b03]: pexels #10815937 (50s) <- 'person relaxed reading book evening'
  b03/5  4.0s  (running total 13.7s)  Even 10 pages can settle a busy mind.
    footage[b04]: pexels #30912267 (35s) <- 'cozy reading nook bedroom evening'
  b04/5  3.3s  (running total 16.9s)  It's a small swap with a real payoff.
    footage[b05]: pexels #7592156 (13s) <- 'person reading book bedroom cozy'
  b05/5  2.8s  (running total 19.7s)  Try a book tonight instead.

=> C:\Users\Mamun\fb-ig-automation\images\health_reels_cadence3\nc3_d11_6_reading_before_bed.mp4  total narration ~19.7s
  uploading nc3_d11_6_reading_before_bed to public asset repo for IG...
  queued nc3_d11_6_reading_before_bed for 2026-08-21T22:00:00+00:00

=== building nc3_d12_1_urine_color_chart ===
    footage[b01]: pexels #5636874 (13s) <- 'glass of water clear healthy'
  b01/5  4.8s  (running total 4.8s)  Your urine color is a simple, real-time hydra
    footage[b02]: pexels #5636874 (13s) <- 'water bottle pouring glass fresh'
  b02/5  4.4s  (running total 9.2s)  Pale straw yellow usually means you're well h
    footage[b03]: pexels #5310968 (23s) <- 'person drinking water bottle outdoor'
  b03/5  3.7s  (running total 12.9s)  Dark yellow is a signal to drink more.
    footage[b04]: pexels #7214672 (5s) <- 'vitamins supplements bottle health'
  b04/5  4.8s  (running total 17.7s)  Certain vitamins and foods can temporarily ch
    footage[b05]: pexels #8509278 (32s) <- 'person drinking water healthy hydration'
  b05/5  3.6s  (running total 21.3s)  Check the color. It's telling you something.

=> C:\Users\Mamun\fb-ig-automation\images\health_reels_cadence3\nc3_d12_1_urine_color_chart.mp4  total narration ~21.3s
  uploading nc3_d12_1_urine_color_chart to public asset repo for IG...
  queued nc3_d12_1_urine_color_chart for 2026-08-22T01:00:00+00:00

=== building nc3_d12_2_cooking_oil_smoke_point ===
    footage[b01]: pexels #37876501 (37s) <- 'cooking oil pan kitchen frying'
  b01/5  3.6s  (running total 3.6s)  The oil you cook with matters more at high he
    footage[b02]: pexels #30044759 (45s) <- 'oil pan cooking heat kitchen'
  b02/5  4.5s  (running total 8.2s)  Every oil has a smoke point, past it, it brea
    footage[b03]: pexels #18105249 (32s) <- 'cooking pan smoke kitchen stove'
  b03/5  4.8s  (running total 13.0s)  Broken-down oil can produce harsh compounds a
    footage[b04]: pexels #25745552 (18s) <- 'olive oil avocado oil kitchen'
  b04/5  5.0s  (running total 18.0s)  For high heat, avocado or refined oils handle
    footage[b05]: pexels #8279878 (37s) <- 'healthy cooking kitchen oil'
  b05/5  2.6s  (running total 20.6s)  Match the oil to the heat.

=> C:\Users\Mamun\fb-ig-automation\images\health_reels_cadence3\nc3_d12_2_cooking_oil_smoke_point.mp4  total narration ~20.6s
  uploading nc3_d12_2_cooking_oil_smoke_point to public asset repo for IG...
  queued nc3_d12_2_cooking_oil_smoke_point for 2026-08-22T04:00:00+00:00

=== building nc3_d12_3_meal_timing_jetlag ===
    footage[b01]: pexels #7423656 (20s) <- 'airport travel person suitcase'
  b01/5  4.9s  (running total 4.9s)  Meal timing can help reset your body clock wh
    footage[b02]: pexels #6913263 (26s) <- 'person eating meal travel airport'
  b02/5  5.5s  (running total 10.4s)  Eating on the new time zone's schedule signal
    footage[b03]: pexels #37471478 (44s) <- 'person outdoors sunlight travel'
  b03/5  4.3s  (running total 14.8s)  Light exposure at the right times helps just 
    footage[b04]: pexels #7423656 (20s) <- 'traveler airport walking luggage'
  b04/5  4.8s  (running total 19.6s)  It won't fix jet lag completely, but it does 
    footage[b05]: pexels #20529528 (21s) <- 'person traveling happy airport'
  b05/5  2.5s  (running total 22.0s)  Eat on the new clock.

=> C:\Users\Mamun\fb-ig-automation\images\health_reels_cadence3\nc3_d12_3_meal_timing_jetlag.mp4  total narration ~22.0s
  uploading nc3_d12_3_meal_timing_jetlag to public asset repo for IG...
  queued nc3_d12_3_meal_timing_jetlag for 2026-08-22T10:00:00+00:00

=== building nc3_d12_4_breathing_blood_pressure ===
    footage[b01]: pexels #7415212 (15s) <- 'person breathing calm meditation'
  b01/5  4.2s  (running total 4.2s)  Slow breathing can measurably lower blood pre
    footage[b02]: pexels #7415212 (15s) <- 'person meditating calm breathing'
  b02/5  5.7s  (running total 9.9s)  Long, slow exhales activate your body's rest-
    footage[b03]: pexels #6446266 (29s) <- 'person calm relaxed breathing exercise'
  b03/5  3.6s  (running total 13.6s)  Even a few minutes can shift things in the mo
    footage[b04]: pexels #8959109 (22s) <- 'person peaceful breathing outdoor calm'
  b04/5  3.5s  (running total 17.1s)  It's a free tool you always have with you.
    footage[b05]: pexels #7198921 (5s) <- 'person calm relaxed sitting peaceful'
  b05/5  3.1s  (running total 20.2s)  Try 5 slow breaths right now.

=> C:\Users\Mamun\fb-ig-automation\images\health_reels_cadence3\nc3_d12_4_breathing_blood_pressure.mp4  total narration ~20.2s
  uploading nc3_d12_4_breathing_blood_pressure to public asset repo for IG...
  queued nc3_d12_4_breathing_blood_pressure for 2026-08-22T16:00:00+00:00

=== building nc3_d12_5_teeth_grinding ===
    footage[b01]: pexels #7423852 (22s) <- 'person jaw pain morning discomfort'
  b01/5  4.6s  (running total 4.6s)  A sore jaw in the morning can point to nightt
    footage[b02]: pexels #7214644 (11s) <- 'person stressed sleeping tension'
  b02/5  3.5s  (running total 8.1s)  Stress is one of the most common triggers.
    footage[b03]: pexels #5356410 (32s) <- 'dentist checkup teeth healthy'
  b03/5  3.9s  (running total 11.9s)  It can wear down teeth over time if unmanaged
    footage[b04]: pexels #30912267 (35s) <- 'person relaxed calm evening routine'
  b04/5  3.9s  (running total 15.8s)  A night guard and stress management both help
    footage[b05]: pexels #7198952 (9s) <- 'person healthy smile morning'
  b05/5  3.7s  (running total 19.5s)  Sore jaw? Worth mentioning to a dentist.

=> C:\Users\Mamun\fb-ig-automation\images\health_reels_cadence3\nc3_d12_5_teeth_grinding.mp4  total narration ~19.5s
  uploading nc3_d12_5_teeth_grinding to public asset repo for IG...
  queued nc3_d12_5_teeth_grinding for 2026-08-22T19:00:00+00:00

=== building nc3_d12_6_plant_variety ===
    footage[b01]: pexels #36108518 (17s) <- 'colorful vegetables variety market fresh'
  b01/5  5.5s  (running total 5.5s)  Eating 30 different plant foods a week sounds
    footage[b02]: pexels #7048640 (24s) <- 'herbs spices variety kitchen fresh'
  b02/5  5.4s  (running total 10.9s)  Herbs, spices, nuts, and grains all count tow
    footage[b03]: pexels #36272126 (19s) <- 'colorful healthy meal variety table'
  b03/5  4.5s  (running total 15.4s)  More variety supports a healthier gut microbi
    footage[b04]: pexels #6595450 (21s) <- 'diverse healthy food ingredients kitchen'
  b04/5  4.8s  (running total 20.2s)  It's about variety, not volume, small amounts
    footage[b05]: pexels #36108518 (17s) <- 'colorful produce market fresh variety'
  b05/5  2.7s  (running total 22.9s)  Add something new this week.

=> C:\Users\Mamun\fb-ig-automation\images\health_reels_cadence3\nc3_d12_6_plant_variety.mp4  total narration ~22.9s
  uploading nc3_d12_6_plant_variety to public asset repo for IG...
  queued nc3_d12_6_plant_variety for 2026-08-22T22:00:00+00:00

queued 60 new items
