
=== building sa_d1_s1_babysitter_app (5 beats) ===
    footage[b01]: pexels #6611940 (34s) <- 'baby monitor screen dark room night'
  b01/5  4.7s  (running total 4.7s)  The baby monitor app shows movement in the nu
    footage[b02]: pexels #35165834 (32s) <- 'empty crib dark room night'
  b02/5  4.4s  (running total 9.1s)  My daughter is asleep in my bed, not the nurs
    footage[b03]: pexels #7269654 (27s) <- 'empty child room dark closed door'
  b03/5  4.2s  (running total 13.3s)  The nursery has been empty for three years.
    footage[b04]: pexels #30157094 (60s) <- 'dark silhouette shadow room night'
  b04/5  4.6s  (running total 17.9s)  I opened the app. The shape was standing by t
    footage[b05]: pexels #6611940 (34s) <- 'phone screen glow dark room night'
  b05/5  4.1s  (running total 22.0s)  It turned toward the camera right as I looked

=> C:\Users\Mamun\fb-ig-automation\images\suspense_reels_content1\sa_d1_s1_babysitter_app.mp4  total narration ~22.0s
  queued sa_d1_s1_babysitter_app for 2026-08-11T00:00:00+00:00

=== building sa_d1_s2_elevator_button (5 beats) ===
    footage[b01]: pexels #15434928 (22s) <- 'elevator buttons closeup metal'
  b01/5  6.0s  (running total 6.0s)  My office building has 12 floors. The elevato
    footage[b02]: pexels #7821407 (28s) <- 'office lobby security desk night'
  b02/5  5.6s  (running total 11.6s)  I asked building security about it once. They
    footage[b03]: pexels #36984255 (40s) <- 'elevator interior empty night'
  b03/5  4.2s  (running total 15.8s)  Tonight, working late, I pressed it as a joke
    footage[b04]: pexels #15439758 (30s) <- 'elevator display numbers glowing'
  b04/5  4.7s  (running total 20.5s)  The doors closed. The display counted past 12
    footage[b05]: pexels #15365449 (20s) <- 'dark hallway corridor door night'
  b05/5  4.6s  (running total 25.1s)  The doors opened on a floor that isn't in the

=> C:\Users\Mamun\fb-ig-automation\images\suspense_reels_content1\sa_d1_s2_elevator_button.mp4  total narration ~25.1s
  queued sa_d1_s2_elevator_button for 2026-08-11T06:00:00+00:00

=== building sa_d1_s3_voicemail (5 beats) ===
    footage[b01]: pexels #38410501 (21s) <- 'phone screen call missed dark'
  b01/5  4.2s  (running total 4.2s)  I had one new voicemail. From my own number.
    footage[b02]: pexels #6611940 (34s) <- 'phone screen glow hand dark room'
  b02/5  4.2s  (running total 8.4s)  I don't call myself. I've never called myself
    footage[b03]: pexels #7277919 (57s) <- 'person listening phone worried dark'
  b03/5  4.3s  (running total 12.6s)  I played it. Thirty seconds of my own breathi
    footage[b04]: pexels #17356513 (46s) <- 'phone speaker closeup dark'
  b04/5  5.2s  (running total 17.9s)  Then, at the very end, my own voice said some
    footage[b05]: pexels #7214644 (11s) <- 'phone ringing dark room night'
  b05/5  3.4s  (running total 21.2s)  Don't answer if I call again.

=> C:\Users\Mamun\fb-ig-automation\images\suspense_reels_content1\sa_d1_s3_voicemail.mp4  total narration ~21.2s
  queued sa_d1_s3_voicemail for 2026-08-11T15:00:00+00:00

=== building sa_d1_lf_apartment_upstairs (28 beats) ===
    footage[building_night]: pexels #26346258 (4s) <- 'apartment building exterior night window'
  b01/28  6.0s  (running total 6.0s)  I live on the top floor. Or I thought I did, 
    footage[ceiling_dark]: pexels #11889623 (8s) <- 'ceiling dark room night moody'
  b02/28  4.8s  (running total 10.7s)  Every night, around midnight, pacing. Back an
    footage[manager_office]: pexels #6614775 (25s) <- 'office desk lamp night empty'
  b03/28  4.2s  (running total 15.0s)  I asked the building manager what was above m
  b04/28  6.0s  (running total 21.0s)  Nothing, he said. You're on the top floor. Th
    footage[listening_dark]: pexels #30157094 (60s) <- 'person listening ceiling worried dark'
  b05/28  4.3s  (running total 25.3s)  I told him I heard someone walking every nigh
  b06/28  5.4s  (running total 30.6s)  He went pale and said the roof access door ha
    footage[hallway_night]: pexels #15365457 (16s) <- 'hallway corridor door night'
  b07/28  4.1s  (running total 34.7s)  Sealed, but he agreed to check it the next mo
  b08/28  4.3s  (running total 39.0s)  That night, the pacing started earlier than u
  b09/28  5.0s  (running total 44.0s)  Slower this time. Deliberate. Like it knew I 
    footage[bedroom_night]: pexels #37700771 (54s) <- 'dark bedroom night window moody'
  b10/28  4.0s  (running total 48.0s)  Then it stopped directly above my bedroom.
    footage[dread_dark]: pexels #35666006 (73s) <- 'dark room night subtle shadow moody'
  b11/28  3.5s  (running total 51.5s)  Silence. For almost a full minute.
  b12/28  3.9s  (running total 55.4s)  Then three slow knocks. On my ceiling.
    footage[frozen_bed]: pexels #7279741 (23s) <- 'person frozen scared dark bed'
  b13/28  3.3s  (running total 58.7s)  I didn't move. I didn't breathe.
    footage[phone_worried]: pexels #7592049 (33s) <- 'phone call worried person morning'
  b14/28  4.3s  (running total 63.0s)  In the morning, the manager called me, voice 
    footage[sealed_door]: pexels #7830153 (20s) <- 'old door sealed dust closeup'
  b15/28  6.0s  (running total 69.1s)  The roof access door was still sealed. Untouc
  b16/28  4.7s  (running total 73.7s)  But he'd found something else while checking 
    footage[archive_docs]: pexels #6746602 (14s) <- 'old building archive documents'
  b17/28  5.1s  (running total 78.8s)  Before this was apartments, the top floor was
    footage[old_photo]: pexels #7213872 (17s) <- 'old photograph vintage dark'
  b18/28  5.3s  (running total 84.1s)  A man had lived there for forty years, refusi
    footage[apt_door]: pexels #12183252 (29s) <- 'apartment door hallway dark'
  b19/28  4.7s  (running total 88.8s)  When the building was subdivided, his unit be
    footage[empty_room]: pexels #34134378 (32s) <- 'empty room abandoned dark dust'
  b20/28  4.5s  (running total 93.3s)  He never signed anything. He was just gone on
  b21/28  5.1s  (running total 98.4s)  No record of where he went. No record of him 
  b22/28  3.3s  (running total 101.7s)  That night, I didn't hear pacing.
  b23/28  4.8s  (running total 106.5s)  I heard something dragging. Slow, heavy, deli
  b24/28  3.9s  (running total 110.4s)  It stopped directly above my bed again.
  b25/28  3.8s  (running total 114.1s)  This time, no knocking. Just waiting.
  b26/28  4.2s  (running total 118.3s)  I could feel it listening, the way I was list
    footage[moving_out]: pexels #7464137 (14s) <- 'moving boxes apartment empty'
  b27/28  5.2s  (running total 123.5s)  I moved out the following week. I told the ne
  b28/28  4.8s  (running total 128.3s)  Last night, out of habit, I looked up at my n

=> C:\Users\Mamun\fb-ig-automation\images\suspense_reels_content1\sa_d1_lf_apartment_upstairs.mp4  total narration ~128.3s
  queued sa_d1_lf_apartment_upstairs for 2026-08-11T18:00:00+00:00

=== building sa_d2_s1_doorbell_camera (5 beats) ===
    footage[b01]: pexels #32087851 (23s) <- 'doorbell camera night street dark'
  b01/5  5.4s  (running total 5.4s)  My doorbell camera caught the same person wal
    footage[b02]: pexels #31261853 (30s) <- 'empty street night lamppost dark'
  b02/5  5.6s  (running total 11.0s)  Same time. Eleven forty-seven PM. Every singl
    footage[b03]: pexels #34405191 (47s) <- 'silhouette person walking street night'
  b03/5  5.3s  (running total 16.4s)  They never stop. They never look at my house.
    footage[b04]: pexels #34466485 (29s) <- 'front door porch night dark'
  b04/5  4.5s  (running total 20.9s)  Last night, they stopped directly in front of
    footage[b05]: pexels #17356514 (38s) <- 'doorbell camera closeup night'
  b05/5  3.9s  (running total 24.8s)  And looked straight up at the camera. Smiling

=> C:\Users\Mamun\fb-ig-automation\images\suspense_reels_content1\sa_d2_s1_doorbell_camera.mp4  total narration ~24.8s
  queued sa_d2_s1_doorbell_camera for 2026-08-12T00:00:00+00:00

=== building sa_d2_s2_new_roommate (5 beats) ===
    footage[b01]: pexels #12183252 (29s) <- 'locked door apartment hallway'
=== building sa_d2_lf_recurring_guest (29 beats) ===
  b01: already built, skipping
  b02: already built, skipping
  b03: already built, skipping
  b04: already built, skipping
  b05: already built, skipping
  b06: already built, skipping
  b07: already built, skipping
  b08: already built, skipping
  b09: already built, skipping
  b10: already built, skipping
  b11: already built, skipping
  b12: already built, skipping
  b13: already built, skipping
  b14: already built, skipping
  b15: already built, skipping
  b16: already built, skipping
  b17: already built, skipping
  b18: already built, skipping
  b19: already built, skipping
  b20: already built, skipping
  b21: already built, skipping
  b22: already built, skipping
  b23: already built, skipping
  b24: already built, skipping
  b25: already built, skipping
  b26: already built, skipping
  b27: already built, skipping
  b28/29  5.0s  (running total 133.1s)  But something about the posture felt uncomfor
    footage[hotel_mirror]: pexels #34867881 (41s) <- 'hotel lobby mirror dark night'
  b29/29  6.0s  (running total 139.2s)  I put the photo down and didn't look at the f

=> C:\Users\Mamun\fb-ig-automation\images\suspense_reels_content1\sa_d2_lf_recurring_guest.mp4  total narration ~139.2s
  queued sa_d2_lf_recurring_guest for 2026-08-12T18:00:00+00:00

=== building sa_d3_s1_photo_booth (5 beats) ===
    footage[b01]: pexels #4177043 (78s) <- 'photo booth strip vintage dark'
  b01/5  5.1s  (running total 5.1s)  I found an old photo booth strip from my birt
    footage[b02]: pexels #34393391 (17s) <- 'person laughing photo booth vintage'
  b02/5  4.5s  (running total 9.6s)  Four photos. Just me, laughing at the camera.
    footage[b03]: pexels #4077539 (19s) <- 'photo booth curtain empty dark'
  b03/5  4.2s  (running total 13.8s)  I remember being completely alone in that boo
    footage[b04]: pexels #20537310 (49s) <- 'hand shoulder closeup dark'
  b04/5  4.3s  (running total 18.2s)  But in the fourth photo, there's a hand on my
    footage[b05]: pexels #34760499 (32s) <- 'old photograph vintage dark closeup'
  b05/5  4.0s  (running total 22.2s)  A hand attached to no one else in the frame.

=> C:\Users\Mamun\fb-ig-automation\images\suspense_reels_content1\sa_d3_s1_photo_booth.mp4  total narration ~22.2s
  queued sa_d3_s1_photo_booth for 2026-08-13T00:00:00+00:00

=== building sa_d3_s2_gps_detour (5 beats) ===
    footage[b01]: pexels #35595804 (37s) <- 'car dashboard gps night driving'
  b01/5  5.8s  (running total 5.8s)  My car's GPS reroutes me through the same bac
    footage[b02]: pexels #31261853 (30s) <- 'abandoned road night dark trees'
  b02/5  5.2s  (running total 11.0s)  An abandoned road. No houses. No other cars, 
    footage[b03]: pexels #35165834 (32s) <- 'car headlights dark empty road night'
  b03/5  5.0s  (running total 16.0s)  It only happens around 2 AM, driving home fro
    footage[b04]: pexels #11372907 (32s) <- 'car driving night highway dark'
  b04/5  4.8s  (running total 20.8s)  Tonight I ignored it and took my usual route 
    footage[b05]: pexels #5787613 (4s) <- 'car dashboard gps glow night'
  b05/5  5.7s  (running total 26.4s)  The GPS said recalculating for the next eleve

=> C:\Users\Mamun\fb-ig-automation\images\suspense_reels_content1\sa_d3_s2_gps_detour.mp4  total narration ~26.4s
  queued sa_d3_s2_gps_detour for 2026-08-13T06:00:00+00:00

=== building sa_d3_s3_shared_playlist (5 beats) ===
    footage[b01]: pexels #38410498 (32s) <- 'phone music app playlist dark'
  b01/5  6.6s  (running total 6.6s)  My friends and I share a collaborative playli
    footage[b02]: pexels #19162466 (36s) <- 'phone screen music notification dark'
  b02/5  6.0s  (running total 12.6s)  Always at 3 AM. Always one song. Always added
    footage[b03]: pexels #6611940 (34s) <- 'phone screen glow dark room night'
  b03/5  5.0s  (running total 17.5s)  None of us have that username. None of us are
    footage[b04]: pexels #6611940 (34s) <- 'person watching phone dark room'
  b04/5  4.7s  (running total 22.1s)  Tonight I stayed up on purpose to watch it ha
    footage[b05]: pexels #19162466 (36s) <- 'phone screen typing notification dark'
  b05/5  4.7s  (running total 26.8s)  At two fifty nine, my own name appeared as ty

=> C:\Users\Mamun\fb-ig-automation\images\suspense_reels_content1\sa_d3_s3_shared_playlist.mp4  total narration ~26.8s
  queued sa_d3_s3_shared_playlist for 2026-08-13T15:00:00+00:00

=== building sa_d3_lf_inherited_house (28 beats) ===
    footage[old_house]: pexels #10584958 (9s) <- 'old house exterior dark night'
  b01/28  5.8s  (running total 5.8s)  My great-aunt left me her house. One room was
    footage[lawyer_office]: pexels #5683801 (26s) <- 'office desk lamp night documents'
  b02/28  5.7s  (running total 11.4s)  The lawyer said she'd insisted on it in the w
    footage[locked_door]: pexels #12183252 (29s) <- 'old door locked hallway dark'
  b03/28  4.5s  (running total 16.0s)  Just: leave that room locked. Do not go insid
    footage[moving_in]: pexels #7210955 (10s) <- 'moving boxes house interior day'
  b04/28  4.9s  (running total 20.8s)  I moved in anyway. The house was too good to 
    footage[cozy_living]: pexels #30912265 (35s) <- 'cozy living room evening lamp'
  b05/28  4.8s  (running total 25.6s)  First few nights were fine. Quiet. Peaceful, 
    footage[empty_room_dark]: pexels #35772987 (56s) <- 'empty room dark shadows moody'
  b06/28  3.7s  (running total 29.4s)  Then objects started moving overnight.
    footage[old_chair]: pexels #19436907 (25s) <- 'old chair room dark moody'
  b07/28  5.0s  (running total 34.4s)  A chair facing a different direction. A drawe
    footage[house_interior]: pexels #4733676 (54s) <- 'old house interior dark hallway'
  b08/28  4.6s  (running total 39.0s)  Small things. Easy to explain away, at first.
    footage[door_scratches]: pexels #7830153 (20s) <- 'old door scratches closeup dark'
  b09/28  4.6s  (running total 43.6s)  Then I started finding scratches on the locke
  b10/28  4.6s  (running total 48.2s)  Fresh ones. Every morning, more than the day 
    footage[calling_phone]: pexels #4976952 (42s) <- 'person calling phone worried house'
  b11/28  5.1s  (running total 53.3s)  I called a locksmith, telling myself I just w
    footage[locksmith]: pexels #6182060 (28s) <- 'locksmith tools door closeup'
  b12/28  4.1s  (running total 57.4s)  He came, looked at the lock, and went quiet.
    footage[person_serious]: pexels #34725297 (51s) <- 'person talking serious dark house'
  b13/28  4.0s  (running total 61.4s)  This isn't locked to keep people out, he said
    footage[door_closeup]: pexels #12183252 (29s) <- 'old door locked closeup dark'
  b14/28  3.2s  (running total 64.7s)  It's locked to keep something in.
    footage[person_leaving]: pexels #12183252 (29s) <- 'person leaving house door night'
  b15/28  4.6s  (running total 69.3s)  He refused to open it and left without chargi
    footage[door_knocking]: pexels #4727543 (34s) <- 'old door knocking closeup dark'
  b16/28  3.9s  (running total 73.2s)  That night, the scratching turned into knocki
  b17/28  3.6s  (running total 76.8s)  Slow. Deliberate. From the inside.
    footage[old_journal]: pexels #11384843 (15s) <- 'old journal book dusty attic'
  b18/28  4.5s  (running total 81.3s)  I found my great-aunt's journal in the attic 
    footage[journal_writing]: pexels #27451039 (20s) <- 'old journal writing dusty pages'
  b19/28  5.0s  (running total 86.4s)  Decades of entries about the room. About keep
  b20/28  5.3s  (running total 91.6s)  Fed wasn't explained. Just repeated, page aft
  b21/28  4.2s  (running total 95.8s)  The last entry was dated the week she died.
  b22/28  3.9s  (running total 99.7s)  It knows the house has a new owner now.
  b23/28  3.9s  (running total 103.6s)  It will wait patiently. It always does.
    footage[sitting_dark]: pexels #7277917 (37s) <- 'person sitting dark room thinking'
  b24/28  4.8s  (running total 108.5s)  I closed the journal and sat in the dark for 
  b25/28  4.2s  (running total 112.7s)  The knocking hadn't stopped once, the whole t
    footage[thinking_worried]: pexels #7277922 (72s) <- 'person thinking worried house night'
  b26/28  4.8s  (running total 117.5s)  I thought about selling the house. About just
  b27/28  4.2s  (running total 121.7s)  But something about new owner kept me from le
  b28/28  5.4s  (running total 127.1s)  Tonight, for the first time, the knocking sto

=> C:\Users\Mamun\fb-ig-automation\images\suspense_reels_content1\sa_d3_lf_inherited_house.mp4  total narration ~127.1s
  queued sa_d3_lf_inherited_house for 2026-08-13T18:00:00+00:00

queued 5 new items
