
=== building sa_d10_s1_wifi_network (5 beats) ===
    footage[b01]: pexels #6611940 (34s) <- 'phone wifi settings screen dark'
  b01/5  4.8s  (running total 4.8s)  A new WiFi network showed up on my phone last
    footage[b02]: pexels #38410501 (21s) <- 'phone screen network list dark'
  b02/5  5.3s  (running total 10.1s)  Named exactly like my own network, but with a
    footage[b03]: pexels #30157094 (60s) <- 'wifi router lights dark room'
  b03/5  4.5s  (running total 14.6s)  Strong signal. Stronger than mine, actually.
    footage[b04]: pexels #10584958 (9s) <- 'person searching house dark night'
  b04/5  4.5s  (running total 19.0s)  I don't have a second router. I checked every
    footage[b05]: pexels #35772987 (56s) <- 'bedroom window night dark curtains'
  b05/5  5.2s  (running total 24.3s)  The signal was strongest right outside my bed

=> C:\Users\Mamun\fb-ig-automation\images\suspense_reels_content4\sa_d10_s1_wifi_network.mp4  total narration ~24.3s
  queued sa_d10_s1_wifi_network for 2026-08-20T00:00:00+00:00

=== building sa_d10_s2_grocery_receipt (5 beats) ===
    footage[b01]: pexels #34993441 (26s) <- 'receipt paper closeup dark'
  b01/5  6.0s  (running total 6.0s)  I found a grocery receipt in my coat pocket f
    footage[b02]: pexels #34993441 (26s) <- 'receipt paper timestamp closeup'
  b02/5  4.7s  (running total 10.7s)  Dated last night. A time I was home all eveni
    footage[b03]: pexels #28702865 (14s) <- 'grocery receipt items closeup dark'
  b03/5  6.0s  (running total 16.6s)  Items I don't recognize. A card ending in num
    footage[b04]: pexels #31732953 (65s) <- 'coat pocket closeup dark'
  b04/5  4.3s  (running total 21.0s)  But it was in my coat. The coat I wore all da
    footage[b05]: pexels #7829853 (30s) <- 'old receipt paper faded dark'
  b05/5  4.5s  (running total 25.5s)  The store on the receipt closed down eight ye

=> C:\Users\Mamun\fb-ig-automation\images\suspense_reels_content4\sa_d10_s2_grocery_receipt.mp4  total narration ~25.5s
  queued sa_d10_s2_grocery_receipt for 2026-08-20T06:00:00+00:00

=== building sa_d10_s3_shadow_lag (5 beats) ===
    footage[b01]: pexels #30786898 (20s) <- 'person walking store window street'
  b01/5  3.9s  (running total 3.9s)  I noticed it walking past a store window.
    footage[b02]: pexels #35772987 (56s) <- 'shadow reflection window street dark'
  b02/5  4.5s  (running total 8.4s)  My shadow on the glass was a half-step behind
    footage[b03]: pexels #11349390 (23s) <- 'shadow silhouette walking dark street'
  b03/5  4.8s  (running total 13.2s)  I stopped to look closer. It kept walking for
    footage[b04]: pexels #6578982 (9s) <- 'person standing still street dark'
  b04/5  4.2s  (running total 17.4s)  Then it stopped too. Just a fraction too late
    footage[b05]: pexels #30979235 (16s) <- 'store window street night dark'
  b05/5  3.5s  (running total 20.9s)  I haven't walked past a window since.

=> C:\Users\Mamun\fb-ig-automation\images\suspense_reels_content4\sa_d10_s3_shadow_lag.mp4  total narration ~20.9s
  queued sa_d10_s3_shadow_lag for 2026-08-20T15:00:00+00:00

=== building sa_d10_lf_the_rideshare (28 beats) ===
    footage[driving_city]: pexels #36024207 (35s) <- 'car driving night city street'
  b01/28  6.2s  (running total 6.2s)  I drive for a rideshare app on weekends. One 
    footage[empty_lot]: pexels #5614724 (12s) <- 'empty lot night dark street'
  b02/28  5.4s  (running total 11.6s)  Pickup address was an empty lot. No building.
    footage[rideshare_app]: pexels #38410498 (32s) <- 'phone rideshare app screen dark'
  b03/28  4.7s  (running total 16.3s)  I almost cancelled. Then the app showed her w
    footage[person_silhouette]: pexels #34405191 (47s) <- 'person silhouette walking street night'
  b04/28  5.6s  (running total 21.9s)  A woman, dressed for a different decade. I fi
    footage[car_passenger]: pexels #36827483 (32s) <- 'car interior passenger seat night'
  b05/28  4.0s  (running total 25.9s)  She got in quietly and gave me an address.
    footage[car_window_night]: pexels #34587596 (61s) <- 'car window night city lights'
  b06/28  5.6s  (running total 31.5s)  An old house across town. She stared out the 
    footage[car_driving_quiet]: pexels #16535689 (32s) <- 'car driving night quiet dark'
  b07/28  4.9s  (running total 36.4s)  I tried making conversation. She barely respo
    footage[passenger_confused]: pexels #5787611 (4s) <- 'person passenger car night confused'
  b08/28  3.9s  (running total 40.2s)  At one point, she asked what year it was.
  b09/28  3.5s  (running total 43.8s)  I laughed, assuming she was joking.
    footage[passenger_serious]: pexels #13278027 (9s) <- 'person passenger car night serious'
  b10/28  3.9s  (running total 47.7s)  She didn't laugh back. Just nodded slowly.
    footage[old_house_yard]: pexels #10584958 (9s) <- 'old house dark overgrown yard night'
  b11/28  5.0s  (running total 52.6s)  We arrived at the old house. Dark, overgrown 
    footage[exiting_car]: pexels #5787611 (4s) <- 'person exiting car night house'
  b12/28  4.5s  (running total 57.1s)  She thanked me and got out without waiting fo
    footage[rearview_mirror]: pexels #16535689 (32s) <- 'rearview mirror night street dark'
  b13/28  4.2s  (running total 61.3s)  I watched her walk to the door in my rearview
    footage[old_door_house]: pexels #10584958 (9s) <- 'old house door closeup dark night'
  b14/28  4.3s  (running total 65.6s)  She didn't knock. She just walked straight th
    footage[sitting_confused]: pexels #5787611 (4s) <- 'person sitting car confused night'
  b15/28  5.3s  (running total 70.9s)  I sat there for a moment, telling myself I'd 
    footage[phone_search]: pexels #8802320 (10s) <- 'phone search browser screen day'
  b16/28  5.3s  (running total 76.2s)  The next morning, I looked up the house's add
    footage[newspaper_archive]: pexels #6549271 (29s) <- 'old newspaper archive dark'
  b17/28  5.3s  (running total 81.5s)  Local news archive. A fire at that address, d
    footage[newspaper_article]: pexels #35350050 (19s) <- 'old newspaper article closeup'
  b18/28  4.5s  (running total 86.1s)  One resident died. A woman, mid-twenties.
    footage[old_photo_rideshare]: pexels #7213872 (17s) <- 'old photograph vintage dark'
  b19/28  3.7s  (running total 89.8s)  The article included a photograph.
    footage[old_photo_clothing]: pexels #4727536 (29s) <- 'old photograph vintage clothing dark'
  b20/28  4.8s  (running total 94.6s)  Her clothes matched exactly what my passenger
  b21/28  3.5s  (running total 98.1s)  I checked my trip history in the app.
    footage[phone_empty_app]: pexels #38410498 (32s) <- 'phone app screen empty dark'
  b22/28  4.2s  (running total 102.3s)  The ride wasn't there. No record of it at all
    footage[phone_glow_night]: pexels #6611940 (34s) <- 'phone screen glow dark night'
  b23/28  4.8s  (running total 107.1s)  No payment. No fare. No trace it ever happene
    footage[car_driving_slow]: pexels #36024207 (35s) <- 'car driving street night slow'
  b24/28  5.4s  (running total 112.5s)  I drove past the house again this weekend, ou
    footage[boarded_house]: pexels #10584958 (9s) <- 'old house boarded windows dark'
  b25/28  3.8s  (running total 116.3s)  It's been abandoned for years, boarded up.
  b26/28  3.6s  (running total 119.8s)  No one has lived there since the fire.
    footage[rideshare_notification]: pexels #19162466 (36s) <- 'phone rideshare notification dark'
  b27/28  4.1s  (running total 123.9s)  Last night, I got a new ride request.
  b28/28  3.9s  (running total 127.8s)  Pickup address: the same empty lot.

=> C:\Users\Mamun\fb-ig-automation\images\suspense_reels_content4\sa_d10_lf_the_rideshare.mp4  total narration ~127.8s
  queued sa_d10_lf_the_rideshare for 2026-08-20T18:00:00+00:00

=== building sa_d11_s1_gym_locker (5 beats) ===
    footage[b01]: pexels #6388409 (32s) <- 'gym locker room open door'
  b01/5  4.3s  (running total 4.3s)  My gym locker was open when I got there today
    footage[b02]: pexels #6388409 (32s) <- 'gym locker combination lock closeup'
  b02/5  4.7s  (running total 9.0s)  I always lock it. Same combination for two ye
    footage[b03]: pexels #6388409 (32s) <- 'gym locker clothes folded inside'
  b03/5  4.4s  (running total 13.4s)  Nothing was missing. Everything folded neatly
    footage[b04]: pexels #6388409 (32s) <- 'gym locker room empty quiet'
  b04/5  3.8s  (running total 17.3s)  Neater, actually, than how I'd left it.
    footage[b05]: pexels #6388409 (32s) <- 'gym locker room dark closeup'
  b05/5  4.4s  (running total 21.7s)  There was one new item inside that wasn't min

=> C:\Users\Mamun\fb-ig-automation\images\suspense_reels_content4\sa_d11_s1_gym_locker.mp4  total narration ~21.7s
  queued sa_d11_s1_gym_locker for 2026-08-21T00:00:00+00:00

=== building sa_d11_s2_late_text (5 beats) ===
    footage[b01]: pexels #7214644 (11s) <- 'phone texting late night dark'
  b01/5  6.1s  (running total 6.1s)  I got a text from my best friend at 3:33 AM: 
    footage[b02]: pexels #7214644 (11s) <- 'person texting bed dark night'
  b02/5  5.2s  (running total 11.3s)  I replied, half asleep, asking if everything 
    footage[b03]: pexels #6611940 (34s) <- 'phone screen waiting dark room'
  b03/5  3.5s  (running total 14.8s)  No response for the rest of the night.
    footage[b04]: pexels #7277930 (42s) <- 'person confused phone morning'
  b04/5  4.3s  (running total 19.0s)  This morning, she said she never sent that te
    footage[b05]: pexels #7214644 (11s) <- 'phone charging dark room night'
  b05/5  5.0s  (running total 24.0s)  Her phone was on the charger, in another room

=> C:\Users\Mamun\fb-ig-automation\images\suspense_reels_content4\sa_d11_s2_late_text.mp4  total narration ~24.0s
  queued sa_d11_s2_late_text for 2026-08-21T06:00:00+00:00

=== building sa_d11_s3_umbrella (5 beats) ===
    footage[b01]: pexels #6994935 (30s) <- 'umbrella front door porch'
  b01/5  4.5s  (running total 4.5s)  An umbrella appeared by my front door this mo
    footage[b02]: pexels #36585943 (18s) <- 'umbrella closeup dark rain'
  b02/5  4.4s  (running total 8.9s)  Not mine. Not my neighbor's, when I asked aro
    footage[b03]: pexels #37700771 (54s) <- 'rain window night dark street'
  b03/5  4.0s  (running total 12.9s)  It rained last night. It was soaking wet.
    footage[b04]: pexels #35170756 (29s) <- 'doorbell camera footage night rain'
  b04/5  5.1s  (running total 18.0s)  My doorbell camera showed nothing. No one app
    footage[b05]: pexels #6406035 (16s) <- 'front door porch rain umbrella'
  b05/5  5.0s  (running total 22.9s)  It was leaning against the door, facing inwar

=> C:\Users\Mamun\fb-ig-automation\images\suspense_reels_content4\sa_d11_s3_umbrella.mp4  total narration ~22.9s
  queued sa_d11_s3_umbrella for 2026-08-21T15:00:00+00:00

=== building sa_d11_lf_the_storage_unit (28 beats) ===
    footage[storage_facility]: pexels #36332149 (32s) <- 'storage unit facility rows night'
  b01/28  6.9s  (running total 6.9s)  I bid on an abandoned storage unit at auction
    footage[storage_boxes]: pexels #4440955 (5s) <- 'storage unit boxes furniture dark'
  b02/28  4.8s  (running total 11.7s)  Won it for almost nothing. Mostly furniture, 
    footage[opening_boxes]: pexels #7463989 (17s) <- 'person opening boxes storage unit'
  b03/28  3.9s  (running total 15.6s)  I started going through it the next weekend.
    footage[old_clothes_storage]: pexels #6654087 (17s) <- 'old clothes boxes storage dusty'
  b04/28  4.8s  (running total 20.5s)  Old clothes. Kitchenware. Normal stuff, at fi
    footage[locked_chest]: pexels #4727543 (34s) <- 'old locked chest closeup dark'
  b05/28  4.0s  (running total 24.5s)  Then I found a locked chest in the back corne
    footage[lifting_chest]: pexels #29569380 (30s) <- 'person lifting chest storage dark'
  b06/28  5.5s  (running total 30.0s)  Heavier than it should be. Something shifted 
    footage[crowbar]: pexels #17356513 (46s) <- 'crowbar tool closeup dark'
  b07/28  4.5s  (running total 34.5s)  I pried it open with a crowbar from my toolbo
    footage[photo_pile]: pexels #34760499 (32s) <- 'old photographs pile dark'
  b08/28  4.0s  (running total 38.5s)  Inside: photographs. Hundreds of them.
    footage[old_photo_woman]: pexels #4733722 (16s) <- 'old photograph vintage woman dark'
  b09/28  4.3s  (running total 42.8s)  All of the same young woman, taken from a dis
    footage[photographed_distance]: pexels #35145273 (13s) <- 'person photographed distance street'
  b10/28  5.0s  (running total 47.8s)  Through windows. Across streets. She never se
    footage[photo_dates]: pexels #7213872 (17s) <- 'old photographs dates closeup'
  b11/28  4.7s  (running total 52.5s)  Some photos were dated. Spanning almost ten y
    footage[recent_photo]: pexels #7213872 (17s) <- 'old photograph recent closeup dark'
  b12/28  4.2s  (running total 56.6s)  The most recent one was dated last month.
  b13/28  5.0s  (running total 61.6s)  Last month, after the unit was already marked
    footage[photo_writing]: pexels #37275353 (21s) <- 'old photograph writing back closeup'
  b14/28  4.3s  (running total 66.0s)  I found a name written on the back of one pho
    footage[phone_search_night]: pexels #38410501 (21s) <- 'phone search browser screen dark'
  b15/28  4.4s  (running total 70.3s)  I searched it online out of morbid curiosity.
    footage[missing_report]: pexels #6549528 (28s) <- 'old newspaper missing person archive'
  b16/28  4.6s  (running total 74.9s)  A missing persons report. Filed two years ago
  b17/28  4.5s  (running total 79.5s)  Same face as the woman in every photograph.
    footage[newspaper_closeup]: pexels #25957041 (11s) <- 'old newspaper article closeup dark'
  b18/28  3.4s  (running total 82.9s)  Still missing. Case still open.
    footage[phone_call_worried_night]: pexels #7277919 (57s) <- 'person phone call worried night'
  b19/28  3.7s  (running total 86.5s)  I called the number on the police report.
    footage[police_station]: pexels #6125279 (21s) <- 'police station desk night'
  b20/28  4.7s  (running total 91.2s)  A detective asked me to bring in everything I
    footage[storage_walking]: pexels #11349390 (23s) <- 'storage facility night walking dark'
  b21/28  5.2s  (running total 96.4s)  I went back to the storage facility first, to
    footage[storage_lock]: pexels #12183252 (29s) <- 'storage unit door lock closeup'
  b22/28  5.0s  (running total 101.4s)  The unit next to mine, previously empty, had 
    footage[storage_office]: pexels #6998652 (35s) <- 'storage facility office desk'
  b23/28  3.8s  (running total 105.2s)  I asked the front office who'd rented it.
    footage[office_computer_storage]: pexels #36178907 (21s) <- 'office computer records dark'
  b24/28  4.4s  (running total 109.6s)  They checked their system and found no new re
    footage[storage_door_closed]: pexels #7830154 (16s) <- 'storage unit door closed dark'
  b25/28  4.0s  (running total 113.6s)  That unit was still listed as vacant.
    footage[listening_storage]: pexels #30157094 (60s) <- 'person listening storage unit dark'
  b26/28  4.6s  (running total 118.2s)  I stood there listening. Something shifted in
    footage[storage_door_closeup]: pexels #35099110 (16s) <- 'storage unit door closeup dark'
  b27/28  4.8s  (running total 123.0s)  The exact same sound as the chest when I'd li
  b28/28  6.1s  (running total 129.2s)  I left the chest, called the detective from m

=> C:\Users\Mamun\fb-ig-automation\images\suspense_reels_content4\sa_d11_lf_the_storage_unit.mp4  total narration ~129.2s
  queued sa_d11_lf_the_storage_unit for 2026-08-21T18:00:00+00:00

=== building sa_d12_s1_smart_speaker (5 beats) ===
    footage[b01]: pexels #4799816 (30s) <- 'smart speaker glowing dark room'
  b01/5  5.2s  (running total 5.2s)  My smart speaker turned itself on at 4 AM las
    footage[b02]: pexels #38410498 (32s) <- 'phone app screen glow dark'
  b02/5  4.9s  (running total 10.1s)  No one said the wake word. I checked the acti
    footage[b03]: pexels #4799816 (30s) <- 'smart speaker closeup dark night'
  b03/5  3.8s  (running total 13.9s)  It recorded twelve seconds of audio.
    footage[b04]: pexels #30157094 (60s) <- 'person listening worried dark room'
  b04/5  4.8s  (running total 18.7s)  I played it back. Just breathing, close to th
    footage[b05]: pexels #4799816 (30s) <- 'smart speaker glowing dark room night'
  b05/5  4.7s  (running total 23.5s)  Then, faintly, it said my name, correctly pro

=> C:\Users\Mamun\fb-ig-automation\images\suspense_reels_content4\sa_d12_s1_smart_speaker.mp4  total narration ~23.5s
  queued sa_d12_s1_smart_speaker for 2026-08-22T00:00:00+00:00

=== building sa_d12_s2_apartment_number (5 beats) ===
    footage[b01]: pexels #15434928 (22s) <- 'apartment door number closeup'
  b01/5  5.6s  (running total 5.6s)  My apartment is 4B. My mail keeps getting mix
    footage[b02]: pexels #12183252 (29s) <- 'apartment hallway doors numbers'
  b02/5  4.4s  (running total 10.0s)  I looked it up. There is no 4D in this buildi
    footage[b03]: pexels #7817213 (36s) <- 'apartment building floor plan dark'
  b03/5  3.8s  (running total 13.8s)  The floor plan only goes A through C.
    footage[b04]: pexels #12183252 (29s) <- 'apartment hallway night dark door'
  b04/5  4.4s  (running total 18.2s)  Tonight, I heard someone knock on a door down
    footage[b05]: pexels #24800301 (19s) <- 'apartment hallway door night dark'
  b05/5  4.3s  (running total 22.5s)  There was a door where I'd never noticed one 

=> C:\Users\Mamun\fb-ig-automation\images\suspense_reels_content4\sa_d12_s2_apartment_number.mp4  total narration ~22.5s
  queued sa_d12_s2_apartment_number for 2026-08-22T06:00:00+00:00

=== building sa_d12_s3_calendar_event (5 beats) ===
    footage[b01]: pexels #38410498 (32s) <- 'phone calendar app screen dark'
  b01/5  4.4s  (running total 4.4s)  A calendar event appeared on my phone this mo
    footage[b02]: pexels #19162466 (36s) <- 'phone calendar notification dark'
  b02/5  4.5s  (running total 8.9s)  No title. Just a location: my own address.
    footage[b03]: pexels #6611940 (34s) <- 'phone screen clock time dark'
  b03/5  5.0s  (running total 14.0s)  Scheduled for tonight, at 11:47 PM.
    footage[b04]: pexels #30718267 (5s) <- 'phone settings screen dark app'
  b04/5  5.2s  (running total 19.2s)  I didn't create it. I checked who else has ac
    footage[b05]: pexels #38410499 (27s) <- 'phone calendar app dark screen night'
  b05/5  5.3s  (running total 24.5s)  Just me. No shared access. No one else has ev

=> C:\Users\Mamun\fb-ig-automation\images\suspense_reels_content4\sa_d12_s3_calendar_event.mp4  total narration ~24.5s
  queued sa_d12_s3_calendar_event for 2026-08-22T15:00:00+00:00

=== building sa_d12_lf_the_night_shift_swap (28 beats) ===
    footage[security_desk]: pexels #5377991 (22s) <- 'office building night security desk'
  b01/28  5.8s  (running total 5.8s)  I work security at an office building. A cowo
    footage[person_nervous]: pexels #8125802 (25s) <- 'person nervous talking office'
  b02/28  4.4s  (running total 10.2s)  Just for one night. He seemed nervous asking.
    footage[person_agreeing]: pexels #8298306 (27s) <- 'person agreeing talking office'
  b03/28  4.9s  (running total 15.2s)  I agreed, needing the extra pay. Didn't think
    footage[office_hallway_night]: pexels #31961382 (38s) <- 'office building hallway night empty'
  b04/28  5.7s  (running total 20.9s)  The building is mostly empty after 9 PM. Stan
    footage[office_window_light]: pexels #37700771 (54s) <- 'office building window light night'
  b05/28  4.8s  (running total 25.7s)  Around midnight, I noticed a light on the 7th
    footage[empty_office_floor]: pexels #4733676 (54s) <- 'empty office floor dark abandoned'
  b06/28  4.0s  (running total 29.8s)  That floor has been vacant for over a year.
    footage[elevator_hallway]: pexels #24800301 (19s) <- 'elevator hallway night security'
  b07/28  4.0s  (running total 33.7s)  I went up to check it, following protocol.
    footage[elevator_opening]: pexels #36248857 (23s) <- 'elevator doors opening dark'
  b08/28  4.5s  (running total 38.2s)  The elevator stopped on 7 without me pressing
  b09/28  4.0s  (running total 42.2s)  The doors opened to a dark, empty floor.
    footage[office_window_dark]: pexels #37700771 (54s) <- 'office building window night dark'
  b10/28  3.2s  (running total 45.4s)  The light I'd seen was gone.
    footage[flashlight_walking]: pexels #11349390 (23s) <- 'person flashlight dark office walking'
  b11/28  3.4s  (running total 48.8s)  I walked the floor with my flashlight.
    footage[dusty_desk]: pexels #14138984 (61s) <- 'empty desk dusty dark office'
  b12/28  4.5s  (running total 53.2s)  Empty desks. Dust. Completely undisturbed.
    footage[office_door_ajar]: pexels #6998656 (33s) <- 'office door ajar dark night'
  b13/28  4.5s  (running total 57.8s)  Except for one corner office, door slightly o
    footage[opening_door_flashlight]: pexels #12183252 (29s) <- 'person opening door flashlight dark'
  b14/28  4.3s  (running total 62.1s)  I pushed it open with my flashlight leading t
    footage[clean_desk]: pexels #14138984 (61s) <- 'office desk clean dark night'
  b15/28  4.5s  (running total 66.5s)  A single desk, cleared of dust, recently used
    footage[logbook_open]: pexels #34719380 (25s) <- 'logbook open desk dark closeup'
  b16/28  3.6s  (running total 70.2s)  A logbook lay open on the desk.
    footage[logbook_writing]: pexels #36858269 (16s) <- 'logbook writing pages closeup'
  b17/28  4.3s  (running total 74.5s)  Entries dated back years, in different handwr
    footage[logbook_pages]: pexels #20393301 (22s) <- 'logbook writing pages closeup dark'
  b18/28  4.4s  (running total 79.0s)  Every guard who'd worked this particular nigh
    footage[logbook_recent]: pexels #34719380 (25s) <- 'logbook writing recent closeup'
  b19/28  5.1s  (running total 84.0s)  The most recent entry was from my coworker, d
  b20/28  4.8s  (running total 88.8s)  It read: traded shifts. Hope he doesn't find 
    footage[reading_logbook]: pexels #10815937 (50s) <- 'person reading logbook flashlight dark'
  b21/28  3.9s  (running total 92.7s)  I flipped back further, reading more entries.
  b22/28  5.4s  (running total 98.1s)  Each guard who'd found this office had traded
  b23/28  4.3s  (running total 102.4s)  Every single one, within a week of finding it
    footage[elevator_ding]: pexels #24800301 (19s) <- 'elevator doors dark night hallway'
  b24/28  3.7s  (running total 106.1s)  I heard the elevator ding behind me.
  b25/28  4.2s  (running total 110.3s)  I hadn't called it. It was already on 7.
    footage[walking_slow_dark]: pexels #19436907 (25s) <- 'person walking dark hallway slow'
  b26/28  6.0s  (running total 116.3s)  I closed the logbook, turned off my flashligh
    footage[elevator_open_empty]: pexels #36320055 (20s) <- 'elevator doors open empty dark'
  b27/28  3.5s  (running total 119.9s)  The doors were already open, waiting.
    footage[phone_texting_elevator]: pexels #6611940 (34s) <- 'phone texting dark elevator night'
  b28/28  6.0s  (running total 125.9s)  I texted my coworker from the elevator: we ne

=> C:\Users\Mamun\fb-ig-automation\images\suspense_reels_content4\sa_d12_lf_the_night_shift_swap.mp4  total narration ~125.9s
  queued sa_d12_lf_the_night_shift_swap for 2026-08-22T18:00:00+00:00

queued 12 new items
