
=== building sa_d19_s1_laundry_room (5 beats) ===
    footage[b01]: pexels #30157094 (60s) <- 'laundry room basement night dark'
  b01/5  6.9s  (running total 6.9s)  My building's laundry room is in the basement
    footage[b02]: pexels #38893189 (22s) <- 'washing machine running dark basement'
  b02/5  5.0s  (running total 11.9s)  I've never actually seen them. Just hear the 
    footage[b03]: pexels #7231267 (22s) <- 'person walking basement stairs dark'
  b03/5  4.1s  (running total 16.0s)  Tonight, I went down to check, curious finall
    footage[b04]: pexels #38893189 (22s) <- 'washing machines empty running basement'
  b04/5  6.0s  (running total 22.0s)  Every machine was running. Empty. No clothes 
    footage[b05]: pexels #38893189 (22s) <- 'washing machine dark basement closeup'
  b05/5  4.3s  (running total 26.4s)  One of them stopped, and started again on its

=> C:\Users\Mamun\fb-ig-automation\images\suspense_reels_content7\sa_d19_s1_laundry_room.mp4  total narration ~26.4s
  queued sa_d19_s1_laundry_room for 2026-08-29T00:00:00+00:00

=== building sa_d19_s2_mirror_selfie (5 beats) ===
    footage[b01]: pexels #12133653 (6s) <- 'person mirror selfie bedroom night'
  b01/5  5.5s  (running total 5.5s)  I took a mirror selfie before bed. I didn't l
    footage[b02]: pexels #36248857 (23s) <- 'bedroom door open dark night'
  b02/5  3.9s  (running total 9.4s)  In the photo, my bedroom door is open.
    footage[b03]: pexels #12183252 (29s) <- 'person locking door bedroom night'
  b03/5  4.5s  (running total 13.9s)  I always lock it before taking photos like th
    footage[b04]: pexels #17356514 (38s) <- 'phone zoom photo dark closeup'
  b04/5  3.8s  (running total 17.7s)  I zoomed in on the gap in the doorway.
    footage[b05]: pexels #19436907 (25s) <- 'dark hallway shadow night doorway'
  b05/5  4.5s  (running total 22.2s)  Something was standing in the hallway, just o

=> C:\Users\Mamun\fb-ig-automation\images\suspense_reels_content7\sa_d19_s2_mirror_selfie.mp4  total narration ~22.2s
  queued sa_d19_s2_mirror_selfie for 2026-08-29T06:00:00+00:00

=== building sa_d19_s3_online_order (5 beats) ===
    footage[b01]: pexels #7362704 (19s) <- 'phone email order confirmation dark'
  b01/5  5.5s  (running total 5.5s)  An order confirmation email arrived for somet
    footage[b02]: pexels #38410498 (32s) <- 'phone screen shipping address dark'
  b02/5  4.4s  (running total 9.9s)  A single item. Shipping to my exact address.
    footage[b03]: pexels #38410501 (21s) <- 'phone screen payment method dark'
  b03/5  3.8s  (running total 13.6s)  Paid for with a gift card I don't own.
    footage[b04]: pexels #6994935 (30s) <- 'doorbell camera box package dark'
  b04/5  4.9s  (running total 18.5s)  The item was a doorbell camera. Same brand as
    footage[b05]: pexels #6994935 (30s) <- 'front porch package delivery night'
  b05/5  4.8s  (running total 23.3s)  Delivery date: tomorrow. I never placed this 

=> C:\Users\Mamun\fb-ig-automation\images\suspense_reels_content7\sa_d19_s3_online_order.mp4  total narration ~23.3s
  queued sa_d19_s3_online_order for 2026-08-29T15:00:00+00:00

=== building sa_d19_lf_the_night_class (29 beats) ===
    footage[pottery_studio]: pexels #9363603 (35s) <- 'pottery studio evening class dark'
  b01/29  7.9s  (running total 7.9s)  I teach an evening pottery class at a communi
    footage[corner_student]: pexels #7280373 (15s) <- 'person sitting corner pottery class'
  b02/29  5.3s  (running total 13.2s)  Always the last to arrive. Always sits in the
    footage[paying_cash]: pexels #34993441 (26s) <- 'person paying cash class evening'
  b03/29  5.0s  (running total 18.3s)  Never signs up officially. Just shows up, pay
    footage[pottery_wheel]: pexels #37314721 (35s) <- 'pottery wheel clay shaping hands'
  b04/29  5.2s  (running total 23.5s)  Their pottery is always the same shape. Every
    footage[clay_vase]: pexels #29056658 (27s) <- 'clay vase pottery closeup dark'
  b05/29  5.6s  (running total 29.1s)  A small, simple vase. Never varying, never fi
    footage[pottery_talking]: pexels #34392466 (25s) <- 'person talking pottery studio quiet'
  b06/29  4.5s  (running total 33.6s)  I asked about it once. They said it was for s
    footage[pottery_shaping]: pexels #37314721 (35s) <- 'pottery wheel clay shaping hands closeup'
  b07/29  4.5s  (running total 38.0s)  Never elaborated. Went back to shaping the cl
    footage[carrying_pottery]: pexels #15297679 (33s) <- 'person carrying pottery leaving evening'
  b08/29  5.6s  (running total 43.6s)  After each class, they take the unfinished va
    footage[fresh_clay]: pexels #9733033 (28s) <- 'pottery wheel fresh clay evening'
  b09/29  5.4s  (running total 49.0s)  Never comes back fired or glazed. Always fres
    footage[front_desk_center]: pexels #6998341 (53s) <- 'community center front desk evening'
  b10/29  5.0s  (running total 54.0s)  I mentioned it to the center's long-time fron
    footage[front_desk_serious]: pexels #7593326 (42s) <- 'person serious front desk listening'
  b11/29  4.8s  (running total 58.8s)  She got a strange look and asked me to descri
    footage[front_desk_thinking]: pexels #9490120 (40s) <- 'person quiet thinking front desk'
  b12/29  3.3s  (running total 62.1s)  I did. She went very quiet.
    footage[front_desk_talking]: pexels #7261920 (41s) <- 'person talking serious front desk evening'
  b13/29  4.7s  (running total 66.9s)  That sounds like a woman who used to take thi
  b14/29  3.5s  (running total 70.3s)  Years ago. Before your time here.
    footage[somber_remembering]: pexels #9645580 (11s) <- 'person somber remembering quiet'
  b15/29  4.5s  (running total 74.8s)  She'd been making vases for her daughter, who
  b16/29  5.3s  (running total 80.0s)  One vase per class, never satisfied, always s
    footage[empty_pottery_studio]: pexels #9733033 (28s) <- 'empty pottery studio quiet evening'
  b17/29  4.1s  (running total 84.1s)  She stopped coming one day, no explanation.
    footage[front_desk_explaining]: pexels #6763344 (43s) <- 'person talking front desk explaining'
  b18/29  3.9s  (running total 88.0s)  The staff assumed she'd simply moved on.
    footage[front_desk_serious_quiet]: pexels #6763344 (43s) <- 'person serious front desk quiet'
  b19/29  3.7s  (running total 91.7s)  That was fifteen years ago, she told me.
    footage[walking_pottery]: pexels #9363601 (30s) <- 'person walking pottery studio evening'
  b20/29  5.6s  (running total 97.3s)  I didn't know what to say. I just nodded and 
    footage[entering_pottery]: pexels #9363601 (30s) <- 'person entering pottery studio evening'
  b21/29  4.6s  (running total 101.9s)  That night, the quiet student came in, same a
  b22/29  4.5s  (running total 106.4s)  Sat down, started shaping the same familiar v
    footage[watching_pottery]: pexels #9363592 (33s) <- 'person watching pottery studio evening'
  b23/29  4.4s  (running total 110.8s)  I watched from across the room, unsure what t
    footage[looking_up_pottery]: pexels #7280059 (15s) <- 'person looking up pottery studio closeup'
  b24/29  4.2s  (running total 114.9s)  At the end of class, they looked up at me dir
    footage[smiling_relieved]: pexels #9363601 (30s) <- 'person smiling relieved pottery studio'
  b25/29  5.5s  (running total 120.5s)  For the first time, they smiled, something cl
    footage[talking_quiet_pottery]: pexels #34392466 (25s) <- 'person talking quiet pottery studio'
  b26/29  4.3s  (running total 124.8s)  I think I finally got it right, they said qui
    footage[vase_on_table]: pexels #9363595 (17s) <- 'clay vase table pottery studio'
  b27/29  4.0s  (running total 128.8s)  They left the vase on the table, and walked o
    footage[leaving_pottery_studio]: pexels #9363601 (30s) <- 'person leaving pottery studio evening'
  b28/29  4.1s  (running total 132.8s)  For the first time, they didn't take it home 
  b29/29  4.2s  (running total 137.0s)  They never came back to class after that nigh

=> C:\Users\Mamun\fb-ig-automation\images\suspense_reels_content7\sa_d19_lf_the_night_class.mp4  total narration ~137.0s