
=== building sa_d7_s1_running_app (5 beats) ===
    footage[b01]: pexels #30718267 (5s) <- 'running app phone screen dark'
  b01/5  4.3s  (running total 4.3s)  My running app logged a route I never ran.
    footage[b02]: pexels #20127311 (50s) <- 'empty street night neighborhood dark'
  b02/5  4.9s  (running total 9.2s)  3:12 AM. A 4-mile loop through my neighborhoo
    footage[b03]: pexels #28048582 (16s) <- 'phone nightstand dark bedroom'
  b03/5  4.2s  (running total 13.4s)  I was asleep. My phone was on the nightstand.
    footage[b04]: pexels #11349390 (23s) <- 'person running street night dark'
  b04/5  4.9s  (running total 18.3s)  The route passed my house twice. Slowing down
    footage[b05]: pexels #38410498 (32s) <- 'phone map app route dark'
  b05/5  4.6s  (running total 22.9s)  The app said my average pace was impossibly f

=> C:\Users\Mamun\fb-ig-automation\images\suspense_reels_content3\sa_d7_s1_running_app.mp4  total narration ~22.9s
  queued sa_d7_s1_running_app for 2026-08-17T00:00:00+00:00

=== building sa_d7_s2_office_badge (5 beats) ===
    footage[b01]: pexels #7088468 (47s) <- 'office badge scanner dark night'
  b01/5  4.8s  (running total 4.8s)  My office badge logged an entry at 4 AM last 
    footage[b02]: pexels #20393314 (33s) <- 'wallet badge card closeup dark'
  b02/5  4.2s  (running total 9.0s)  I was home. Asleep. Badge in my wallet.
    footage[b03]: pexels #24800301 (19s) <- 'office hallway security camera night'
  b03/5  4.8s  (running total 13.8s)  Security footage for that hour is corrupted, 
    footage[b04]: pexels #6414241 (23s) <- 'office desk chair empty dark'
  b04/5  5.2s  (running total 19.0s)  My desk this morning had my chair pulled out.
    footage[b05]: pexels #14138984 (61s) <- 'empty office night desk dark'
  b05/5  4.3s  (running total 23.4s)  I always push my chair in. Every single night

=> C:\Users\Mamun\fb-ig-automation\images\suspense_reels_content3\sa_d7_s2_office_badge.mp4  total narration ~23.4s
  queued sa_d7_s2_office_badge for 2026-08-17T06:00:00+00:00

=== building sa_d7_s3_thermostat (5 beats) ===
    footage[b01]: pexels #5725851 (30s) <- 'smart thermostat wall dark night'
  b01/5  6.5s  (running total 6.5s)  My smart thermostat logs every adjustment. So
    footage[b02]: pexels #7279741 (23s) <- 'person cold bed shivering dark'
  b02/5  4.7s  (running total 11.3s)  Dropped ten degrees. I woke up freezing, conf
    footage[b03]: pexels #38410498 (32s) <- 'phone app screen glow dark'
  b03/5  4.6s  (running total 15.9s)  The app log showed it was changed from downst
    footage[b04]: pexels #4727655 (34s) <- 'dark staircase house night'
  b04/5  4.9s  (running total 20.8s)  I live alone. I was upstairs, asleep, the who
    footage[b05]: pexels #35666006 (73s) <- 'thermostat wall closeup dark house'
  b05/5  3.0s  (running total 23.8s)  It was still warm to the touch.

=> C:\Users\Mamun\fb-ig-automation\images\suspense_reels_content3\sa_d7_s3_thermostat.mp4  total narration ~23.8s
  queued sa_d7_s3_thermostat for 2026-08-17T15:00:00+00:00

=== building sa_d7_lf_the_intercom (29 beats) ===
    footage[intercom]: pexels #15434928 (22s) <- 'apartment intercom buzzer closeup'
  b01/29  7.2s  (running total 7.2s)  My apartment building has an old intercom sys
    footage[answering_intercom]: pexels #19532053 (19s) <- 'person answering intercom dark apartment'
  b02/29  4.3s  (running total 11.4s)  I picked it up. Static. Then it went quiet.
    footage[bedroom_apt]: pexels #7214644 (11s) <- 'dark bedroom night sleeping apartment'
  b03/29  4.1s  (running total 15.5s)  I assumed it was a glitch and went back to be
  b04/29  4.6s  (running total 20.1s)  It buzzed again the next night. Same exact ti
    footage[listening_intercom]: pexels #30157094 (60s) <- 'person listening intercom worried dark'
  b05/29  4.0s  (running total 24.2s)  This time, I heard breathing on the other end
    footage[talking_intercom]: pexels #5377698 (28s) <- 'person talking intercom apartment dark'
  b06/29  4.7s  (running total 28.8s)  I asked who it was. No response. Just breathi
    footage[security_app]: pexels #30718267 (5s) <- 'phone security app screen dark'
  b07/29  4.2s  (running total 33.0s)  I hung up and checked the lobby camera app.
    footage[lobby_empty]: pexels #36138611 (24s) <- 'apartment lobby empty night dark'
  b08/29  4.8s  (running total 37.8s)  The lobby was completely empty. No one at the
    footage[hallway_talking]: pexels #7362656 (28s) <- 'apartment hallway neighbors talking'
  b09/29  3.6s  (running total 41.4s)  I asked my neighbors the next morning.
  b10/29  4.3s  (running total 45.7s)  Two others had gotten the same call. Same tim
    footage[worried_talking]: pexels #6473951 (27s) <- 'people talking worried apartment hallway'
  b11/29  4.2s  (running total 49.8s)  All of us heard the same breathing. Nothing e
    footage[manager_desk]: pexels #5683801 (26s) <- 'office desk lamp night documents'
  b12/29  4.7s  (running total 54.5s)  The building manager checked the intercom sys
    footage[wiring_panel]: pexels #12601961 (38s) <- 'old wiring panel closeup dark'
  b13/29  3.8s  (running total 58.2s)  The calls weren't from the lobby panel at all
  b14/29  5.2s  (running total 63.4s)  They came from inside the wiring itself, an i
    footage[blueprint]: pexels #6789568 (45s) <- 'old blueprint schematics dark'
  b15/29  5.7s  (running total 69.1s)  A loop that, according to the schematics, was
  b16/29  3.5s  (running total 72.6s)  Sealed off, but somehow still live.
    footage[manager_confused]: pexels #8731293 (14s) <- 'person confused worried office'
  b17/29  4.2s  (running total 76.7s)  The manager didn't have a good explanation.
  b18/29  4.1s  (running total 80.8s)  He said he'd get an electrician to look at it
  b19/29  4.4s  (running total 85.2s)  That was two weeks ago. No electrician has co
  b20/29  4.4s  (running total 89.6s)  The buzzing continues. Same time, most nights
    footage[ignoring_intercom]: pexels #6611951 (14s) <- 'person ignoring intercom dark apartment'
  b21/29  4.0s  (running total 93.5s)  I stopped answering it. Most of us have.
    footage[apt_door_3c]: pexels #12183252 (29s) <- 'apartment door hallway dark night'
  b22/29  3.8s  (running total 97.3s)  Except for the new tenant in 3C.
    footage[moving_new]: pexels #7647447 (20s) <- 'person moving boxes apartment new'
  b23/29  4.2s  (running total 101.5s)  She moved in last month and doesn't know yet.
  b24/29  4.0s  (running total 105.6s)  I saw her answer it one night in the hallway.
  b25/29  3.6s  (running total 109.1s)  She was laughing, saying hello, hello?
    footage[frozen_scared]: pexels #8628054 (4s) <- 'person frozen scared dark apartment'
  b26/29  4.0s  (running total 113.2s)  Then her smile faded. She went very still.
    footage[hallway_worried]: pexels #7817153 (23s) <- 'person talking hallway worried apartment'
  b27/29  3.4s  (running total 116.6s)  I asked her later what she'd heard.
    footage[hallway_serious]: pexels #34725297 (51s) <- 'person serious talking hallway dark'
  b28/29  3.4s  (running total 120.0s)  She said it wasn't breathing this time.
  b29/29  4.1s  (running total 124.1s)  It said her name. Her full name, correctly.

=> C:\Users\Mamun\fb-ig-automation\images\suspense_reels_content3\sa_d7_lf_the_intercom.mp4  total narration ~124.1s
  queued sa_d7_lf_the_intercom for 2026-08-17T18:00:00+00:00

=== building sa_d8_s1_streaming_history (5 beats) ===
    footage[b01]: pexels #35585217 (31s) <- 'tv streaming remote dark room'
  b01/5  6.0s  (running total 6.0s)  My streaming account shows I watched somethin
    footage[b02]: pexels #6336598 (34s) <- 'tv glow dark living room night'
  b02/5  5.3s  (running total 11.3s)  A documentary. Watched start to finish. At 3 
    footage[b03]: pexels #7214644 (11s) <- 'person sleeping bed dark night'
  b03/5  4.7s  (running total 16.0s)  I was asleep by 11. My partner confirms it.
    footage[b04]: pexels #6976215 (8s) <- 'tv screen glow dark documentary'
  b04/5  4.6s  (running total 20.6s)  The documentary was about missing persons cas
    footage[b05]: pexels #6336598 (34s) <- 'dark living room couch tv night'
  b05/5  4.8s  (running total 25.3s)  Specifically, about people who vanished from 

=> C:\Users\Mamun\fb-ig-automation\images\suspense_reels_content3\sa_d8_s1_streaming_history.mp4  total narration ~25.3s
  queued sa_d8_s1_streaming_history for 2026-08-18T00:00:00+00:00

=== building sa_d8_s2_car_alarm (5 beats) ===
    footage[b01]: pexels #16762623 (30s) <- 'car alarm lights flashing night'
  b01/5  4.3s  (running total 4.3s)  My car alarm went off at exactly 3 AM.
    footage[b02]: pexels #37700771 (54s) <- 'person looking window night dark'
  b02/5  3.7s  (running total 8.0s)  I checked the driveway from my window.
    footage[b03]: pexels #30008290 (14s) <- 'car parked driveway night dark'
  b03/5  4.2s  (running total 12.2s)  Nothing there. No one. Car sitting still.
    footage[b04]: pexels #35471094 (28s) <- 'car alarm night flashing lights'
  b04/5  5.0s  (running total 17.1s)  It happened again the next night. Same time, 
    footage[b05]: pexels #5787617 (5s) <- 'car door handle closeup night dark'
  b05/5  5.2s  (running total 22.4s)  It shows the door handle being tried from out

=> C:\Users\Mamun\fb-ig-automation\images\suspense_reels_content3\sa_d8_s2_car_alarm.mp4  total narration ~22.4s
  queued sa_d8_s2_car_alarm for 2026-08-18T06:00:00+00:00

=== building sa_d8_s3_neighbor_wave (5 beats) ===
    footage[b01]: pexels #6197571 (19s) <- 'elderly woman window waving house'
  b01/5  5.0s  (running total 5.0s)  My elderly neighbor waves at me from her wind
    footage[b02]: pexels #36624746 (25s) <- 'house window curtain morning light'
  b02/5  4.0s  (running total 8.9s)  Sweet routine. We've done it for two years.
    footage[b03]: pexels #28830472 (39s) <- 'house exterior quiet empty day'
  b03/5  4.7s  (running total 13.6s)  Yesterday, I found out she passed away last m
    footage[b04]: pexels #11487518 (40s) <- 'empty house window quiet day'
  b04/5  4.7s  (running total 18.3s)  Her family hasn't sold the house yet. It's be
    footage[b05]: pexels #36624746 (25s) <- 'house window curtain morning light'
  b05/5  5.0s  (running total 23.3s)  This morning, out of habit, I looked at her w

=> C:\Users\Mamun\fb-ig-automation\images\suspense_reels_content3\sa_d8_s3_neighbor_wave.mp4  total narration ~23.3s
  queued sa_d8_s3_neighbor_wave for 2026-08-18T15:00:00+00:00

=== building sa_d8_lf_the_waiting_room (28 beats) ===
    footage[clinic_waiting]: pexels #6998653 (51s) <- 'medical clinic waiting room night'
  b01/28  7.4s  (running total 7.4s)  I work the night shift at a small medical cli
    footage[corner_chair]: pexels #6998652 (35s) <- 'empty chair waiting room dark'
  b02/28  4.8s  (running total 12.2s)  An older man. Always sitting in the same corn
    footage[person_waiting]: pexels #7251409 (26s) <- 'person sitting waiting room quiet'
  b03/28  4.3s  (running total 16.5s)  I assumed he was waiting for a family member.
    footage[clinic_hallway]: pexels #36138611 (24s) <- 'clinic hallway night empty quiet'
  b04/28  5.2s  (running total 21.7s)  After a few weeks, I realized he was there ev
    footage[person_talking_clinic]: pexels #6998337 (31s) <- 'person talking clinic waiting room'
  b05/28  4.3s  (running total 26.0s)  I asked him once if he needed help with anyth
    footage[smiling_waiting]: pexels #10596003 (32s) <- 'person smiling waiting room dark'
  b06/28  5.1s  (running total 31.1s)  He just smiled and said he was waiting for hi
    footage[clinic_desk]: pexels #6998341 (53s) <- 'clinic front desk empty night'
  b07/28  4.8s  (running total 35.9s)  We don't call names after hours. There's no o
    footage[office_computer_clinic]: pexels #31664018 (35s) <- 'office computer records dark night'
  b08/28  3.8s  (running total 39.7s)  I checked our patient records for his name.
  b09/28  4.4s  (running total 44.1s)  Nothing. No record of him ever being a patien
    footage[staff_talking]: pexels #6998323 (24s) <- 'medical staff talking hallway day'
  b10/28  3.6s  (running total 47.7s)  I asked the day shift staff about him.
  b11/28  4.7s  (running total 52.4s)  None of them had ever seen him. He's only the
    footage[nurse_thinking]: pexels #7659141 (22s) <- 'nurse thinking serious hospital'
  b12/28  4.2s  (running total 56.6s)  One older nurse paused when I described him.
    footage[nurse_talking]: pexels #6011421 (24s) <- 'nurse talking serious hospital hallway'
  b13/28  4.7s  (running total 61.3s)  She asked me to describe exactly what he was 
    footage[old_newspaper]: pexels #7601538 (25s) <- 'old newspaper folded closeup'
  b14/28  5.2s  (running total 66.4s)  A gray coat. A folded newspaper. Always in hi
  b15/28  5.1s  (running total 71.5s)  She went quiet and told me about a patient fr
  b16/28  4.0s  (running total 75.5s)  A man who collapsed in that same waiting room
  b17/28  4.3s  (running total 79.8s)  Staff were busy. He waited too long to be see
  b18/28  4.2s  (running total 84.1s)  By the time someone checked on him, it was to
  b19/28  4.5s  (running total 88.6s)  Same coat. Same newspaper. Same corner chair.
    footage[sitting_near]: pexels #7214680 (5s) <- 'person sitting near stranger quiet'
  b20/28  4.1s  (running total 92.7s)  That night, I worked up the nerve to sit near
  b21/28  4.0s  (running total 96.8s)  I asked what name he was waiting to hear.
    footage[staring_closeup]: pexels #30157094 (60s) <- 'person staring closeup dark waiting room'
  b22/28  4.1s  (running total 100.9s)  He looked at me, for the first time, directly
    footage[person_serious_clinic]: pexels #5356607 (27s) <- 'person talking serious quiet clinic'
  b23/28  3.7s  (running total 104.6s)  They never called it, he said quietly.
  b24/28  3.4s  (running total 108.0s)  I'm still waiting for them to call it.
    footage[person_nodding]: pexels #30157094 (60s) <- 'person quiet nodding dark clinic'
  b25/28  3.9s  (running total 111.8s)  I didn't know what to say. I just nodded.
  b26/28  5.2s  (running total 117.0s)  The next night, for the first time in weeks, 
  b27/28  5.0s  (running total 122.0s)  I almost felt relieved. Then the intercom cra
  b28/28  5.2s  (running total 127.1s)  A name I didn't recognize came through the sp

=> C:\Users\Mamun\fb-ig-automation\images\suspense_reels_content3\sa_d8_lf_the_waiting_room.mp4  total narration ~127.1s
  queued sa_d8_lf_the_waiting_room for 2026-08-18T18:00:00+00:00

=== building sa_d9_s1_step_counter (5 beats) ===
    footage[b01]: pexels #36791028 (20s) <- 'smartwatch screen wrist dark'
  b01/5  4.8s  (running total 4.8s)  My smartwatch said I walked 6,000 steps overn
    footage[b02]: pexels #28048582 (16s) <- 'smartwatch charging nightstand dark'
  b02/5  4.7s  (running total 9.6s)  I was asleep. The watch was charging on my ni
    footage[b03]: pexels #17138230 (14s) <- 'smartwatch closeup charging dark'
  b03/5  4.3s  (running total 13.9s)  It couldn't have counted steps while sitting 
    footage[b04]: pexels #38410499 (27s) <- 'phone map app dark screen'
  b04/5  4.0s  (running total 17.9s)  I checked the route map out of curiosity.
    footage[b05]: pexels #10584958 (9s) <- 'house exterior night dark walking'
  b05/5  4.9s  (running total 22.8s)  It traced a perfect loop around the outside o

=> C:\Users\Mamun\fb-ig-automation\images\suspense_reels_content3\sa_d9_s1_step_counter.mp4  total narration ~22.8s
  queued sa_d9_s1_step_counter for 2026-08-19T00:00:00+00:00

=== building sa_d9_s2_baby_monitor_static (5 beats) ===
    footage[b01]: pexels #7676991 (27s) <- 'baby monitor static dark room'
  b01/5  5.4s  (running total 5.4s)  The baby monitor picks up static every night 
    footage[b02]: pexels #5955644 (29s) <- 'baby monitor screen glow dark'
  b02/5  5.1s  (running total 10.5s)  We assumed it was interference. Another devic
    footage[b03]: pexels #30157094 (60s) <- 'person listening headphones dark room'
  b03/5  4.0s  (running total 14.5s)  Tonight, I listened closer through headphones
    footage[b04]: pexels #7884191 (24s) <- 'dark nursery crib quiet night'
  b04/5  5.1s  (running total 19.6s)  Underneath the static, faint, someone humming
    footage[b05]: pexels #30157094 (60s) <- 'baby monitor dark room night'
  b05/5  3.5s  (running total 23.1s)  Not one I've ever sung to my baby.

=> C:\Users\Mamun\fb-ig-automation\images\suspense_reels_content3\sa_d9_s2_baby_monitor_static.mp4  total narration ~23.1s
  queued sa_d9_s2_baby_monitor_static for 2026-08-19T06:00:00+00:00

=== building sa_d9_s3_locked_car (5 beats) ===
    footage[b01]: pexels #34279670 (25s) <- 'car locking driveway night'
  b01/5  4.4s  (running total 4.4s)  I locked my car in the driveway. I checked tw
    footage[b02]: pexels #5777434 (4s) <- 'car interior seat dark morning'
  b02/5  4.8s  (running total 9.2s)  This morning, the driver's seat was adjusted 
    footage[b03]: pexels #36067579 (24s) <- 'car seat steering wheel closeup'
  b03/5  4.5s  (running total 13.8s)  Pulled forward. Much closer to the wheel than
    footage[b04]: pexels #37629113 (24s) <- 'car door handle locked closeup'
  b04/5  4.8s  (running total 18.6s)  Nothing was stolen. Doors were still locked w
    footage[b05]: pexels #29484561 (9s) <- 'car rearview mirror dark closeup'
  b05/5  4.8s  (running total 23.5s)  The mirror was also adjusted, angled toward t

=> C:\Users\Mamun\fb-ig-automation\images\suspense_reels_content3\sa_d9_s3_locked_car.mp4  total narration ~23.5s
  queued sa_d9_s3_locked_car for 2026-08-19T15:00:00+00:00

=== building sa_d9_lf_the_babysitter_note (28 beats) ===
    footage[house_evening]: pexels #28830472 (39s) <- 'house exterior evening porch light'
  b01/28  5.8s  (running total 5.8s)  I babysit for a family down the street. The k
    footage[basement_door]: pexels #28703129 (15s) <- 'basement door closeup dark house'
  b02/28  3.7s  (running total 9.5s)  They said it came from under the basement doo
    footage[children_playing]: pexels #6949739 (13s) <- 'children playing living room evening'
  b03/28  4.5s  (running total 14.0s)  I laughed it off, assuming they'd written it 
    footage[handwritten_note]: pexels #34719380 (25s) <- 'handwritten note paper closeup dark'
  b04/28  4.1s  (running total 18.1s)  The handwriting wasn't a child's handwriting.
  b05/28  3.2s  (running total 21.4s)  Don't let them go down there tonight.
  b06/28  4.5s  (running total 25.8s)  I checked the basement door. Locked, like alw
    footage[texting_evening]: pexels #7214651 (8s) <- 'person texting phone dark evening'
  b07/28  4.9s  (running total 30.8s)  I texted the parents, asking about the baseme
    footage[phone_text_msg]: pexels #7279035 (26s) <- 'phone screen text message dark'
  b08/28  4.2s  (running total 35.0s)  They said it was just storage. Nothing down t
    footage[children_quiet]: pexels #8087077 (24s) <- 'children quiet living room worried'
  b09/28  4.4s  (running total 39.4s)  The kids got quiet when I mentioned the note 
    footage[child_talking]: pexels #7279743 (23s) <- 'child talking worried living room'
  b10/28  4.8s  (running total 44.2s)  The older one finally said they hear knocking
  b11/28  3.5s  (running total 47.7s)  Every night, around bedtime.
    footage[children_bedroom]: pexels #5955637 (28s) <- 'children bedroom night tucked in'
  b12/28  4.7s  (running total 52.3s)  I put them to bed early, telling myself it wa
    footage[listening_worried]: pexels #7279031 (30s) <- 'person listening worried dark house'
  b13/28  4.3s  (running total 56.7s)  Around 9, I heard it too. Faint. Rhythmic.
  b14/28  3.2s  (running total 59.9s)  Coming from under the basement door.
    footage[standing_still_house]: pexels #19436907 (25s) <- 'person standing still hallway dark'
  b15/28  3.8s  (running total 63.7s)  I stood there a long time, not moving.
    footage[note_sliding]: pexels #28703129 (15s) <- 'note sliding under door dark'
  b16/28  3.8s  (running total 67.5s)  Another note slid out from under the door.
  b17/28  3.5s  (running total 71.0s)  They're asleep. Good. Don't wake them.
    footage[phone_call_house]: pexels #7277930 (42s) <- 'person phone call worried house night'
  b18/28  4.8s  (running total 75.8s)  I backed away from the door and called the pa
    footage[phone_unanswered_calls]: pexels #6611940 (34s) <- 'phone unanswered calls screen dark'
  b19/28  4.3s  (running total 80.1s)  They didn't answer. I called again. Still not
  b20/28  3.0s  (running total 83.1s)  The knocking stopped suddenly.
    footage[dark_staircase]: pexels #4727655 (34s) <- 'dark staircase house night'
  b21/28  3.9s  (running total 87.1s)  Then, footsteps. On the basement stairs.
  b22/28  3.4s  (running total 90.5s)  Slow. Getting closer to the door.
    footage[carrying_child]: pexels #28699324 (17s) <- 'person carrying child leaving house night'
  b23/28  4.8s  (running total 95.2s)  I grabbed the kids, still half asleep, and le
    footage[porch_waiting]: pexels #28830472 (39s) <- 'porch waiting night house light'
  b24/28  4.2s  (running total 99.4s)  We waited on the porch until the parents got 
    footage[parents_arriving]: pexels #5330446 (29s) <- 'parents arriving home night worried'
  b25/28  3.8s  (running total 103.2s)  When they arrived, I told them everything.
    footage[walking_basement]: pexels #7681929 (29s) <- 'person walking basement door serious'
  b26/28  4.3s  (running total 107.6s)  The father went pale and walked straight to t
    footage[quiet_upstairs]: pexels #38238954 (36s) <- 'person quiet serious walking upstairs'
  b27/28  4.2s  (running total 111.8s)  He came back up a few minutes later, saying n
    footage[house_night_quiet]: pexels #11630917 (10s) <- 'house exterior night dark quiet'
  b28/28  4.0s  (running total 115.8s)  They never asked me to babysit for them again

=> C:\Users\Mamun\fb-ig-automation\images\suspense_reels_content3\sa_d9_lf_the_babysitter_note.mp4  total narration ~115.8s
  queued sa_d9_lf_the_babysitter_note for 2026-08-19T18:00:00+00:00

queued 12 new items
