
=== building sa_d13_s1_alarm_clock (5 beats) ===
    footage[b01]: pexels #28048582 (16s) <- 'alarm clock nightstand dark night'
  b01/5  5.5s  (running total 5.5s)  My alarm clock went off at 3:33 AM, unset.
    footage[b02]: pexels #7593905 (10s) <- 'alarm clock closeup dark bedroom'
  b02/5  4.3s  (running total 9.7s)  I don't set alarms for the middle of the nigh
    footage[b03]: pexels #30309470 (13s) <- 'person checking clock dark bedroom'
  b03/5  4.3s  (running total 14.0s)  I checked the settings. No alarm was schedule
    footage[b04]: pexels #7034348 (20s) <- 'alarm clock ringing dark night'
  b04/5  4.7s  (running total 18.7s)  It happened again the next night. Same exact 
    footage[b05]: pexels #7279741 (23s) <- 'person awake dark bedroom night'
  b05/5  4.3s  (running total 23.0s)  On the third night, I stayed awake waiting fo

=> C:\Users\Mamun\fb-ig-automation\images\suspense_reels_content5\sa_d13_s1_alarm_clock.mp4  total narration ~23.0s
  queued sa_d13_s1_alarm_clock for 2026-08-23T00:00:00+00:00

=== building sa_d13_s2_missed_call (5 beats) ===
    footage[b01]: pexels #38410501 (21s) <- 'phone missed call screen dark'
  b01/5  5.0s  (running total 5.0s)  I had a missed call from my landline. I don't
    footage[b02]: pexels #7279738 (25s) <- 'old landline phone dusty dark'
  b02/5  5.0s  (running total 9.9s)  The house did have one, decades ago, before I
    footage[b03]: pexels #7830745 (35s) <- 'old phone jack wall closeup'
  b03/5  4.4s  (running total 14.3s)  It was disconnected years before I bought the
    footage[b04]: pexels #8064135 (18s) <- 'basement boxes dusty old dark'
  b04/5  4.2s  (running total 18.5s)  I found the old phone still boxed in the base
    footage[b05]: pexels #16657124 (14s) <- 'old phone cord plugged wall dark'
  b05/5  4.3s  (running total 22.8s)  The cord was plugged in. I never plugged it i

=> C:\Users\Mamun\fb-ig-automation\images\suspense_reels_content5\sa_d13_s2_missed_call.mp4  total narration ~22.8s
  queued sa_d13_s2_missed_call for 2026-08-23T06:00:00+00:00

=== building sa_d13_s3_school_photo (5 beats) ===
    footage[b01]: pexels #32145580 (33s) <- 'old school photo drawer closeup'
  b01/5  5.0s  (running total 5.0s)  I found my old school class photo while clean
    footage[b02]: pexels #5427161 (22s) <- 'old class photo vintage school'
  b02/5  4.6s  (running total 9.6s)  Third grade. I remember every kid in that pho
    footage[b03]: pexels #34760499 (32s) <- 'old photograph vintage closeup dark'
  b03/5  4.7s  (running total 14.2s)  Except the back row. One face I don't recogni
    footage[b04]: pexels #34719380 (25s) <- 'person studying photo serious closeup'
  b04/5  5.3s  (running total 19.5s)  I asked my mom about it. She went quiet, stud
    footage[b05]: pexels #7213872 (17s) <- 'old class photo vintage closeup'
  b05/5  3.5s  (running total 23.0s)  I don't remember him being there either.

=> C:\Users\Mamun\fb-ig-automation\images\suspense_reels_content5\sa_d13_s3_school_photo.mp4  total narration ~23.0s
  queued sa_d13_s3_school_photo for 2026-08-23T15:00:00+00:00

=== building sa_d13_lf_the_online_seller (28 beats) ===
    footage[old_chair_furniture]: pexels #9581318 (196s) <- 'old chair furniture living room'
  b01/28  7.1s  (running total 7.1s)  I sell furniture online as a side hustle. A b
    footage[rocking_chair]: pexels #11487518 (40s) <- 'rocking chair porch dark evening'
  b02/28  4.8s  (running total 11.9s)  An old rocking chair I'd picked up from an es
    footage[phone_messaging]: pexels #38410498 (32s) <- 'phone messaging app screen dark'
  b03/28  5.5s  (running total 17.5s)  The buyer messaged constantly, asking oddly s
    footage[confused_reading]: pexels #7277919 (57s) <- 'person reading phone confused dark'
  b04/28  5.1s  (running total 22.6s)  Not about condition. About whether it still c
    footage[chair_creak]: pexels #38053794 (58s) <- 'rocking chair creaking closeup dark'
  b05/28  5.8s  (running total 28.4s)  I found that an odd question but answered hon
    footage[dark_living_chair]: pexels #38879271 (27s) <- 'dark living room evening chair'
  b06/28  4.3s  (running total 32.7s)  They asked if I'd tested it at night, specifi
    footage[confused_phone]: pexels #7277930 (42s) <- 'person confused phone messaging dark'
  b07/28  4.2s  (running total 36.9s)  I said I hadn't, genuinely confused now.
    footage[phone_text_dark]: pexels #7279035 (26s) <- 'phone screen text message dark'
  b08/28  3.1s  (running total 40.0s)  You should. Before you sell it.
    footage[chair_night_setup]: pexels #17865323 (10s) <- 'rocking chair living room night'
  b09/28  4.6s  (running total 44.6s)  Curious, unsettled, I set the chair up that n
    footage[sitting_watching]: pexels #19327088 (23s) <- 'person sitting dark room watching'
  b10/28  4.4s  (running total 49.0s)  I turned off the lights and sat nearby, watch
    footage[chair_rocking]: pexels #11512714 (33s) <- 'rocking chair moving dark empty'
  b11/28  4.4s  (running total 53.4s)  Around midnight, it started rocking on its ow
  b12/28  4.2s  (running total 57.6s)  Slow. Steady. No draft, no vibration.
  b13/28  4.4s  (running total 62.1s)  The creak was exactly what the buyer describe
    footage[texting_urgent]: pexels #6611940 (34s) <- 'person texting urgent dark phone'
  b14/28  4.4s  (running total 66.4s)  I messaged them immediately, asking how they 
    footage[phone_waiting_dark]: pexels #6611940 (34s) <- 'phone screen waiting dark room'
  b15/28  3.4s  (running total 69.9s)  They took a long time to respond.
  b16/28  4.5s  (running total 74.4s)  That chair belonged to my mother, they finall
  b17/28  4.4s  (running total 78.8s)  She used to rock in it every night, until she
  b18/28  4.3s  (running total 83.1s)  The estate sale sold it before I could stop i
  b19/28  4.1s  (running total 87.2s)  I just wanted to know if she was still using 
    footage[sitting_thinking_phone]: pexels #7277930 (42s) <- 'person sitting phone thinking dark'
  b20/28  4.0s  (running total 91.2s)  I sat with that message for a long time.
    footage[typing_phone_dark]: pexels #6611940 (34s) <- 'person typing phone dark room'
  b21/28  4.5s  (running total 95.7s)  I offered to just give the chair back to them
  b22/28  3.5s  (running total 99.1s)  She's happy where she is now, they wrote.
  b23/28  3.8s  (running total 102.9s)  Just take care of it. She likes company.
    footage[phone_unanswered_dark]: pexels #6611940 (34s) <- 'phone screen unanswered dark'
  b24/28  3.9s  (running total 106.9s)  They stopped responding after that message.
    footage[phone_app_empty]: pexels #38410498 (32s) <- 'phone app screen empty dark'
  b25/28  4.6s  (running total 111.5s)  The account disappeared from the marketplace 
    footage[chair_evening]: pexels #38120476 (20s) <- 'rocking chair living room evening'
  b26/28  4.5s  (running total 116.0s)  I still have the chair. I never listed it aga
    footage[chair_dark_room]: pexels #30157094 (60s) <- 'rocking chair dark room night'
  b27/28  4.1s  (running total 120.1s)  Some nights, I still hear it creaking, faintl
    footage[empty_living_chair]: pexels #38879271 (27s) <- 'empty living room dark night chair'
  b28/28  4.6s  (running total 124.7s)  I've started leaving the room to give her som

=> C:\Users\Mamun\fb-ig-automation\images\suspense_reels_content5\sa_d13_lf_the_online_seller.mp4  total narration ~124.7s
  queued sa_d13_lf_the_online_seller for 2026-08-23T18:00:00+00:00

=== building sa_d14_s1_locked_screen (5 beats) ===
    footage[b01]: pexels #38410498 (32s) <- 'phone face unlock screen dark'
  b01/5  5.7s  (running total 5.7s)  My phone unlocked itself with my face while i
    footage[b02]: pexels #35088454 (83s) <- 'phone camera closeup dark face'
  b02/5  5.2s  (running total 10.9s)  Face ID needs a face looking directly at the 
    footage[b03]: pexels #7279738 (25s) <- 'phone pocket dark closeup'
  b03/5  4.6s  (running total 15.5s)  In my pocket, facing down, that's not possibl
    footage[b04]: pexels #30718267 (5s) <- 'phone screen settings dark app'
  b04/5  5.1s  (running total 20.6s)  I checked the unlock history. Unlocked for fo
    footage[b05]: pexels #6611940 (34s) <- 'phone screen glow dark pocket'
  b05/5  3.4s  (running total 24.0s)  It was just sitting there, unlocked.

=> C:\Users\Mamun\fb-ig-automation\images\suspense_reels_content5\sa_d14_s1_locked_screen.mp4  total narration ~24.0s
  queued sa_d14_s1_locked_screen for 2026-08-24T00:00:00+00:00

=== building sa_d14_s2_house_key (5 beats) ===
    footage[b01]: pexels #31679132 (26s) <- 'house keys keyring closeup dark'
  b01/5  4.2s  (running total 4.2s)  I found an extra house key on my keyring toda
    footage[b02]: pexels #34993441 (26s) <- 'keys hand closeup counting'
  b02/5  4.7s  (running total 9.0s)  I only made two copies, ever. Both accounted 
    footage[b03]: pexels #4727543 (34s) <- 'old key worn closeup dark'
  b03/5  4.3s  (running total 13.3s)  This one was older. Worn down at the edges.
    footage[b04]: pexels #12183252 (29s) <- 'key door lock closeup dark'
  b04/5  4.2s  (running total 17.5s)  I tried it in my front door out of curiosity.
    footage[b05]: pexels #12183252 (29s) <- 'front door lock closeup night'
  b05/5  4.2s  (running total 21.8s)  It worked perfectly. Better than mine, even.

=> C:\Users\Mamun\fb-ig-automation\images\suspense_reels_content5\sa_d14_s2_house_key.mp4  total narration ~21.8s
  queued sa_d14_s2_house_key for 2026-08-24T06:00:00+00:00

=== building sa_d14_s3_shared_location (5 beats) ===
    footage[b01]: pexels #38410499 (27s) <- 'phone map app location dark'
  b01/5  5.0s  (running total 5.0s)  My phone's shared location shows a friend nea
    footage[b02]: pexels #5834558 (15s) <- 'phone map pin location dark screen'
  b02/5  4.5s  (running total 9.5s)  She's been sharing her location with me for o
    footage[b03]: pexels #38410499 (27s) <- 'phone screen map dark app night'
  b03/5  3.9s  (running total 13.4s)  She's supposed to be out of the country right
    footage[b04]: pexels #7277930 (42s) <- 'person texting phone confused dark'
  b04/5  5.0s  (running total 18.4s)  I texted her. She said she's still traveling,
    footage[b05]: pexels #10584958 (9s) <- 'house exterior night dark street'
  b05/5  5.6s  (running total 24.0s)  Her location on the map hasn't moved from out

=> C:\Users\Mamun\fb-ig-automation\images\suspense_reels_content5\sa_d14_s3_shared_location.mp4  total narration ~24.0s
  queued sa_d14_s3_shared_location for 2026-08-24T15:00:00+00:00

=== building sa_d14_lf_the_wellness_check (26 beats) ===
    footage[overflowing_mailbox]: pexels #6994935 (30s) <- 'mailbox overflowing letters house'
  b01/26  6.2s  (running total 6.2s)  I'm a mail carrier. A resident on my route ha
    footage[mail_carrier]: pexels #20204787 (18s) <- 'mail carrier walking street day'
  b02/26  6.1s  (running total 12.4s)  Her mailbox was overflowing. I reported it, a
    footage[police_car_house]: pexels #12696359 (19s) <- 'police car house day quiet'
  b03/26  5.7s  (running total 18.1s)  Police did a wellness check. She wasn't home.
    footage[house_day_empty]: pexels #38880375 (26s) <- 'house exterior day quiet empty'
  b04/26  4.1s  (running total 22.2s)  They assumed she'd traveled and cleared the c
    footage[delivering_mail]: pexels #6994936 (23s) <- 'mail carrier delivering letters door'
  b05/26  4.9s  (running total 27.1s)  I kept delivering her mail out of habit, pili
    footage[empty_mailbox]: pexels #35963833 (47s) <- 'empty mailbox closeup day'
  b06/26  4.5s  (running total 31.5s)  A month later, the mailbox was suddenly empty
    footage[mailbox_night]: pexels #11630917 (10s) <- 'mailbox house night dark quiet'
  b07/26  4.2s  (running total 35.7s)  All of it, collected overnight, all at once.
    footage[house_relieved]: pexels #28830472 (39s) <- 'house exterior day relieved quiet'
  b08/26  4.7s  (running total 40.5s)  I was relieved, assuming she'd finally return
  b09/26  4.4s  (running total 44.8s)  The next day, new mail piled up again, untouc
    footage[talking_neighbor]: pexels #8126377 (13s) <- 'person talking neighbor street day'
  b10/26  4.6s  (running total 49.4s)  I mentioned it to a neighbor on the route, ou
    footage[serious_porch]: pexels #37253815 (37s) <- 'person serious talking porch day'
  b11/26  4.2s  (running total 53.7s)  The neighbor went pale and asked me to sit do
    footage[somber_talking]: pexels #13437601 (40s) <- 'person somber talking day quiet'
  b12/26  5.3s  (running total 59.0s)  She told me the resident had passed away, wee
    footage[house_somber]: pexels #28830472 (39s) <- 'house exterior day quiet somber'
  b13/26  5.0s  (running total 64.1s)  Found by a family member, quietly, no public 
    footage[mailbox_house_day]: pexels #38731253 (26s) <- 'mailbox house day quiet'
  b14/26  4.7s  (running total 68.7s)  The family hadn't updated the mail forwarding
    footage[mailbox_house_night]: pexels #11630917 (10s) <- 'mailbox house night dark'
  b15/26  5.3s  (running total 74.1s)  That explained the overflow. But not who coll
    footage[talking_serious_porch]: pexels #37253815 (37s) <- 'person talking serious porch day'
  b16/26  4.1s  (running total 78.2s)  I asked if anyone had a key to the house stil
    footage[locksmith_day]: pexels #6406030 (56s) <- 'locksmith door lock change day'
  b17/26  4.8s  (running total 83.0s)  The neighbor said the family had changed the 
    footage[front_door_lock]: pexels #12183252 (29s) <- 'front door lock closeup day'
  b18/26  3.4s  (running total 86.4s)  No one should have been able to get in.
    footage[for_sale_sign]: pexels #7817049 (45s) <- 'house for sale sign yard day'
  b19/26  4.2s  (running total 90.6s)  The house is for sale now, listed a week ago.
    footage[mail_carrier_quiet]: pexels #34802796 (22s) <- 'mail carrier walking street day quiet'
  b20/26  4.6s  (running total 95.2s)  I still deliver mail to that address occasion
    footage[mailbox_empty_quiet]: pexels #35963833 (47s) <- 'mailbox house day empty quiet'
  b21/26  5.5s  (running total 100.7s)  Real estate flyers, mostly. Junk mail for an 
    footage[mailbox_flag]: pexels #36073614 (56s) <- 'mailbox flag up closeup day'
  b22/26  4.4s  (running total 105.1s)  Yesterday, I noticed the mailbox flag was up.
  b23/26  4.8s  (running total 110.0s)  Outgoing mail. But the house is supposed to b
    footage[opening_mailbox]: pexels #8292927 (21s) <- 'person opening mailbox day closeup'
  b24/26  5.6s  (running total 115.5s)  I opened it, following protocol, to collect t
    footage[envelope_addressed]: pexels #7362695 (21s) <- 'envelope closeup addressed day'
  b25/26  5.0s  (running total 120.5s)  One envelope. No stamp. Addressed to me, by n
    footage[mail_bag]: pexels #28847540 (59s) <- 'mail bag closeup day quiet'
  b26/26  4.3s  (running total 124.8s)  I haven't opened it yet. It's still in my bag

=> C:\Users\Mamun\fb-ig-automation\images\suspense_reels_content5\sa_d14_lf_the_wellness_check.mp4  total narration ~124.8s
  queued sa_d14_lf_the_wellness_check for 2026-08-24T18:00:00+00:00

=== building sa_d15_s1_streetlight (5 beats) ===
    footage[b01]: pexels #36088577 (52s) <- 'streetlight flickering night dark'
  b01/5  5.2s  (running total 5.2s)  The streetlight outside my house flickers onl
    footage[b02]: pexels #26617030 (56s) <- 'streetlight night empty street dark'
  b02/5  5.3s  (running total 10.4s)  My roommate never notices it. Only happens on
    footage[b03]: pexels #35772987 (56s) <- 'person watching window night dark'
  b03/5  4.2s  (running total 14.7s)  I tested it. Stayed up deliberately to watch.
    footage[b04]: pexels #1494867 (44s) <- 'streetlight flickering closeup dark'
  b04/5  3.5s  (running total 18.2s)  It flickered the second I looked at it.
    footage[b05]: pexels #26617030 (56s) <- 'streetlight night dark empty street'
  b05/5  3.5s  (running total 21.8s)  Three short, three long, three short.

=> C:\Users\Mamun\fb-ig-automation\images\suspense_reels_content5\sa_d15_s1_streetlight.mp4  total narration ~21.8s
  queued sa_d15_s1_streetlight for 2026-08-25T00:00:00+00:00

=== building sa_d15_s2_missing_photo (5 beats) ===
    footage[b01]: pexels #38410499 (27s) <- 'phone photos gallery screen dark'
  b01/5  4.4s  (running total 4.4s)  A photo is missing from my phone's camera rol
    footage[b02]: pexels #38410498 (32s) <- 'phone gallery app screen dark'
  b02/5  5.4s  (running total 9.8s)  Not deleted by me. I checked the recently del
    footage[b03]: pexels #38410498 (32s) <- 'phone screen empty gallery dark'
  b03/5  4.9s  (running total 14.7s)  Not there either. Just gone. No trace it exis
    footage[b04]: pexels #36601677 (23s) <- 'dark bedroom night quiet empty'
  b04/5  5.5s  (running total 20.2s)  I remember what it was of: my bedroom, taken 
    footage[b05]: pexels #12133653 (6s) <- 'bedroom mirror dark night reflection'
  b05/5  4.8s  (running total 25.0s)  There was something in the mirror I hadn't no

=> C:\Users\Mamun\fb-ig-automation\images\suspense_reels_content5\sa_d15_s2_missing_photo.mp4  total narration ~25.0s
  queued sa_d15_s2_missing_photo for 2026-08-25T06:00:00+00:00

=== building sa_d15_s3_neighbor_lights (5 beats) ===
    footage[b01]: pexels #5614724 (12s) <- 'dark house night empty vacation'
  b01/5  5.2s  (running total 5.2s)  My neighbor's house has been dark for a month
    footage[b02]: pexels #11630917 (10s) <- 'house lights turning on night'
  b02/5  3.8s  (running total 9.0s)  Tonight, every light turned on at once.
    footage[b03]: pexels #7214644 (11s) <- 'person texting phone dark night'
  b03/5  4.3s  (running total 13.3s)  I texted them to ask if they'd come home earl
    footage[b04]: pexels #7279035 (26s) <- 'phone screen text message dark'
  b04/5  4.9s  (running total 18.2s)  They said no, still away, and asked me to che
    footage[b05]: pexels #34466485 (29s) <- 'house front door night dark'
  b05/5  4.4s  (running total 22.6s)  Every light turned off the moment I reached t

=> C:\Users\Mamun\fb-ig-automation\images\suspense_reels_content5\sa_d15_s3_neighbor_lights.mp4  total narration ~22.6s
  queued sa_d15_s3_neighbor_lights for 2026-08-25T15:00:00+00:00

=== building sa_d15_lf_the_video_game (27 beats) ===
    footage[game_console]: pexels #32025592 (29s) <- 'video game console dark room glow'
  b01/27  6.8s  (running total 6.8s)  I bought a used game console from an online l
    footage[tv_glow_gaming]: pexels #32025592 (29s) <- 'tv screen glow dark room gaming'
  b02/27  5.0s  (running total 11.8s)  I meant to delete it but got curious and load
    footage[game_controller]: pexels #8128419 (15s) <- 'game controller dark room glow'
  b03/27  6.3s  (running total 18.1s)  A horror game I'd never heard of. No box, no 
    footage[tv_screen_game]: pexels #32025592 (29s) <- 'tv screen game dark glow night'
  b04/27  3.8s  (running total 21.9s)  The save was near the very end of the game.
    footage[playing_game]: pexels #32025592 (29s) <- 'person playing video game dark room'
  b05/27  4.8s  (running total 26.8s)  I played from there, telling myself I'd start
    footage[game_house_interior]: pexels #4077539 (19s) <- 'dark house game interior glow'
  b06/27  4.6s  (running total 31.4s)  The game was set in a house eerily similar to
    footage[game_living_room]: pexels #7668157 (24s) <- 'dark living room game glow night'
  b07/27  4.6s  (running total 36.0s)  Same layout. Same furniture, almost exactly.
    footage[playing_game_glow]: pexels #32025592 (29s) <- 'person playing game dark room glow'
  b08/27  5.0s  (running total 41.0s)  I told myself it was a coincidence. A common 
    footage[game_note]: pexels #34993441 (26s) <- 'game note paper closeup dark'
  b09/27  5.7s  (running total 46.6s)  The final level required finding hidden notes
    footage[house_corner]: pexels #10584958 (9s) <- 'dark house corner closeup night'
  b10/27  4.6s  (running total 51.2s)  Each note matched a real spot in my actual ho
    footage[checking_corner]: pexels #35782210 (27s) <- 'person checking corner flashlight dark'
  b11/27  5.0s  (running total 56.2s)  Out of unease, I checked those exact spots in
    footage[relieved_dark]: pexels #30157094 (60s) <- 'person relieved dark room night'
  b12/27  4.8s  (running total 61.0s)  Nothing there. Obviously. I felt silly for ch
  b13/27  3.5s  (running total 64.5s)  I went back to finish the final level.
    footage[game_mirror]: pexels #12133653 (6s) <- 'bedroom mirror dark game glow'
  b14/27  5.0s  (running total 69.5s)  The last note in the game was hidden behind a
    footage[real_mirror]: pexels #10855365 (29s) <- 'bedroom mirror dark closeup night'
  b15/27  4.6s  (running total 74.1s)  My bedroom has a mirror in almost that exact 
    footage[walking_bedroom]: pexels #7279741 (23s) <- 'person walking bedroom dark night'
  b16/27  5.0s  (running total 79.2s)  I paused the game and went to check, half-lau
    footage[paper_taped]: pexels #37322216 (20s) <- 'paper taped mirror back closeup dark'
  b17/27  5.5s  (running total 84.6s)  Behind my mirror, taped to the back, was a fo
    footage[holding_paper]: pexels #6615056 (24s) <- 'person holding paper dark bedroom'
  b18/27  4.4s  (running total 89.0s)  I hadn't put it there. I'd never moved that m
    footage[unfolding_paper]: pexels #35517101 (34s) <- 'hands unfolding paper closeup dark'
  b19/27  5.2s  (running total 94.2s)  I unfolded it with shaking hands, not sure wh
    footage[blank_paper]: pexels #34719380 (25s) <- 'blank paper closeup dark hands'
  b20/27  4.5s  (running total 98.8s)  It was blank. Completely blank. On both sides
  b21/27  4.2s  (running total 103.0s)  I went back to the game, finishing the last l
    footage[game_text]: pexels #6611940 (34s) <- 'game text screen glow dark'
  b22/27  2.6s  (running total 105.6s)  Now you've seen it too.
    footage[tv_credits]: pexels #6976215 (8s) <- 'tv screen credits dark glow'
  b23/27  3.9s  (running total 109.5s)  The game ended with no explanation.
    footage[phone_search_game]: pexels #38410501 (21s) <- 'phone search browser screen dark'
  b24/27  4.8s  (running total 114.3s)  I looked up the game online again, more thoro
    footage[phone_no_results]: pexels #6611940 (34s) <- 'phone screen no results dark'
  b25/27  4.8s  (running total 119.1s)  Nothing. No listing. No developer, no release
    footage[console_off]: pexels #32025592 (29s) <- 'game console off dark room'
  b26/27  4.8s  (running total 123.9s)  I turned off the console and haven't turned i
  b27/27  5.2s  (running total 129.1s)  I still have that blank piece of paper. I don

=> C:\Users\Mamun\fb-ig-automation\images\suspense_reels_content5\sa_d15_lf_the_video_game.mp4  total narration ~129.1s
  queued sa_d15_lf_the_video_game for 2026-08-25T18:00:00+00:00

queued 12 new items
