
=== building sa_d4_lf_substitute_teacher (28 beats) ===
  b01: already built, skipping
  b02: already built, skipping
  b03: already built, skipping
  b04: already built, skipping
  b05: already built, skipping
  b06: already built, skipping
  b07: already built, skipping
  b08: already built, skipping
  b09: already built, skipping
  b10: already built, skipping
  b11: already built, skipping
  b12: already built, skipping
  b13: already built, skipping
  b14: already built, skipping
  b15: already built, skipping
  b16: already built, skipping
  b17: already built, skipping
  b18: already built, skipping
  b19/28  4.7s  (running total 93.0s)  None of the students seemed to notice anythin
    footage[teacher_talk]: pexels #8363255 (23s) <- 'teacher classroom talking empty'
  b20/28  5.0s  (running total 98.1s)  After class, I asked him directly how long he
    footage[smiling_closeup]: pexels #8048132 (13s) <- 'person smiling closeup unsettling'
  b21/28  4.9s  (running total 102.9s)  He smiled the exact smile from every yearbook
  b22/28  3.9s  (running total 106.8s)  Long enough to know this building well, he sa
    footage[person_leaving]: pexels #4077522 (12s) <- 'person leaving classroom door'
  b23/28  4.7s  (running total 111.5s)  He gathered his things and left before I coul
  b24/28  4.4s  (running total 115.9s)  I went back to the archive room to return the
  b25/28  4.2s  (running total 120.0s)  On the shelf, I noticed an even older book.
    footage[old_ledger]: pexels #11384843 (15s) <- 'old ledger book dusty writing'
  b26/28  5.0s  (running total 125.0s)  A ledger, from when the school was first buil
  b27/28  6.0s  (running total 131.0s)  A staff roster. One entry, no name. Just: sub
    footage[school_hallway]: pexels #4733676 (54s) <- 'school hallway empty dark evening'
  b28/28  5.6s  (running total 136.6s)  I closed the ledger and didn't sign up to tea

=> C:\Users\Mamun\fb-ig-automation\images\suspense_reels_content2\sa_d4_lf_substitute_teacher.mp4  total narration ~136.6s
  queued sa_d4_lf_substitute_teacher for 2026-08-14T18:00:00+00:00

=== building sa_d5_s1_smart_lock (5 beats) ===
    footage[b01]: pexels #30718267 (5s) <- 'smart lock door app phone'
  b01/5  6.2s  (running total 6.2s)  My smart lock app logged an unlock at 3:14 AM
    footage[b02]: pexels #7214644 (11s) <- 'person sleeping bed dark night'
  b02/5  4.6s  (running total 10.8s)  I was asleep. My partner was asleep beside me
    footage[b03]: pexels #38410498 (32s) <- 'phone app log screen dark'
  b03/5  5.2s  (running total 16.1s)  The log shows unlocked, then locked again fou
    footage[b04]: pexels #3664072 (26s) <- 'front door night empty dark'
  b04/5  5.8s  (running total 21.8s)  No motion on the doorbell camera. No one ente
    footage[b05]: pexels #12183252 (29s) <- 'front door lock closeup night'
  b05/5  3.9s  (running total 25.8s)  The app says it was unlocked from the inside.

=> C:\Users\Mamun\fb-ig-automation\images\suspense_reels_content2\sa_d5_s1_smart_lock.mp4  total narration ~25.8s
  queued sa_d5_s1_smart_lock for 2026-08-15T00:00:00+00:00

=== building sa_d5_s2_wrong_apartment (5 beats) ===
    footage[b01]: pexels #7345197 (21s) <- 'mailbox letters closeup apartment'
  b01/5  6.1s  (running total 6.1s)  Mail keeps arriving for the tenant before me.
    footage[b02]: pexels #6994935 (30s) <- 'person holding mail letters door'
  b02/5  4.0s  (running total 10.1s)  I used to just toss it, assuming a mix-up.
    footage[b03]: pexels #7345049 (19s) <- 'envelope postmark stamp closeup'
  b03/5  4.5s  (running total 14.6s)  Then I noticed the postmarks. Always from thi
    footage[b04]: pexels #17356513 (46s) <- 'envelope address closeup dark'
  b04/5  6.1s  (running total 20.7s)  Never delayed mail. Always current. Always ad
    footage[b05]: pexels #7817153 (23s) <- 'apartment mailbox hallway dark'
  b05/5  5.0s  (running total 25.7s)  Today's letter was postmarked from this build

=> C:\Users\Mamun\fb-ig-automation\images\suspense_reels_content2\sa_d5_s2_wrong_apartment.mp4  total narration ~25.7s
  queued sa_d5_s2_wrong_apartment for 2026-08-15T06:00:00+00:00

=== building sa_d5_s3_video_call_freeze (5 beats) ===
    footage[b01]: pexels #19532053 (19s) <- 'video call laptop screen dark'
  b01/5  3.9s  (running total 3.9s)  My video call froze on an odd frame.
    footage[b02]: pexels #5725851 (30s) <- 'person video call laptop dark room'
  b02/5  3.7s  (running total 7.6s)  My friend wasn't looking at her camera.
    footage[b03]: pexels #32025592 (29s) <- 'person staring worried dark screen'
  b03/5  4.2s  (running total 11.8s)  She was looking past it. At something behind 
    footage[b04]: pexels #7299469 (24s) <- 'person scared face closeup dark'
  b04/5  4.5s  (running total 16.3s)  Her expression wasn't confused. It was afraid
    footage[b05]: pexels #30157094 (60s) <- 'person turning around dark room scared'
  b05/5  4.7s  (running total 21.0s)  The call unfroze. She asked, who's that behin

=> C:\Users\Mamun\fb-ig-automation\images\suspense_reels_content2\sa_d5_s3_video_call_freeze.mp4  total narration ~21.0s
  queued sa_d5_s3_video_call_freeze for 2026-08-15T15:00:00+00:00

=== building sa_d5_lf_late_checkout (28 beats) ===
    footage[cabin_night]: pexels #19960973 (27s) <- 'cabin exterior night forest dark'
  b01/28  6.9s  (running total 6.9s)  I host a small cabin on a short-term rental s
    footage[phone_unanswered]: pexels #19162466 (36s) <- 'phone unanswered calls screen'
  b02/28  5.3s  (running total 12.2s)  Not answering messages. Not answering calls. 
    footage[driving_forest]: pexels #35064512 (58s) <- 'car driving forest road night'
  b03/28  4.0s  (running total 16.2s)  I drove out to check on the cabin myself.
    footage[cabin_driveway]: pexels #4434161 (8s) <- 'cabin driveway empty dark night'
  b04/28  4.5s  (running total 20.7s)  The guest's car was gone. The cabin looked em
    footage[cabin_door]: pexels #12183252 (29s) <- 'cabin door opening dark interior'
  b05/28  5.4s  (running total 26.1s)  I let myself in with my spare key, expecting 
    footage[cabin_interior]: pexels #6570549 (22s) <- 'cabin interior cozy empty night'
  b06/28  4.3s  (running total 30.4s)  It looked fine at first. Tidy. Untouched.
    footage[empty_fridge]: pexels #7525448 (12s) <- 'empty fridge kitchen dark'
  b07/28  4.1s  (running total 34.5s)  But the food in the fridge was gone. All of i
    footage[empty_pantry]: pexels #4487975 (17s) <- 'kitchen pantry empty shelves'
  b08/28  5.0s  (running total 39.5s)  Every can, every box, somehow completely empt
    footage[attic_hatch]: pexels #35457949 (56s) <- 'attic hatch ceiling dark'
  b09/28  4.3s  (running total 43.8s)  I checked the attic access, just out of insti
    footage[attic_open]: pexels #35457949 (56s) <- 'attic hatch ceiling dark open'
  b10/28  4.2s  (running total 48.0s)  It was slightly open. I never leave it open.
    footage[climbing_ladder]: pexels #8426480 (18s) <- 'person climbing ladder flashlight dark'
  b11/28  5.7s  (running total 53.7s)  I climbed up with my phone flashlight, tellin
    footage[attic_interior]: pexels #4160273 (15s) <- 'attic dark cramped insulation'
  b12/28  4.9s  (running total 58.6s)  The attic was cramped. Insulation, boxes, dus
    footage[blanket_nest]: pexels #30157093 (30s) <- 'blankets pile dark corner attic'
  b13/28  4.1s  (running total 62.7s)  And a small nest of blankets in the far corne
    footage[trash_wrappers]: pexels #31834964 (25s) <- 'trash wrappers dark floor closeup'
  b14/28  5.8s  (running total 68.5s)  Food wrappers. Empty cans. A phone charger, p
    footage[climbing_down]: pexels #5916194 (22s) <- 'person climbing down ladder fast'
  b15/28  4.5s  (running total 73.0s)  I backed out of the attic faster than I climb
    footage[car_phone_call]: pexels #3994861 (41s) <- 'person phone call car night worried'
  b16/28  4.2s  (running total 77.2s)  I called the police from my car, not the cabi
    footage[police_search]: pexels #7232004 (18s) <- 'police flashlight searching dark'
  b17/28  3.5s  (running total 80.8s)  They searched the cabin top to bottom.
    footage[cabin_empty]: pexels #35165834 (32s) <- 'empty cabin interior night dark'
  b18/28  4.3s  (running total 85.1s)  No one was there. The guest, the nest, gone.
    footage[police_flashlight]: pexels #7830745 (35s) <- 'police flashlight closeup wall'
  b19/28  3.8s  (running total 88.9s)  But the officer found something I'd missed.
    footage[wood_scratches]: pexels #27970207 (22s) <- 'wood scratches closeup dark'
  b20/28  4.0s  (running total 92.9s)  Scratches on the inside of the attic hatch.
  b21/28  4.3s  (running total 97.2s)  Like someone had been trying to get back in, 
    footage[phone_review]: pexels #6611940 (34s) <- 'phone review screen glow dark'
  b22/28  5.0s  (running total 102.1s)  The guest's review, posted days later, was fi
    footage[phone_text]: pexels #6611940 (34s) <- 'phone screen text review dark'
  b23/28  4.1s  (running total 106.2s)  Cozy place, it read. Felt right at home.
  b24/28  2.8s  (running total 109.0s)  Can't wait to come back.
    footage[locksmith_change]: pexels #12183252 (29s) <- 'locksmith door lock change'
  b25/28  4.0s  (running total 113.1s)  I had the locks changed the following morning
    footage[attic_sealed]: pexels #35457949 (56s) <- 'attic hatch ceiling dark sealed'
  b26/28  3.9s  (running total 117.0s)  I sealed the attic hatch from the outside.
    footage[phone_booking]: pexels #38410498 (32s) <- 'phone booking app screen dark'
  b27/28  4.5s  (running total 121.5s)  But last week, a new booking came in for next
  b28/28  6.2s  (running total 127.7s)  The name on it was different. The message was

=> C:\Users\Mamun\fb-ig-automation\images\suspense_reels_content2\sa_d5_lf_late_checkout.mp4  total narration ~127.7s
  queued sa_d5_lf_late_checkout for 2026-08-15T18:00:00+00:00

=== building sa_d6_s1_parking_spot (5 beats) ===
    footage[b01]: pexels #36747695 (18s) <- 'parked car garage night empty'
  b01/5  5.5s  (running total 5.5s)  The same car has been parked in a reserved sp
    footage[b02]: pexels #36747695 (18s) <- 'empty parking garage dark night'
  b02/5  5.5s  (running total 11.0s)  No owner listed in the building. Never towed.
    footage[b03]: pexels #30825550 (28s) <- 'car hood closeup dark parking'
  b03/5  4.0s  (running total 14.9s)  I walked past it tonight and touched the hood
    footage[b04]: pexels #5787617 (5s) <- 'car engine steam dark night'
  b04/5  3.9s  (running total 18.8s)  It was warm. Like it had just been driven.
    footage[b05]: pexels #4434282 (13s) <- 'dusty car windshield closeup dark'
  b05/5  4.9s  (running total 23.7s)  The dust on the windshield hadn't been distur

=> C:\Users\Mamun\fb-ig-automation\images\suspense_reels_content2\sa_d6_s1_parking_spot.mp4  total narration ~23.7s
  queued sa_d6_s1_parking_spot for 2026-08-16T00:00:00+00:00

=== building sa_d6_s2_babysitting_job (5 beats) ===
    footage[b01]: pexels #28830472 (39s) <- 'house exterior evening porch light'
  b01/5  5.5s  (running total 5.5s)  A new family hired me to babysit. They said t
    footage[b02]: pexels #5384663 (36s) <- 'person sitting living room evening'
  b02/5  4.2s  (running total 9.8s)  Just watch the house for a few hours, they to
    footage[b03]: pexels #7884191 (24s) <- 'nursery crib room dim light'
  b03/5  5.6s  (running total 15.4s)  I found a nursery upstairs. Full crib. Toys. 
    footage[b04]: pexels #16356373 (35s) <- 'phone texting dark room waiting'
  b04/5  5.0s  (running total 20.4s)  I texted them, confused. They didn't reply fo
    footage[b05]: pexels #7279035 (26s) <- 'phone screen text message dark'
  b05/5  3.1s  (running total 23.5s)  Please don't go in there again.

=> C:\Users\Mamun\fb-ig-automation\images\suspense_reels_content2\sa_d6_s2_babysitting_job.mp4  total narration ~23.5s
  queued sa_d6_s2_babysitting_job for 2026-08-16T06:00:00+00:00

=== building sa_d6_s3_text_thread (5 beats) ===
    footage[b01]: pexels #6611940 (34s) <- 'phone texting unknown number dark'
  b01/5  5.0s  (running total 5.0s)  I got a text from a wrong number. I almost di
    footage[b02]: pexels #7277930 (42s) <- 'person phone texting worried dark'
  b02/5  4.1s  (running total 9.1s)  Nice jacket today, it said. I was wearing it.
    footage[b03]: pexels #6611940 (34s) <- 'phone screen waiting dark room'
  b03/5  4.2s  (running total 13.3s)  I asked who this was. No answer for hours.
    footage[b04]: pexels #35772987 (56s) <- 'window blinds night dark room'
  b04/5  2.8s  (running total 16.1s)  You should close your blinds.
    footage[b05]: pexels #35772987 (56s) <- 'person window night dark curtains'
  b05/5  4.4s  (running total 20.5s)  I was standing right next to the window as I 

=> C:\Users\Mamun\fb-ig-automation\images\suspense_reels_content2\sa_d6_s3_text_thread.mp4  total narration ~20.5s
  queued sa_d6_s3_text_thread for 2026-08-16T15:00:00+00:00

=== building sa_d6_lf_family_portrait (28 beats) ===
    footage[family_portrait]: pexels #34760499 (32s) <- 'old family portrait painting wall'
  b01/28  7.4s  (running total 7.4s)  My family has a portrait painted every genera
    footage[painting_frame]: pexels #36190614 (5s) <- 'old painting frame wall dark'
  b02/28  4.4s  (running total 11.8s)  Grandparents, parents, now me and my siblings
    footage[hallway_paintings]: pexels #19436907 (25s) <- 'hallway paintings wall dark old house'
  b03/28  5.3s  (running total 17.1s)  Each portrait hangs in the same hallway, in c
    footage[house_cleaning]: pexels #6195512 (27s) <- 'old house interior cleaning day'
  b04/28  4.8s  (running total 22.0s)  I was helping clean the house after my grandm
    footage[painting_closeup]: pexels #7829853 (30s) <- 'old painting closeup detail'
  b05/28  4.5s  (running total 26.5s)  I looked closely at the portraits for the fir
    footage[painting_bg]: pexels #4727543 (34s) <- 'old painting background figure dark'
  b06/28  4.2s  (running total 30.7s)  Every portrait has a figure in the background
    footage[painting_window]: pexels #35772987 (56s) <- 'old painting window figure dark'
  b07/28  4.7s  (running total 35.4s)  Standing by a window, or a doorway. Always di
    footage[painting_blur]: pexels #4727543 (34s) <- 'old painting detail figure blurred'
  b08/28  4.9s  (running total 40.3s)  I always assumed it was a servant, or a famil
  b09/28  4.9s  (running total 45.2s)  But looking at all six portraits together, si
  b10/28  4.9s  (running total 50.1s)  The figure is in a different position in ever
  b11/28  4.5s  (running total 54.6s)  Always closer to the family than the one befo
    footage[painting_shoulder]: pexels #17107115 (42s) <- 'old painting closeup shoulder dark'
  b12/28  5.4s  (running total 60.0s)  In my grandmother's portrait, it's standing j
    footage[phone_call_worried]: pexels #36149629 (16s) <- 'person phone call worried house'
  b13/28  4.3s  (running total 64.3s)  I called my mother to ask if she'd ever notic
    footage[quiet_thinking]: pexels #7277930 (42s) <- 'person quiet thinking phone dark'
  b14/28  4.2s  (running total 68.5s)  She went quiet for a long moment before answe
    footage[phone_talk_serious]: pexels #7592049 (33s) <- 'person talking phone serious dark'
  b15/28  5.0s  (running total 73.5s)  Every family has someone who notices eventual
  b16/28  5.4s  (running total 78.9s)  The artist insists on painting it exactly as 
    footage[phone_talk_worried]: pexels #7277919 (57s) <- 'person talking phone worried dark'
  b17/28  3.5s  (running total 82.4s)  We just never ask them why, she added.
  b18/28  3.9s  (running total 86.3s)  I asked when the next portrait was scheduled.
  b19/28  4.3s  (running total 90.6s)  My mother went quiet again, longer this time.
  b20/28  4.9s  (running total 95.5s)  Next month, she finally said. For you and you
  b21/28  4.2s  (running total 99.8s)  I went back to look at my grandmother's portr
  b22/28  5.0s  (running total 104.8s)  The figure behind her shoulder was facing for
  b23/28  4.3s  (running total 109.2s)  I was certain it had been turned away, last I
    footage[standing_still]: pexels #19436907 (25s) <- 'person standing still hallway dark'
  b24/28  3.9s  (running total 113.0s)  I stood there for a long time, not moving.
    footage[painting_face]: pexels #7299469 (24s) <- 'old painting face closeup dark'
  b25/28  4.6s  (running total 117.6s)  The face, now visible, was hard to look away 
  b26/28  5.4s  (running total 123.0s)  Not quite anyone I recognized. But not quite 
  b27/28  4.8s  (running total 127.8s)  I left the hallway and didn't tell my sibling
  b28/28  3.9s  (running total 131.7s)  Next month, we sit for our own portrait.

=> C:\Users\Mamun\fb-ig-automation\images\suspense_reels_content2\sa_d6_lf_family_portrait.mp4  total narration ~131.7s
  queued sa_d6_lf_family_portrait for 2026-08-16T18:00:00+00:00

queued 9 new items
